D:/summer_school/mcuxsdk/mcuxsdk/devices/MCX/MCXA/MCXA153/drivers/fsl_clock.h:539:20:CLOCK_EnableClock	32	static
D:/summer_school/mcuxsdk/mcuxsdk/devices/MCX/MCXA/MCXA153/drivers/fsl_reset.h:204:20:RESET_ReleasePeripheralReset	16	static
D:/summer_school/mcuxsdk/mcuxsdk/drivers/port/fsl_port.h:360:20:PORT_SetPinConfig	32	static
C:/Users/victo/Desktop/nxp project/distributed_ecu/frdmmcxa153/led_blinky/pin_mux.c:39:6:BOARD_InitBootPins	8	static
C:/Users/victo/Desktop/nxp project/distributed_ecu/frdmmcxa153/led_blinky/pin_mux.c:78:6:BOARD_InitPins	48	static
