D:/summer_school/mcuxsdk/mcuxsdk/drivers/gpio/fsl_gpio.h:405:20:GPIO_PortToggle	16	static
D:/summer_school/mcuxsdk/mcuxsdk/drivers/lpuart/fsl_lpuart.h:827:23:LPUART_ReadByte	32	static
C:/Users/victo/Desktop/nxp project/distributed_ecu/led_blinky.c:69:6:SysTick_Handler	8	static
C:/Users/victo/Desktop/nxp project/distributed_ecu/led_blinky.c:77:13:console_redraw_prompt	8	static
C:/Users/victo/Desktop/nxp project/distributed_ecu/led_blinky.c:91:13:console_try_read	24	static
C:/Users/victo/Desktop/nxp project/distributed_ecu/led_blinky.c:110:13:console_service	144	static
C:/Users/victo/Desktop/nxp project/distributed_ecu/led_blinky.c:155:13:link_service	280	static
C:/Users/victo/Desktop/nxp project/distributed_ecu/led_blinky.c:171:5:main	8	static
