D:/summer_school/mcuxsdk/mcuxsdk/arch/arm/CMSIS/Core/Include/core_cm33.h:2358:22:__NVIC_EnableIRQ	16	static
D:/summer_school/mcuxsdk/mcuxsdk/arch/arm/CMSIS/Core/Include/core_cm33.h:2555:22:__NVIC_SetPriority	16	static
D:/summer_school/mcuxsdk/mcuxsdk/drivers/common/fsl_common_arm.h:753:24:EnableIRQ	24	static
D:/summer_school/mcuxsdk/mcuxsdk/drivers/lpuart/fsl_lpuart.h:827:23:LPUART_ReadByte	32	static
C:/Users/victo/Desktop/nxp project/distributed_ecu/link.c:96:13:link_isr	32	static
C:/Users/victo/Desktop/nxp project/distributed_ecu/link.c:129:6:LPUART2_IRQHandler	8	static
C:/Users/victo/Desktop/nxp project/distributed_ecu/link.c:134:6:LPUART1_IRQHandler	8	static
C:/Users/victo/Desktop/nxp project/distributed_ecu/link.c:142:6:LINK_Init	56	static
C:/Users/victo/Desktop/nxp project/distributed_ecu/link.c:179:13:link_gw_i2c_init	40	static
C:/Users/victo/Desktop/nxp project/distributed_ecu/link.c:190:13:link_gw_send	176	static
C:/Users/victo/Desktop/nxp project/distributed_ecu/link.c:219:15:link_gw_read	96	static
C:/Users/victo/Desktop/nxp project/distributed_ecu/link.c:273:6:LINK_SendLine	24	static
C:/Users/victo/Desktop/nxp project/distributed_ecu/link.c:292:6:LINK_Broadcast	24	static
C:/Users/victo/Desktop/nxp project/distributed_ecu/link.c:306:13:link_ring_get	16	static
C:/Users/victo/Desktop/nxp project/distributed_ecu/link.c:324:13:link_gw_poll	24	static
C:/Users/victo/Desktop/nxp project/distributed_ecu/link.c:366:6:LINK_PollLine	40	static
C:/Users/victo/Desktop/nxp project/distributed_ecu/link.c:418:10:LINK_GetDroppedCount	16	static
C:/Users/victo/Desktop/nxp project/distributed_ecu/link.c:427:6:LINK_PollByte	16	static
C:/Users/victo/Desktop/nxp project/distributed_ecu/link.c:436:6:LINK_GwOnline	4	static
C:/Users/victo/Desktop/nxp project/distributed_ecu/link.c:441:6:LINK_GwStats	16	static
C:/Users/victo/Desktop/nxp project/distributed_ecu/link.c:447:13:LINK_I2CStatusName	16	static
C:/Users/victo/Desktop/nxp project/distributed_ecu/link.c:470:13:LINK_I2CStatusHint	16	static
C:/Users/victo/Desktop/nxp project/distributed_ecu/link.c:513:13:LINK_GwFailReason	8	static
C:/Users/victo/Desktop/nxp project/distributed_ecu/link.c:518:13:LINK_GwFailHint	8	static
C:/Users/victo/Desktop/nxp project/distributed_ecu/link.c:523:10:LINK_GwRecoveries	4	static
C:/Users/victo/Desktop/nxp project/distributed_ecu/link.c:528:6:LINK_GwResync	8	static
C:/Users/victo/Desktop/nxp project/distributed_ecu/link.c:538:13:LINK_GetName	16	static
