D:/summer_school/mcuxsdk/mcuxsdk/devices/MCX/MCXA/MCXA153/drivers/fsl_clock.h:539:20:CLOCK_EnableClock	32	static
D:/summer_school/mcuxsdk/mcuxsdk/devices/MCX/MCXA/MCXA153/drivers/fsl_clock.c:46:20:CLOCK_IsDivHalt	16	static
D:/summer_school/mcuxsdk/mcuxsdk/devices/MCX/MCXA/MCXA153/drivers/fsl_clock.c:68:6:CLOCK_AttachClk	24	static
D:/summer_school/mcuxsdk/mcuxsdk/devices/MCX/MCXA/MCXA153/drivers/fsl_clock.c:87:19:CLOCK_GetClockAttachId	32	static
D:/summer_school/mcuxsdk/mcuxsdk/devices/MCX/MCXA/MCXA153/drivers/fsl_clock.c:105:6:CLOCK_SetClockSelect	24	static
D:/summer_school/mcuxsdk/mcuxsdk/devices/MCX/MCXA/MCXA153/drivers/fsl_clock.c:130:10:CLOCK_GetClockSelect	24	static
D:/summer_school/mcuxsdk/mcuxsdk/devices/MCX/MCXA/MCXA153/drivers/fsl_clock.c:149:6:CLOCK_SetClockDiv	24	static
D:/summer_school/mcuxsdk/mcuxsdk/devices/MCX/MCXA/MCXA153/drivers/fsl_clock.c:193:10:CLOCK_GetClockDiv	24	static
D:/summer_school/mcuxsdk/mcuxsdk/devices/MCX/MCXA/MCXA153/drivers/fsl_clock.c:209:6:CLOCK_HaltClockDiv	24	static
D:/summer_school/mcuxsdk/mcuxsdk/devices/MCX/MCXA/MCXA153/drivers/fsl_clock.c:224:10:CLOCK_SetupFROHFClocking	24	static
D:/summer_school/mcuxsdk/mcuxsdk/devices/MCX/MCXA/MCXA153/drivers/fsl_clock.c:276:10:CLOCK_SetupFRO12MClocking	4	static
D:/summer_school/mcuxsdk/mcuxsdk/devices/MCX/MCXA/MCXA153/drivers/fsl_clock.c:300:10:CLOCK_SetupFRO16KClocking	16	static
D:/summer_school/mcuxsdk/mcuxsdk/devices/MCX/MCXA/MCXA153/drivers/fsl_clock.c:316:10:CLOCK_SetupExtClocking	24	static
D:/summer_school/mcuxsdk/mcuxsdk/devices/MCX/MCXA/MCXA153/drivers/fsl_clock.c:374:10:CLOCK_SetupExtRefClocking	16	static
D:/summer_school/mcuxsdk/mcuxsdk/devices/MCX/MCXA/MCXA153/drivers/fsl_clock.c:414:10:CLOCK_GetFreq	24	static
D:/summer_school/mcuxsdk/mcuxsdk/devices/MCX/MCXA/MCXA153/drivers/fsl_clock.c:473:17:CLOCK_GetFro12MFreq	4	static
D:/summer_school/mcuxsdk/mcuxsdk/devices/MCX/MCXA/MCXA153/drivers/fsl_clock.c:482:17:CLOCK_GetClk1MFreq	4	static
D:/summer_school/mcuxsdk/mcuxsdk/devices/MCX/MCXA/MCXA153/drivers/fsl_clock.c:491:17:CLOCK_GetFroHfFreq	16	static
D:/summer_school/mcuxsdk/mcuxsdk/devices/MCX/MCXA/MCXA153/drivers/fsl_clock.c:539:17:CLOCK_GetClk48MFreq	4	static
D:/summer_school/mcuxsdk/mcuxsdk/devices/MCX/MCXA/MCXA153/drivers/fsl_clock.c:550:17:CLOCK_GetFRO16KFreq	4	static
D:/summer_school/mcuxsdk/mcuxsdk/devices/MCX/MCXA/MCXA153/drivers/fsl_clock.c:558:17:CLOCK_GetClk16KFreq	16	static
D:/summer_school/mcuxsdk/mcuxsdk/devices/MCX/MCXA/MCXA153/drivers/fsl_clock.c:570:17:CLOCK_GetExtClkFreq	4	static
D:/summer_school/mcuxsdk/mcuxsdk/devices/MCX/MCXA/MCXA153/drivers/fsl_clock.c:579:10:CLOCK_GetMainClk	16	static
D:/summer_school/mcuxsdk/mcuxsdk/devices/MCX/MCXA/MCXA153/drivers/fsl_clock.c:608:10:CLOCK_GetCoreSysClkFreq	8	static
D:/summer_school/mcuxsdk/mcuxsdk/devices/MCX/MCXA/MCXA153/drivers/fsl_clock.c:617:10:CLOCK_GetI3CFClkFreq	24	static
D:/summer_school/mcuxsdk/mcuxsdk/devices/MCX/MCXA/MCXA153/drivers/fsl_clock.c:654:10:CLOCK_GetCTimerClkFreq	32	static
D:/summer_school/mcuxsdk/mcuxsdk/devices/MCX/MCXA/MCXA153/drivers/fsl_clock.c:696:10:CLOCK_GetLpi2cClkFreq	24	static
D:/summer_school/mcuxsdk/mcuxsdk/devices/MCX/MCXA/MCXA153/drivers/fsl_clock.c:732:10:CLOCK_GetLpspiClkFreq	32	static
D:/summer_school/mcuxsdk/mcuxsdk/devices/MCX/MCXA/MCXA153/drivers/fsl_clock.c:768:10:CLOCK_GetLpuartClkFreq	32	static
D:/summer_school/mcuxsdk/mcuxsdk/devices/MCX/MCXA/MCXA153/drivers/fsl_clock.c:809:10:CLOCK_GetLptmrClkFreq	24	static
D:/summer_school/mcuxsdk/mcuxsdk/devices/MCX/MCXA/MCXA153/drivers/fsl_clock.c:845:10:CLOCK_GetOstimerClkFreq	16	static
D:/summer_school/mcuxsdk/mcuxsdk/devices/MCX/MCXA/MCXA153/drivers/fsl_clock.c:869:10:CLOCK_GetAdcClkFreq	24	static
D:/summer_school/mcuxsdk/mcuxsdk/devices/MCX/MCXA/MCXA153/drivers/fsl_clock.c:905:10:CLOCK_GetCmpFClkFreq	32	static
D:/summer_school/mcuxsdk/mcuxsdk/devices/MCX/MCXA/MCXA153/drivers/fsl_clock.c:941:10:CLOCK_GetCmpRRClkFreq	32	static
D:/summer_school/mcuxsdk/mcuxsdk/devices/MCX/MCXA/MCXA153/drivers/fsl_clock.c:977:10:CLOCK_GetTraceClkFreq	24	static
D:/summer_school/mcuxsdk/mcuxsdk/devices/MCX/MCXA/MCXA153/drivers/fsl_clock.c:1010:10:CLOCK_GetClkoutClkFreq	24	static
D:/summer_school/mcuxsdk/mcuxsdk/devices/MCX/MCXA/MCXA153/drivers/fsl_clock.c:1049:10:CLOCK_GetWwdtClkFreq	16	static
D:/summer_school/mcuxsdk/mcuxsdk/devices/MCX/MCXA/MCXA153/drivers/fsl_clock.c:1069:10:CLOCK_FROHFTrimConfig	16	static
D:/summer_school/mcuxsdk/mcuxsdk/devices/MCX/MCXA/MCXA153/drivers/fsl_clock.c:1104:10:CLOCK_FRO12MTrimConfig	16	static
D:/summer_school/mcuxsdk/mcuxsdk/devices/MCX/MCXA/MCXA153/drivers/fsl_clock.c:1143:6:CLOCK_SetSysOscMonitorMode	24	static
D:/summer_school/mcuxsdk/mcuxsdk/devices/MCX/MCXA/MCXA153/drivers/fsl_clock.c:1157:6:CLOCK_EnableUsbfsClock	8	static
