D:/summer_school/mcuxsdk/mcuxsdk/arch/arm/CMSIS/Core/Include/core_cm33.h:2358:22:__NVIC_EnableIRQ	16	static
D:/summer_school/mcuxsdk/mcuxsdk/devices/MCX/MCXA/MCXA153/drivers/fsl_clock.h:539:20:CLOCK_EnableClock	32	static
D:/summer_school/mcuxsdk/mcuxsdk/devices/MCX/MCXA/MCXA153/drivers/fsl_clock.h:572:20:CLOCK_DisableClock	32	static
D:/summer_school/mcuxsdk/mcuxsdk/devices/MCX/MCXA/MCXA153/drivers/fsl_reset.h:204:20:RESET_ReleasePeripheralReset	16	static
D:/summer_school/mcuxsdk/mcuxsdk/drivers/common/fsl_common_arm.h:753:24:EnableIRQ	24	static
D:/summer_school/mcuxsdk/mcuxsdk/drivers/lpi2c/fsl_lpi2c.h:579:20:LPI2C_MasterReset	16	static
D:/summer_school/mcuxsdk/mcuxsdk/drivers/lpi2c/fsl_lpi2c.h:591:20:LPI2C_MasterEnable	16	static
D:/summer_school/mcuxsdk/mcuxsdk/drivers/lpi2c/fsl_lpi2c.h:615:24:LPI2C_MasterGetStatusFlags	16	static
D:/summer_school/mcuxsdk/mcuxsdk/drivers/lpi2c/fsl_lpi2c.h:640:20:LPI2C_MasterClearStatusFlags	16	static
D:/summer_school/mcuxsdk/mcuxsdk/drivers/lpi2c/fsl_lpi2c.h:662:20:LPI2C_MasterEnableInterrupts	16	static
D:/summer_school/mcuxsdk/mcuxsdk/drivers/lpi2c/fsl_lpi2c.h:677:20:LPI2C_MasterDisableInterrupts	16	static
D:/summer_school/mcuxsdk/mcuxsdk/drivers/lpi2c/fsl_lpi2c.h:689:24:LPI2C_MasterGetEnabledInterrupts	16	static
D:/summer_school/mcuxsdk/mcuxsdk/drivers/lpi2c/fsl_lpi2c.h:753:20:LPI2C_MasterSetWatermarks	24	static
D:/summer_school/mcuxsdk/mcuxsdk/drivers/lpi2c/fsl_lpi2c.h:767:20:LPI2C_MasterGetFifoCounts	24	static
D:/summer_school/mcuxsdk/mcuxsdk/drivers/lpi2c/fsl_lpi2c.h:1076:20:LPI2C_SlaveReset	16	static
D:/summer_school/mcuxsdk/mcuxsdk/drivers/lpi2c/fsl_lpi2c.h:1088:20:LPI2C_SlaveEnable	16	static
D:/summer_school/mcuxsdk/mcuxsdk/drivers/lpi2c/fsl_lpi2c.h:1112:24:LPI2C_SlaveGetStatusFlags	16	static
D:/summer_school/mcuxsdk/mcuxsdk/drivers/lpi2c/fsl_lpi2c.h:1134:20:LPI2C_SlaveClearStatusFlags	16	static
D:/summer_school/mcuxsdk/mcuxsdk/drivers/lpi2c/fsl_lpi2c.h:1155:20:LPI2C_SlaveEnableInterrupts	16	static
D:/summer_school/mcuxsdk/mcuxsdk/drivers/lpi2c/fsl_lpi2c.h:1170:20:LPI2C_SlaveDisableInterrupts	16	static
D:/summer_school/mcuxsdk/mcuxsdk/drivers/lpi2c/fsl_lpi2c.c:242:10:LPI2C_GetInstance	24	static
D:/summer_school/mcuxsdk/mcuxsdk/drivers/lpi2c/fsl_lpi2c.c:270:17:LPI2C_GetCyclesForWidth	40	static
D:/summer_school/mcuxsdk/mcuxsdk/drivers/lpi2c/fsl_lpi2c.c:315:10:LPI2C_MasterCheckAndClearError	24	static
D:/summer_school/mcuxsdk/mcuxsdk/drivers/lpi2c/fsl_lpi2c.c:382:17:LPI2C_MasterWaitForTxReady	40	static
D:/summer_school/mcuxsdk/mcuxsdk/drivers/lpi2c/fsl_lpi2c.c:430:10:LPI2C_CheckForBusyBus	24	static
D:/summer_school/mcuxsdk/mcuxsdk/drivers/lpi2c/fsl_lpi2c.c:471:6:LPI2C_MasterGetDefaultConfig	16	static
D:/summer_school/mcuxsdk/mcuxsdk/drivers/lpi2c/fsl_lpi2c.c:504:6:LPI2C_MasterInit	56	static
D:/summer_school/mcuxsdk/mcuxsdk/drivers/lpi2c/fsl_lpi2c.c:606:6:LPI2C_MasterDeinit	24	static
D:/summer_school/mcuxsdk/mcuxsdk/drivers/lpi2c/fsl_lpi2c.c:631:6:LPI2C_MasterConfigureDataMatch	24	static
D:/summer_school/mcuxsdk/mcuxsdk/drivers/lpi2c/fsl_lpi2c.c:662:6:LPI2C_MasterSetBaudRate	72	static
D:/summer_school/mcuxsdk/mcuxsdk/drivers/lpi2c/fsl_lpi2c.c:812:10:LPI2C_MasterStart	24	static
D:/summer_school/mcuxsdk/mcuxsdk/drivers/lpi2c/fsl_lpi2c.c:853:10:LPI2C_MasterStop	32	static
D:/summer_school/mcuxsdk/mcuxsdk/drivers/lpi2c/fsl_lpi2c.c:917:10:LPI2C_MasterReceive	48	static
D:/summer_school/mcuxsdk/mcuxsdk/drivers/lpi2c/fsl_lpi2c.c:1000:10:LPI2C_MasterSend	32	static
D:/summer_school/mcuxsdk/mcuxsdk/drivers/lpi2c/fsl_lpi2c.c:1040:10:LPI2C_MasterTransferBlocking	56	static
D:/summer_school/mcuxsdk/mcuxsdk/drivers/lpi2c/fsl_lpi2c.c:1164:6:LPI2C_MasterTransferCreateHandle	32	static
D:/summer_school/mcuxsdk/mcuxsdk/drivers/lpi2c/fsl_lpi2c.c:1203:13:LPI2C_TransferStateMachineSendCommand	32	static
D:/summer_school/mcuxsdk/mcuxsdk/drivers/lpi2c/fsl_lpi2c.c:1253:13:LPI2C_TransferStateMachineReadCommand	32	static
D:/summer_school/mcuxsdk/mcuxsdk/drivers/lpi2c/fsl_lpi2c.c:1280:13:LPI2C_TransferStateMachineTransferData	24	static
D:/summer_school/mcuxsdk/mcuxsdk/drivers/lpi2c/fsl_lpi2c.c:1331:13:LPI2C_TransferStateMachineStopState	24	static
D:/summer_school/mcuxsdk/mcuxsdk/drivers/lpi2c/fsl_lpi2c.c:1363:13:LPI2C_TransferStateMachineWaitState	24	static
D:/summer_school/mcuxsdk/mcuxsdk/drivers/lpi2c/fsl_lpi2c.c:1401:17:LPI2C_RunTransferStateMachine	48	static
D:/summer_school/mcuxsdk/mcuxsdk/drivers/lpi2c/fsl_lpi2c.c:1484:13:LPI2C_InitTransferStateMachine	40	static
D:/summer_school/mcuxsdk/mcuxsdk/drivers/lpi2c/fsl_lpi2c.c:1558:10:LPI2C_MasterTransferNonBlocking	40	static
D:/summer_school/mcuxsdk/mcuxsdk/drivers/lpi2c/fsl_lpi2c.c:1619:10:LPI2C_MasterTransferGetCount	40	static
D:/summer_school/mcuxsdk/mcuxsdk/drivers/lpi2c/fsl_lpi2c.c:1684:6:LPI2C_MasterTransferAbort	16	static
D:/summer_school/mcuxsdk/mcuxsdk/drivers/lpi2c/fsl_lpi2c.c:1714:6:LPI2C_MasterTransferHandleIRQ	40	static
D:/summer_school/mcuxsdk/mcuxsdk/drivers/lpi2c/fsl_lpi2c.c:1784:6:LPI2C_SlaveGetDefaultConfig	16	static
D:/summer_school/mcuxsdk/mcuxsdk/drivers/lpi2c/fsl_lpi2c.c:1823:6:LPI2C_SlaveInit	48	static
D:/summer_school/mcuxsdk/mcuxsdk/drivers/lpi2c/fsl_lpi2c.c:1897:6:LPI2C_SlaveDeinit	24	static
D:/summer_school/mcuxsdk/mcuxsdk/drivers/lpi2c/fsl_lpi2c.c:1924:17:LPI2C_SlaveCheckAndClearError	24	static
D:/summer_school/mcuxsdk/mcuxsdk/drivers/lpi2c/fsl_lpi2c.c:1968:10:LPI2C_SlaveSend	48	static
D:/summer_school/mcuxsdk/mcuxsdk/drivers/lpi2c/fsl_lpi2c.c:2059:10:LPI2C_SlaveReceive	48	static
D:/summer_school/mcuxsdk/mcuxsdk/drivers/lpi2c/fsl_lpi2c.c:2157:6:LPI2C_SlaveTransferCreateHandle	32	static
D:/summer_school/mcuxsdk/mcuxsdk/drivers/lpi2c/fsl_lpi2c.c:2219:10:LPI2C_SlaveTransferNonBlocking	32	static
D:/summer_school/mcuxsdk/mcuxsdk/drivers/lpi2c/fsl_lpi2c.c:2283:10:LPI2C_SlaveTransferGetCount	32	static
D:/summer_school/mcuxsdk/mcuxsdk/drivers/lpi2c/fsl_lpi2c.c:2316:6:LPI2C_SlaveTransferAbort	16	static
D:/summer_school/mcuxsdk/mcuxsdk/drivers/lpi2c/fsl_lpi2c.c:2344:6:LPI2C_SlaveTransferHandleIRQ	24	static
D:/summer_school/mcuxsdk/mcuxsdk/drivers/lpi2c/fsl_lpi2c.c:2500:13:LPI2C_CommonIRQHandler	16	static
D:/summer_school/mcuxsdk/mcuxsdk/drivers/lpi2c/fsl_lpi2c.c:2522:6:LPI2C_DriverIRQHandler	16	static
D:/summer_school/mcuxsdk/mcuxsdk/drivers/lpi2c/fsl_lpi2c.c:2553:6:LPI2C0_DriverIRQHandler	8	static
