Archive member included to satisfy reference by file (symbol)

C:/Users/victo/.mcuxpressotools/arm-gnu-toolchain-14.2.rel1-mingw-w64-x86_64-arm-none-eabi/bin/../lib/gcc/arm-none-eabi/14.2.1/thumb/v8-m.main/nofp\libc_nano.a(libc_a-exit.o)
                              C:/Users/victo/.mcuxpressotools/arm-gnu-toolchain-14.2.rel1-mingw-w64-x86_64-arm-none-eabi/bin/../lib/gcc/arm-none-eabi/14.2.1/thumb/v8-m.main/nofp/crt0.o (exit)
C:/Users/victo/.mcuxpressotools/arm-gnu-toolchain-14.2.rel1-mingw-w64-x86_64-arm-none-eabi/bin/../lib/gcc/arm-none-eabi/14.2.1/thumb/v8-m.main/nofp\libc_nano.a(libc_a-malloc.o)
                              CMakeFiles/distributed_ecu.dir/D_/summer_school/mcuxsdk/mcuxsdk/drivers/common/fsl_common.c.obj (malloc)
C:/Users/victo/.mcuxpressotools/arm-gnu-toolchain-14.2.rel1-mingw-w64-x86_64-arm-none-eabi/bin/../lib/gcc/arm-none-eabi/14.2.1/thumb/v8-m.main/nofp\libc_nano.a(libc_a-mallocr.o)
                              C:/Users/victo/.mcuxpressotools/arm-gnu-toolchain-14.2.rel1-mingw-w64-x86_64-arm-none-eabi/bin/../lib/gcc/arm-none-eabi/14.2.1/thumb/v8-m.main/nofp\libc_nano.a(libc_a-malloc.o) (_malloc_r)
C:/Users/victo/.mcuxpressotools/arm-gnu-toolchain-14.2.rel1-mingw-w64-x86_64-arm-none-eabi/bin/../lib/gcc/arm-none-eabi/14.2.1/thumb/v8-m.main/nofp\libc_nano.a(libc_a-mlock.o)
                              C:/Users/victo/.mcuxpressotools/arm-gnu-toolchain-14.2.rel1-mingw-w64-x86_64-arm-none-eabi/bin/../lib/gcc/arm-none-eabi/14.2.1/thumb/v8-m.main/nofp\libc_nano.a(libc_a-mallocr.o) (__malloc_lock)
C:/Users/victo/.mcuxpressotools/arm-gnu-toolchain-14.2.rel1-mingw-w64-x86_64-arm-none-eabi/bin/../lib/gcc/arm-none-eabi/14.2.1/thumb/v8-m.main/nofp\libc_nano.a(libc_a-strtoul.o)
                              CMakeFiles/distributed_ecu.dir/D_/summer_school/mcuxsdk/mcuxsdk/components/str/fsl_str.c.obj (strtoul)
C:/Users/victo/.mcuxpressotools/arm-gnu-toolchain-14.2.rel1-mingw-w64-x86_64-arm-none-eabi/bin/../lib/gcc/arm-none-eabi/14.2.1/thumb/v8-m.main/nofp\libc_nano.a(libc_a-ctype_.o)
                              C:/Users/victo/.mcuxpressotools/arm-gnu-toolchain-14.2.rel1-mingw-w64-x86_64-arm-none-eabi/bin/../lib/gcc/arm-none-eabi/14.2.1/thumb/v8-m.main/nofp\libc_nano.a(libc_a-strtoul.o) (_ctype_)
C:/Users/victo/.mcuxpressotools/arm-gnu-toolchain-14.2.rel1-mingw-w64-x86_64-arm-none-eabi/bin/../lib/gcc/arm-none-eabi/14.2.1/thumb/v8-m.main/nofp\libc_nano.a(libc_a-findfp.o)
                              C:/Users/victo/.mcuxpressotools/arm-gnu-toolchain-14.2.rel1-mingw-w64-x86_64-arm-none-eabi/bin/../lib/gcc/arm-none-eabi/14.2.1/thumb/v8-m.main/nofp\libc_nano.a(libc_a-exit.o) (__stdio_exit_handler)
C:/Users/victo/.mcuxpressotools/arm-gnu-toolchain-14.2.rel1-mingw-w64-x86_64-arm-none-eabi/bin/../lib/gcc/arm-none-eabi/14.2.1/thumb/v8-m.main/nofp\libc_nano.a(libc_a-fwalk.o)
                              C:/Users/victo/.mcuxpressotools/arm-gnu-toolchain-14.2.rel1-mingw-w64-x86_64-arm-none-eabi/bin/../lib/gcc/arm-none-eabi/14.2.1/thumb/v8-m.main/nofp\libc_nano.a(libc_a-findfp.o) (_fwalk_sglue)
C:/Users/victo/.mcuxpressotools/arm-gnu-toolchain-14.2.rel1-mingw-w64-x86_64-arm-none-eabi/bin/../lib/gcc/arm-none-eabi/14.2.1/thumb/v8-m.main/nofp\libc_nano.a(libc_a-snprintf.o)
                              CMakeFiles/distributed_ecu.dir/led_blinky.c.obj (snprintf)
C:/Users/victo/.mcuxpressotools/arm-gnu-toolchain-14.2.rel1-mingw-w64-x86_64-arm-none-eabi/bin/../lib/gcc/arm-none-eabi/14.2.1/thumb/v8-m.main/nofp\libc_nano.a(libc_a-sscanf.o)
                              CMakeFiles/distributed_ecu.dir/led_blinky.c.obj (sscanf)
C:/Users/victo/.mcuxpressotools/arm-gnu-toolchain-14.2.rel1-mingw-w64-x86_64-arm-none-eabi/bin/../lib/gcc/arm-none-eabi/14.2.1/thumb/v8-m.main/nofp\libc_nano.a(libc_a-stdio.o)
                              C:/Users/victo/.mcuxpressotools/arm-gnu-toolchain-14.2.rel1-mingw-w64-x86_64-arm-none-eabi/bin/../lib/gcc/arm-none-eabi/14.2.1/thumb/v8-m.main/nofp\libc_nano.a(libc_a-findfp.o) (__sread)
C:/Users/victo/.mcuxpressotools/arm-gnu-toolchain-14.2.rel1-mingw-w64-x86_64-arm-none-eabi/bin/../lib/gcc/arm-none-eabi/14.2.1/thumb/v8-m.main/nofp\libc_nano.a(libc_a-strncmp.o)
                              CMakeFiles/distributed_ecu.dir/led_blinky.c.obj (strncmp)
C:/Users/victo/.mcuxpressotools/arm-gnu-toolchain-14.2.rel1-mingw-w64-x86_64-arm-none-eabi/bin/../lib/gcc/arm-none-eabi/14.2.1/thumb/v8-m.main/nofp\libc_nano.a(libc_a-closer.o)
                              C:/Users/victo/.mcuxpressotools/arm-gnu-toolchain-14.2.rel1-mingw-w64-x86_64-arm-none-eabi/bin/../lib/gcc/arm-none-eabi/14.2.1/thumb/v8-m.main/nofp\libc_nano.a(libc_a-stdio.o) (_close_r)
C:/Users/victo/.mcuxpressotools/arm-gnu-toolchain-14.2.rel1-mingw-w64-x86_64-arm-none-eabi/bin/../lib/gcc/arm-none-eabi/14.2.1/thumb/v8-m.main/nofp\libc_nano.a(libc_a-reent.o)
[...]
Memory Configuration

Name             Origin             Length             Attributes
m_interrupts     0x00000000         0x00000200         xr
m_text           0x00000200         0x0001fe00         xr
m_data           0x20000000         0x00006000         rw
m_sramx0         0x04000000         0x00002000         rw
*default*        0x00000000         0xffffffff

Linker script and memory map

LOAD C:/Users/victo/.mcuxpressotools/arm-gnu-toolchain-14.2.rel1-mingw-w64-x86_64-arm-none-eabi/bin/../lib/gcc/arm-none-eabi/14.2.1/thumb/v8-m.main/nofp/crti.o
LOAD C:/Users/victo/.mcuxpressotools/arm-gnu-toolchain-14.2.rel1-mingw-w64-x86_64-arm-none-eabi/bin/../lib/gcc/arm-none-eabi/14.2.1/thumb/v8-m.main/nofp/crtbegin.o
LOAD C:/Users/victo/.mcuxpressotools/arm-gnu-toolchain-14.2.rel1-mingw-w64-x86_64-arm-none-eabi/bin/../lib/gcc/arm-none-eabi/14.2.1/thumb/v8-m.main/nofp/crt0.o
LOAD CMakeFiles/distributed_ecu.dir/D_/summer_school/mcuxsdk/mcuxsdk/devices/MCX/MCXA/MCXA153/system_MCXA153.c.obj
LOAD CMakeFiles/distributed_ecu.dir/D_/summer_school/mcuxsdk/mcuxsdk/devices/MCX/MCXA/MCXA153/gcc/startup_MCXA153.S.obj
LOAD CMakeFiles/distributed_ecu.dir/D_/summer_school/mcuxsdk/mcuxsdk/devices/MCX/MCXA/MCXA153/drivers/fsl_clock.c.obj
LOAD CMakeFiles/distributed_ecu.dir/D_/summer_school/mcuxsdk/mcuxsdk/devices/MCX/MCXA/MCXA153/drivers/fsl_reset.c.obj
LOAD CMakeFiles/distributed_ecu.dir/D_/summer_school/mcuxsdk/mcuxsdk/drivers/common/fsl_common.c.obj
LOAD CMakeFiles/distributed_ecu.dir/D_/summer_school/mcuxsdk/mcuxsdk/drivers/common/fsl_common_arm.c.obj
LOAD CMakeFiles/distributed_ecu.dir/D_/summer_school/mcuxsdk/mcuxsdk/drivers/gpio/fsl_gpio.c.obj
LOAD CMakeFiles/distributed_ecu.dir/D_/summer_school/mcuxsdk/mcuxsdk/drivers/lpi2c/fsl_lpi2c.c.obj
LOAD CMakeFiles/distributed_ecu.dir/D_/summer_school/mcuxsdk/mcuxsdk/drivers/lpuart/fsl_lpuart.c.obj
LOAD CMakeFiles/distributed_ecu.dir/D_/summer_school/mcuxsdk/mcuxsdk/drivers/mcx_spc/fsl_spc.c.obj
LOAD CMakeFiles/distributed_ecu.dir/D_/summer_school/mcuxsdk/mcuxsdk/components/assert/fsl_assert.c.obj
LOAD CMakeFiles/distributed_ecu.dir/D_/summer_school/mcuxsdk/mcuxsdk/components/debug_console_lite/fsl_debug_console.c.obj
LOAD CMakeFiles/distributed_ecu.dir/D_/summer_school/mcuxsdk/mcuxsdk/components/misc_utilities/fsl_syscall_stub.c.obj
LOAD CMakeFiles/distributed_ecu.dir/D_/summer_school/mcuxsdk/mcuxsdk/components/misc_utilities/fsl_sbrk.c.obj
LOAD CMakeFiles/distributed_ecu.dir/D_/summer_school/mcuxsdk/mcuxsdk/components/misc_utilities/fsl_memcpy.S.obj
LOAD CMakeFiles/distributed_ecu.dir/D_/summer_school/mcuxsdk/mcuxsdk/components/misc_utilities/fsl_memset.S.obj
LOAD CMakeFiles/distributed_ecu.dir/D_/summer_school/mcuxsdk/mcuxsdk/components/str/fsl_str.c.obj
LOAD CMakeFiles/distributed_ecu.dir/D_/summer_school/mcuxsdk/mcuxsdk/components/uart/fsl_adapter_lpuart.c.obj
LOAD CMakeFiles/distributed_ecu.dir/frdmmcxa153/frdmmcxa153/board.c.obj
LOAD CMakeFiles/distributed_ecu.dir/frdmmcxa153/frdmmcxa153/clock_config.c.obj
LOAD CMakeFiles/distributed_ecu.dir/frdmmcxa153/led_blinky/pin_mux.c.obj
LOAD CMakeFiles/distributed_ecu.dir/frdmmcxa153/led_blinky/hardware_init.c.obj
LOAD CMakeFiles/distributed_ecu.dir/led_blinky.c.obj
LOAD CMakeFiles/distributed_ecu.dir/link.c.obj
LOAD CMakeFiles/distributed_ecu.dir/led_blinky/peripherals.c.obj
START GROUP
LOAD C:/Users/victo/.mcuxpressotools/arm-gnu-toolchain-14.2.rel1-mingw-w64-x86_64-arm-none-eabi/bin/../lib/gcc/arm-none-eabi/14.2.1/thumb/v8-m.main/nofp\libm.a
LOAD C:/Users/victo/.mcuxpressotools/arm-gnu-toolchain-14.2.rel1-mingw-w64-x86_64-arm-none-eabi/bin/../lib/gcc/arm-none-eabi/14.2.1/thumb/v8-m.main/nofp\libc_nano.a
LOAD C:/Users/victo/.mcuxpressotools/arm-gnu-toolchain-14.2.rel1-mingw-w64-x86_64-arm-none-eabi/bin/../lib/gcc/arm-none-eabi/14.2.1/thumb/v8-m.main/nofp\libgcc.a
LOAD C:/Users/victo/.mcuxpressotools/arm-gnu-toolchain-14.2.rel1-mingw-w64-x86_64-arm-none-eabi/bin/../lib/gcc/arm-none-eabi/14.2.1/thumb/v8-m.main/nofp\libnosys.a
END GROUP
START GROUP
LOAD C:/Users/victo/.mcuxpressotools/arm-gnu-toolchain-14.2.rel1-mingw-w64-x86_64-arm-none-eabi/bin/../lib/gcc/arm-none-eabi/14.2.1/thumb/v8-m.main/nofp\libgcc.a
LOAD C:/Users/victo/.mcuxpressotools/arm-gnu-toolchain-14.2.rel1-mingw-w64-x86_64-arm-none-eabi/bin/../lib/gcc/arm-none-eabi/14.2.1/thumb/v8-m.main/nofp\libg_nano.a
LOAD C:/Users/victo/.mcuxpressotools/arm-gnu-toolchain-14.2.rel1-mingw-w64-x86_64-arm-none-eabi/bin/../lib/gcc/arm-none-eabi/14.2.1/thumb/v8-m.main/nofp\libc_nano.a
END GROUP
START GROUP
LOAD C:/Users/victo/.mcuxpressotools/arm-gnu-toolchain-14.2.rel1-mingw-w64-x86_64-arm-none-eabi/bin/../lib/gcc/arm-none-eabi/14.2.1/thumb/v8-m.main/nofp\libgcc.a
LOAD C:/Users/victo/.mcuxpressotools/arm-gnu-toolchain-14.2.rel1-mingw-w64-x86_64-arm-none-eabi/bin/../lib/gcc/arm-none-eabi/14.2.1/thumb/v8-m.main/nofp\libc_nano.a
LOAD C:/Users/victo/.mcuxpressotools/arm-gnu-toolchain-14.2.rel1-mingw-w64-x86_64-arm-none-eabi/bin/../lib/gcc/arm-none-eabi/14.2.1/thumb/v8-m.main/nofp\libnosys.a
END GROUP
START GROUP
LOAD C:/Users/victo/.mcuxpressotools/arm-gnu-toolchain-14.2.rel1-mingw-w64-x86_64-arm-none-eabi/bin/../lib/gcc/arm-none-eabi/14.2.1/thumb/v8-m.main/nofp\libgcc.a
LOAD C:/Users/victo/.mcuxpressotools/arm-gnu-toolchain-14.2.rel1-mingw-w64-x86_64-arm-none-eabi/bin/../lib/gcc/arm-none-eabi/14.2.1/thumb/v8-m.main/nofp\libc_nano.a
LOAD C:/Users/victo/.mcuxpressotools/arm-gnu-toolchain-14.2.rel1-mingw-w64-x86_64-arm-none-eabi/bin/../lib/gcc/arm-none-eabi/14.2.1/thumb/v8-m.main/nofp\libnosys.a
END GROUP
LOAD C:/Users/victo/.mcuxpressotools/arm-gnu-toolchain-14.2.rel1-mingw-w64-x86_64-arm-none-eabi/bin/../lib/gcc/arm-none-eabi/14.2.1/thumb/v8-m.main/nofp/crtend.o
LOAD C:/Users/victo/.mcuxpressotools/arm-gnu-toolchain-14.2.rel1-mingw-w64-x86_64-arm-none-eabi/bin/../lib/gcc/arm-none-eabi/14.2.1/thumb/v8-m.main/nofp/crtn.o
                0x00000400                        HEAP_SIZE = DEFINED (__heap_size__)?__heap_size__:0x400
                0x00000800                        STACK_SIZE = DEFINED (__stack_size__)?__stack_size__:0x800

.interrupts     0x00000000      0x180
                0x00000000                        . = ALIGN (0x4)
 *(.isr_vector)
 .isr_vector    0x00000000      0x180 CMakeFiles/distributed_ecu.dir/D_/summer_school/mcuxsdk/mcuxsdk/devices/MCX/MCXA/MCXA153/gcc/startup_MCXA153.S.obj
                0x00000000                __Vectors
                0x00000180                        . = ALIGN (0x4)

.text           0x00000200     0x9488
                0x00000200                        . = ALIGN (0x4)
 *(.text)
 .text          0x00000200       0x7c C:/Users/victo/.mcuxpressotools/arm-gnu-toolchain-14.2.rel1-mingw-w64-x86_64-arm-none-eabi/bin/../lib/gcc/arm-none-eabi/14.2.1/thumb/v8-m.main/nofp/crt0.o
                0x00000200                _stack_init
                0x00000208                _start
                0x00000208                _mainCRTStartup
 .text          0x0000027c      0x340 CMakeFiles/distributed_ecu.dir/D_/summer_school/mcuxsdk/mcuxsdk/devices/MCX/MCXA/MCXA153/gcc/startup_MCXA153.S.obj
                0x0000027c                Reset_Handler
                0x00000310                SCG0_DriverIRQHandler
                0x00000310                CMC_DriverIRQHandler
                0x00000310                OS_EVENT_DriverIRQHandler
                0x00000310                WUU0_DriverIRQHandler
                0x00000310                Reserved50_DriverIRQHandler
                0x00000310                DebugMon_Handler
                0x00000310                FLEXPWM0_SUBMODULE0_DriverIRQHandler
                0x00000310                Reserved33_DriverIRQHandler
                0x00000310                I3C0_DriverIRQHandler
                0x00000310                Reserved39_DriverIRQHandler
                0x00000310                GPIO1_DriverIRQHandler
                0x00000310                Reserved86_DriverIRQHandler
                0x00000310                Reserved37_DriverIRQHandler
                0x00000310                Reserved46_DriverIRQHandler
                0x00000310                Reserved43_DriverIRQHandler
                0x00000310                WAKETIMER0_DriverIRQHandler
                0x00000310                BusFault_Handler
                0x00000310                MBC0_DriverIRQHandler
                0x00000310                SPC0_DriverIRQHandler
                0x00000310                LPTMR0_DriverIRQHandler
                0x00000310                DMA_CH1_DriverIRQHandler
                0x00000310                FLEXPWM0_SUBMODULE1_DriverIRQHandler
                0x00000310                Reserved58_DriverIRQHandler
                0x00000310                DMA_CH0_DriverIRQHandler
                0x00000310                Reserved59_DriverIRQHandler
                0x00000310                FLEXPWM0_RELOAD_ERROR_DriverIRQHandler
                0x00000310                CDOG0_DriverIRQHandler
                0x00000310                QDC0_HOME_DriverIRQHandler
                0x00000310                CMP0_DriverIRQHandler
                0x00000310                ADC0_DriverIRQHandler
                0x00000310                Reserved82_DriverIRQHandler
                0x00000310                Reserved85_DriverIRQHandler
                0x00000310                GPIO2_DriverIRQHandler
                0x00000310                Reserved16_DriverIRQHandler
                0x00000310                Reserved77_DriverIRQHandler
                0x00000310                QDC0_WATCHDOG_DriverIRQHandler
                0x00000310                ERM0_MULTI_BIT_DriverIRQHandler
                0x00000310                LPSPI1_DriverIRQHandler
                0x00000310                FMU0_DriverIRQHandler
                0x00000310                Reserved94_DriverIRQHandler
                0x00000310                Reserved36_DriverIRQHandler
                0x00000310                Reserved25_DriverIRQHandler
                0x00000310                Reserved51_DriverIRQHandler
                0x00000310                MemManage_Handler
                0x00000310                CTIMER2_DriverIRQHandler
                0x00000310                UsageFault_Handler
                0x00000310                CMP1_DriverIRQHandler
                0x00000310                DMA_CH2_DriverIRQHandler
                0x00000310                DefaultISR
                0x00000310                USB0_DriverIRQHandler
                0x00000310                ERM0_SINGLE_BIT_DriverIRQHandler
                0x00000310                Reserved65_DriverIRQHandler
                0x00000310                QDC0_INDEX_DriverIRQHandler
                0x00000310                Reserved93_DriverIRQHandler
                0x00000310                Reserved23_DriverIRQHandler
                0x00000310                Reserved72_DriverIRQHandler
                0x00000310                Reserved83_DriverIRQHandler
                0x00000310                DMA_CH3_DriverIRQHandler
                0x00000310                UTICK0_DriverIRQHandler
                0x00000310                LPSPI0_DriverIRQHandler
                0x00000310                Reserved41_DriverIRQHandler
                0x00000310                FLEXPWM0_SUBMODULE2_DriverIRQHandler
                0x00000310                Reserved95_DriverIRQHandler
                0x00000310                WWDT0_DriverIRQHandler
                0x00000310                Reserved92_DriverIRQHandler
                0x00000310                Reserved84_DriverIRQHandler
                0x00000310                SecureFault_Handler
                0x00000310                QDC0_COMPARE_DriverIRQHandler
                0x00000310                CTIMER1_DriverIRQHandler
                0x00000310                FLEXPWM0_FAULT_DriverIRQHandler
                0x00000310                GLIKEY0_DriverIRQHandler
                0x00000310                Reserved24_DriverIRQHandler
                0x00000310                Reserved91_DriverIRQHandler
                0x00000310                Reserved79_DriverIRQHandler
                0x00000310                CTIMER0_DriverIRQHandler
                0x00000310                GPIO0_DriverIRQHandler
                0x00000310                Reserved35_DriverIRQHandler
                0x00000310                Reserved38_DriverIRQHandler
                0x00000310                FREQME0_DriverIRQHandler
                0x00000310                Reserved22_DriverIRQHandler
                0x00000310                Reserved53_DriverIRQHandler
                0x00000310                GPIO3_DriverIRQHandler
                0x00000314                NMI_Handler
                0x00000318                HardFault_Handler
                0x0000031c                SVC_Handler
                0x00000320                PendSV_Handler
                0x00000328                Reserved16_IRQHandler
                0x0000032c                CMC_IRQHandler
                0x00000330                DMA_CH0_IRQHandler
                0x00000334                DMA_CH1_IRQHandler
                0x00000338                DMA_CH2_IRQHandler
                0x0000033c                DMA_CH3_IRQHandler
                0x00000340                Reserved22_IRQHandler
                0x00000344                Reserved23_IRQHandler
                0x00000348                Reserved24_IRQHandler
                0x0000034c                Reserved25_IRQHandler
                0x00000350                ERM0_SINGLE_BIT_IRQHandler
                0x00000354                ERM0_MULTI_BIT_IRQHandler
                0x00000358                FMU0_IRQHandler
                0x0000035c                GLIKEY0_IRQHandler
                0x00000360                MBC0_IRQHandler
                0x00000364                SCG0_IRQHandler
                0x00000368                SPC0_IRQHandler
                0x0000036c                Reserved33_IRQHandler
                0x00000370                WUU0_IRQHandler
                0x00000374                Reserved35_IRQHandler
                0x00000378                Reserved36_IRQHandler
                0x0000037c                Reserved37_IRQHandler
                0x00000380                Reserved38_IRQHandler
                0x00000384                Reserved39_IRQHandler
                0x00000388                I3C0_IRQHandler
                0x0000038c                Reserved41_IRQHandler
                0x00000390                LPI2C0_IRQHandler
                0x00000394                Reserved43_IRQHandler
                0x00000398                LPSPI0_IRQHandler
                0x0000039c                LPSPI1_IRQHandler
                0x000003a0                Reserved46_IRQHandler
                0x000003a4                LPUART0_IRQHandler
                0x000003b0                Reserved50_IRQHandler
                0x000003b4                Reserved51_IRQHandler
                0x000003b8                USB0_IRQHandler
                0x000003bc                Reserved53_IRQHandler
                0x000003c0                CDOG0_IRQHandler
                0x000003c4                CTIMER0_IRQHandler
                0x000003c8                CTIMER1_IRQHandler
                0x000003cc                CTIMER2_IRQHandler
                0x000003d0                Reserved58_IRQHandler
                0x000003d4                Reserved59_IRQHandler
                0x000003d8                FLEXPWM0_RELOAD_ERROR_IRQHandler
                0x000003dc                FLEXPWM0_FAULT_IRQHandler
                0x000003e0                FLEXPWM0_SUBMODULE0_IRQHandler
                0x000003e4                FLEXPWM0_SUBMODULE1_IRQHandler
                0x000003e8                FLEXPWM0_SUBMODULE2_IRQHandler
                0x000003ec                Reserved65_IRQHandler
                0x000003f0                QDC0_COMPARE_IRQHandler
                0x000003f4                QDC0_HOME_IRQHandler
                0x000003f8                QDC0_WATCHDOG_IRQHandler
                0x000003fc                QDC0_INDEX_IRQHandler
                0x00000400                FREQME0_IRQHandler
                0x00000404                LPTMR0_IRQHandler
                0x00000408                Reserved72_IRQHandler
                0x0000040c                OS_EVENT_IRQHandler
                0x00000410                WAKETIMER0_IRQHandler
                0x00000414                UTICK0_IRQHandler
                0x00000418                WWDT0_IRQHandler
                0x0000041c                Reserved77_IRQHandler
                0x00000420                ADC0_IRQHandler
                0x00000424                Reserved79_IRQHandler
                0x00000428                CMP0_IRQHandler
                0x0000042c                CMP1_IRQHandler
                0x00000430                Reserved82_IRQHandler
                0x00000434                Reserved83_IRQHandler
                0x00000438                Reserved84_IRQHandler
                0x0000043c                Reserved85_IRQHandler
                0x00000440                Reserved86_IRQHandler
                0x00000444                GPIO0_IRQHandler
                0x00000448                GPIO1_IRQHandler
                0x0000044c                GPIO2_IRQHandler
                0x00000450                GPIO3_IRQHandler
                0x00000454                Reserved91_IRQHandler
                0x00000458                Reserved92_IRQHandler
                0x0000045c                Reserved93_IRQHandler
                0x00000460                Reserved94_IRQHandler
                0x00000464                Reserved95_IRQHandler
 .text          0x000005bc       0x14 C:/Users/victo/.mcuxpressotools/arm-gnu-toolchain-14.2.rel1-mingw-w64-x86_64-arm-none-eabi/bin/../lib/gcc/arm-none-eabi/14.2.1/thumb/v8-m.main/nofp\libc_nano.a(libc_a-strcmp.o)
                0x000005bc                strcmp
 .text          0x000005d0       0x10 C:/Users/victo/.mcuxpressotools/arm-gnu-toolchain-14.2.rel1-mingw-w64-x86_64-arm-none-eabi/bin/../lib/gcc/arm-none-eabi/14.2.1/thumb/v8-m.main/nofp\libc_nano.a(libc_a-strlen.o)
                0x000005d0                strlen
 *(.text*)
 .text.deregister_tm_clones
                0x000005e0       0x1c C:/Users/victo/.mcuxpressotools/arm-gnu-toolchain-14.2.rel1-mingw-w64-x86_64-arm-none-eabi/bin/../lib/gcc/arm-none-eabi/14.2.1/thumb/v8-m.main/nofp/crtbegin.o
 .text.register_tm_clones
                0x000005fc       0x28 C:/Users/victo/.mcuxpressotools/arm-gnu-toolchain-14.2.rel1-mingw-w64-x86_64-arm-none-eabi/bin/../lib/gcc/arm-none-eabi/14.2.1/thumb/v8-m.main/nofp/crtbegin.o
 .text.__do_global_dtors_aux
                0x00000624       0x28 C:/Users/victo/.mcuxpressotools/arm-gnu-toolchain-14.2.rel1-mingw-w64-x86_64-arm-none-eabi/bin/../lib/gcc/arm-none-eabi/14.2.1/thumb/v8-m.main/nofp/crtbegin.o
 .text.frame_dummy
                0x0000064c       0x24 C:/Users/victo/.mcuxpressotools/arm-gnu-toolchain-14.2.rel1-mingw-w64-x86_64-arm-none-eabi/bin/../lib/gcc/arm-none-eabi/14.2.1/thumb/v8-m.main/nofp/crtbegin.o
 .text.SystemInit
                0x00000670      0x140 CMakeFiles/distributed_ecu.dir/D_/summer_school/mcuxsdk/mcuxsdk/devices/MCX/MCXA/MCXA153/system_MCXA153.c.obj
                0x00000670                SystemInit
 .text.SystemInitHook
                0x000007b0        0xc CMakeFiles/distributed_ecu.dir/D_/summer_school/mcuxsdk/mcuxsdk/devices/MCX/MCXA/MCXA153/system_MCXA153.c.obj
                0x000007b0                SystemInitHook
 .text.CLOCK_IsDivHalt
                0x000007bc       0x22 CMakeFiles/distributed_ecu.dir/D_/summer_school/mcuxsdk/mcuxsdk/devices/MCX/MCXA/MCXA153/drivers/fsl_clock.c.obj
 .text.CLOCK_AttachClk
                0x000007de       0x30 CMakeFiles/distributed_ecu.dir/D_/summer_school/mcuxsdk/mcuxsdk/devices/MCX/MCXA/MCXA153/drivers/fsl_clock.c.obj
                0x000007de                CLOCK_AttachClk
 *fill*         0x0000080e        0x2 
 .text.CLOCK_SetClockSelect
                0x00000810       0xa4 CMakeFiles/distributed_ecu.dir/D_/summer_school/mcuxsdk/mcuxsdk/devices/MCX/MCXA/MCXA153/drivers/fsl_clock.c.obj
                0x00000810                CLOCK_SetClockSelect
 .text.CLOCK_SetClockDiv
                0x000008b4       0xe0 CMakeFiles/distributed_ecu.dir/D_/summer_school/mcuxsdk/mcuxsdk/devices/MCX/MCXA/MCXA153/drivers/fsl_clock.c.obj
                0x000008b4                CLOCK_SetClockDiv
 .text.CLOCK_SetupFRO12MClocking
                0x00000994       0x54 CMakeFiles/distributed_ecu.dir/D_/summer_school/mcuxsdk/mcuxsdk/devices/MCX/MCXA/MCXA153/drivers/fsl_clock.c.obj
                0x00000994                CLOCK_SetupFRO12MClocking
 .text.CLOCK_GetFro12MFreq
                0x000009e8       0x28 CMakeFiles/distributed_ecu.dir/D_/summer_school/mcuxsdk/mcuxsdk/devices/MCX/MCXA/MCXA153/drivers/fsl_clock.c.obj
 .text.CLOCK_GetClk1MFreq
                0x00000a10       0x14 CMakeFiles/distributed_ecu.dir/D_/summer_school/mcuxsdk/mcuxsdk/devices/MCX/MCXA/MCXA153/drivers/fsl_clock.c.obj
 .text.CLOCK_GetFroHfFreq
                0x00000a24       0xc0 CMakeFiles/distributed_ecu.dir/D_/summer_school/mcuxsdk/mcuxsdk/devices/MCX/MCXA/MCXA153/drivers/fsl_clock.c.obj
 .text.CLOCK_GetClk16KFreq
                0x00000ae4       0x48 CMakeFiles/distributed_ecu.dir/D_/summer_school/mcuxsdk/mcuxsdk/devices/MCX/MCXA/MCXA153/drivers/fsl_clock.c.obj
 .text.CLOCK_GetExtClkFreq
                0x00000b2c       0x2c CMakeFiles/distributed_ecu.dir/D_/summer_school/mcuxsdk/mcuxsdk/devices/MCX/MCXA/MCXA153/drivers/fsl_clock.c.obj
 .text.CLOCK_GetMainClk
                0x00000b58       0x68 CMakeFiles/distributed_ecu.dir/D_/summer_school/mcuxsdk/mcuxsdk/devices/MCX/MCXA/MCXA153/drivers/fsl_clock.c.obj
                0x00000b58                CLOCK_GetMainClk
 .text.CLOCK_GetCoreSysClkFreq
                0x00000bc0       0x20 CMakeFiles/distributed_ecu.dir/D_/summer_school/mcuxsdk/mcuxsdk/devices/MCX/MCXA/MCXA153/drivers/fsl_clock.c.obj
                0x00000bc0                CLOCK_GetCoreSysClkFreq
 .text.CLOCK_GetLpi2cClkFreq
                0x00000be0       0xa0 CMakeFiles/distributed_ecu.dir/D_/summer_school/mcuxsdk/mcuxsdk/devices/MCX/MCXA/MCXA153/drivers/fsl_clock.c.obj
                0x00000be0                CLOCK_GetLpi2cClkFreq
 .text.CLOCK_GetLpuartClkFreq
                0x00000c80       0xe4 CMakeFiles/distributed_ecu.dir/D_/summer_school/mcuxsdk/mcuxsdk/devices/MCX/MCXA/MCXA153/drivers/fsl_clock.c.obj
                0x00000c80                CLOCK_GetLpuartClkFreq
 .text.RESET_SetPeripheralReset
                0x00000d64       0xc8 CMakeFiles/distributed_ecu.dir/D_/summer_school/mcuxsdk/mcuxsdk/devices/MCX/MCXA/MCXA153/drivers/fsl_reset.c.obj
                0x00000d64                RESET_SetPeripheralReset
 .text.RESET_ClearPeripheralReset
                0x00000e2c       0xa8 CMakeFiles/distributed_ecu.dir/D_/summer_school/mcuxsdk/mcuxsdk/devices/MCX/MCXA/MCXA153/drivers/fsl_reset.c.obj
                0x00000e2c                RESET_ClearPeripheralReset
 .text.RESET_PeripheralReset
                0x00000ed4       0x22 CMakeFiles/distributed_ecu.dir/D_/summer_school/mcuxsdk/mcuxsdk/devices/MCX/MCXA/MCXA153/drivers/fsl_reset.c.obj
                0x00000ed4                RESET_PeripheralReset
 *fill*         0x00000ef6        0x2 
 .text.CLOCK_EnableClock
                0x00000ef8       0x88 CMakeFiles/distributed_ecu.dir/D_/summer_school/mcuxsdk/mcuxsdk/drivers/gpio/fsl_gpio.c.obj
 .text.CLOCK_DisableClock
                0x00000f80       0x98 CMakeFiles/distributed_ecu.dir/D_/summer_school/mcuxsdk/mcuxsdk/drivers/gpio/fsl_gpio.c.obj
 .text.GPIO_PinWrite
                0x00001018       0x34 CMakeFiles/distributed_ecu.dir/D_/summer_school/mcuxsdk/mcuxsdk/drivers/gpio/fsl_gpio.c.obj
 .text.GPIO_GetInstance
                0x0000104c       0x58 CMakeFiles/distributed_ecu.dir/D_/summer_school/mcuxsdk/mcuxsdk/drivers/gpio/fsl_gpio.c.obj
 .text.GPIO_PortClockEnable
                0x000010a4       0x64 CMakeFiles/distributed_ecu.dir/D_/summer_school/mcuxsdk/mcuxsdk/drivers/gpio/fsl_gpio.c.obj
 .text.GPIO_PinInit
                0x00001108       0x78 CMakeFiles/distributed_ecu.dir/D_/summer_school/mcuxsdk/mcuxsdk/drivers/gpio/fsl_gpio.c.obj
                0x00001108                GPIO_PinInit
 .text.CLOCK_EnableClock
                0x00001180       0x88 CMakeFiles/distributed_ecu.dir/D_/summer_school/mcuxsdk/mcuxsdk/drivers/lpi2c/fsl_lpi2c.c.obj
 .text.RESET_ReleasePeripheralReset
                0x00001208       0x1a CMakeFiles/distributed_ecu.dir/D_/summer_school/mcuxsdk/mcuxsdk/drivers/lpi2c/fsl_lpi2c.c.obj
 .text.LPI2C_MasterReset
                0x00001222       0x1e CMakeFiles/distributed_ecu.dir/D_/summer_school/mcuxsdk/mcuxsdk/drivers/lpi2c/fsl_lpi2c.c.obj
 .text.LPI2C_MasterEnable
                0x00001240       0x30 CMakeFiles/distributed_ecu.dir/D_/summer_school/mcuxsdk/mcuxsdk/drivers/lpi2c/fsl_lpi2c.c.obj
 .text.LPI2C_MasterGetStatusFlags
                0x00001270       0x16 CMakeFiles/distributed_ecu.dir/D_/summer_school/mcuxsdk/mcuxsdk/drivers/lpi2c/fsl_lpi2c.c.obj
 .text.LPI2C_MasterClearStatusFlags
                0x00001286       0x1a CMakeFiles/distributed_ecu.dir/D_/summer_school/mcuxsdk/mcuxsdk/drivers/lpi2c/fsl_lpi2c.c.obj
 .text.LPI2C_MasterSetWatermarks
                0x000012a0       0x2a CMakeFiles/distributed_ecu.dir/D_/summer_school/mcuxsdk/mcuxsdk/drivers/lpi2c/fsl_lpi2c.c.obj
 .text.LPI2C_MasterGetFifoCounts
                0x000012ca       0x3c CMakeFiles/distributed_ecu.dir/D_/summer_school/mcuxsdk/mcuxsdk/drivers/lpi2c/fsl_lpi2c.c.obj
 .text.LPI2C_SlaveEnable
                0x00001306       0x34 CMakeFiles/distributed_ecu.dir/D_/summer_school/mcuxsdk/mcuxsdk/drivers/lpi2c/fsl_lpi2c.c.obj
 *fill*         0x0000133a        0x2 
 .text.LPI2C_GetInstance
                0x0000133c       0x54 CMakeFiles/distributed_ecu.dir/D_/summer_school/mcuxsdk/mcuxsdk/drivers/lpi2c/fsl_lpi2c.c.obj
                0x0000133c                LPI2C_GetInstance
 .text.LPI2C_GetCyclesForWidth
                0x00001390       0x8c CMakeFiles/distributed_ecu.dir/D_/summer_school/mcuxsdk/mcuxsdk/drivers/lpi2c/fsl_lpi2c.c.obj
 .text.LPI2C_MasterCheckAndClearError
                0x0000141c       0x9c CMakeFiles/distributed_ecu.dir/D_/summer_school/mcuxsdk/mcuxsdk/drivers/lpi2c/fsl_lpi2c.c.obj
                0x0000141c                LPI2C_MasterCheckAndClearError
 .text.LPI2C_MasterWaitForTxReady
                0x000014b8       0x52 CMakeFiles/distributed_ecu.dir/D_/summer_school/mcuxsdk/mcuxsdk/drivers/lpi2c/fsl_lpi2c.c.obj
 .text.LPI2C_CheckForBusyBus
                0x0000150a       0x38 CMakeFiles/distributed_ecu.dir/D_/summer_school/mcuxsdk/mcuxsdk/drivers/lpi2c/fsl_lpi2c.c.obj
                0x0000150a                LPI2C_CheckForBusyBus
 *fill*         0x00001542        0x2 
 .text.LPI2C_MasterGetDefaultConfig
                0x00001544       0x6c CMakeFiles/distributed_ecu.dir/D_/summer_school/mcuxsdk/mcuxsdk/drivers/lpi2c/fsl_lpi2c.c.obj
                0x00001544                LPI2C_MasterGetDefaultConfig
 .text.LPI2C_MasterInit
                0x000015b0      0x1e0 CMakeFiles/distributed_ecu.dir/D_/summer_school/mcuxsdk/mcuxsdk/drivers/lpi2c/fsl_lpi2c.c.obj
                0x000015b0                LPI2C_MasterInit
 .text.LPI2C_MasterSetBaudRate
                0x00001790      0x32c CMakeFiles/distributed_ecu.dir/D_/summer_school/mcuxsdk/mcuxsdk/drivers/lpi2c/fsl_lpi2c.c.obj
                0x00001790                LPI2C_MasterSetBaudRate
 .text.LPI2C_MasterStop
                0x00001abc       0x6a CMakeFiles/distributed_ecu.dir/D_/summer_school/mcuxsdk/mcuxsdk/drivers/lpi2c/fsl_lpi2c.c.obj
                0x00001abc                LPI2C_MasterStop
 *fill*         0x00001b26        0x2 
 .text.LPI2C_MasterReceive
                0x00001b28       0xf0 CMakeFiles/distributed_ecu.dir/D_/summer_school/mcuxsdk/mcuxsdk/drivers/lpi2c/fsl_lpi2c.c.obj
                0x00001b28                LPI2C_MasterReceive
 .text.LPI2C_MasterSend
                0x00001c18       0x6c CMakeFiles/distributed_ecu.dir/D_/summer_school/mcuxsdk/mcuxsdk/drivers/lpi2c/fsl_lpi2c.c.obj
                0x00001c18                LPI2C_MasterSend
 .text.LPI2C_MasterTransferBlocking
                0x00001c84      0x1ec CMakeFiles/distributed_ecu.dir/D_/summer_school/mcuxsdk/mcuxsdk/drivers/lpi2c/fsl_lpi2c.c.obj
                0x00001c84                LPI2C_MasterTransferBlocking
 .text.LPI2C_CommonIRQHandler
                0x00001e70       0x70 CMakeFiles/distributed_ecu.dir/D_/summer_school/mcuxsdk/mcuxsdk/drivers/lpi2c/fsl_lpi2c.c.obj
 .text.LPI2C0_DriverIRQHandler
                0x00001ee0       0x14 CMakeFiles/distributed_ecu.dir/D_/summer_school/mcuxsdk/mcuxsdk/drivers/lpi2c/fsl_lpi2c.c.obj
                0x00001ee0                LPI2C0_DriverIRQHandler
 .text.CLOCK_EnableClock
                0x00001ef4       0x88 CMakeFiles/distributed_ecu.dir/D_/summer_school/mcuxsdk/mcuxsdk/drivers/lpuart/fsl_lpuart.c.obj
 .text.RESET_ReleasePeripheralReset
                0x00001f7c       0x1a CMakeFiles/distributed_ecu.dir/D_/summer_school/mcuxsdk/mcuxsdk/drivers/lpuart/fsl_lpuart.c.obj
 .text.DisableGlobalIRQ
                0x00001f96       0x20 CMakeFiles/distributed_ecu.dir/D_/summer_school/mcuxsdk/mcuxsdk/drivers/lpuart/fsl_lpuart.c.obj
 .text.EnableGlobalIRQ
                0x00001fb6       0x1e CMakeFiles/distributed_ecu.dir/D_/summer_school/mcuxsdk/mcuxsdk/drivers/lpuart/fsl_lpuart.c.obj
 .text.LPUART_SoftwareReset
                0x00001fd4       0x2a CMakeFiles/distributed_ecu.dir/D_/summer_school/mcuxsdk/mcuxsdk/drivers/lpuart/fsl_lpuart.c.obj
 *fill*         0x00001ffe        0x2 
 .text.LPUART_GetInstance
                0x00002000       0x58 CMakeFiles/distributed_ecu.dir/D_/summer_school/mcuxsdk/mcuxsdk/drivers/lpuart/fsl_lpuart.c.obj
                0x00002000                LPUART_GetInstance
 .text.LPUART_Init
                0x00002058      0x400 CMakeFiles/distributed_ecu.dir/D_/summer_school/mcuxsdk/mcuxsdk/drivers/lpuart/fsl_lpuart.c.obj
                0x00002058                LPUART_Init
 .text.LPUART_GetDefaultConfig
                0x00002458       0xb0 CMakeFiles/distributed_ecu.dir/D_/summer_school/mcuxsdk/mcuxsdk/drivers/lpuart/fsl_lpuart.c.obj
                0x00002458                LPUART_GetDefaultConfig
 .text.LPUART_EnableInterrupts
                0x00002508       0xa8 CMakeFiles/distributed_ecu.dir/D_/summer_school/mcuxsdk/mcuxsdk/drivers/lpuart/fsl_lpuart.c.obj
                0x00002508                LPUART_EnableInterrupts
 .text.LPUART_GetStatusFlags
                0x000025b0       0x38 CMakeFiles/distributed_ecu.dir/D_/summer_school/mcuxsdk/mcuxsdk/drivers/lpuart/fsl_lpuart.c.obj
                0x000025b0                LPUART_GetStatusFlags
 .text.LPUART_ClearStatusFlags
                0x000025e8       0x7c CMakeFiles/distributed_ecu.dir/D_/summer_school/mcuxsdk/mcuxsdk/drivers/lpuart/fsl_lpuart.c.obj
                0x000025e8                LPUART_ClearStatusFlags
 .text.LPUART_WriteBlocking
                0x00002664       0x78 CMakeFiles/distributed_ecu.dir/D_/summer_school/mcuxsdk/mcuxsdk/drivers/lpuart/fsl_lpuart.c.obj
                0x00002664                LPUART_WriteBlocking
 .text.LPUART_WaitForReadData
                0x000026dc       0xd0 CMakeFiles/distributed_ecu.dir/D_/summer_school/mcuxsdk/mcuxsdk/drivers/lpuart/fsl_lpuart.c.obj
 .text.LPUART_ReadBlocking
                0x000027ac       0xc0 CMakeFiles/distributed_ecu.dir/D_/summer_school/mcuxsdk/mcuxsdk/drivers/lpuart/fsl_lpuart.c.obj
                0x000027ac                LPUART_ReadBlocking
 .text.LPUART0_DriverIRQHandler
                0x0000286c       0x24 CMakeFiles/distributed_ecu.dir/D_/summer_school/mcuxsdk/mcuxsdk/drivers/lpuart/fsl_lpuart.c.obj
                0x0000286c                LPUART0_DriverIRQHandler
 .text.LPUART1_DriverIRQHandler
                0x00002890       0x24 CMakeFiles/distributed_ecu.dir/D_/summer_school/mcuxsdk/mcuxsdk/drivers/lpuart/fsl_lpuart.c.obj
                0x00002890                LPUART1_DriverIRQHandler
 .text.LPUART2_DriverIRQHandler
                0x000028b4       0x24 CMakeFiles/distributed_ecu.dir/D_/summer_school/mcuxsdk/mcuxsdk/drivers/lpuart/fsl_lpuart.c.obj
                0x000028b4                LPUART2_DriverIRQHandler
 .text.SPC_GetActiveModeBandgapMode
                0x000028d8       0x20 CMakeFiles/distributed_ecu.dir/D_/summer_school/mcuxsdk/mcuxsdk/drivers/mcx_spc/fsl_spc.c.obj
 .text.SPC_GetActiveModeVoltageDetectStatus
                0x000028f8       0x20 CMakeFiles/distributed_ecu.dir/D_/summer_school/mcuxsdk/mcuxsdk/drivers/mcx_spc/fsl_spc.c.obj
 .text.SPC_GetActiveModeCoreLDOVDDVoltageLevel
                0x00002918       0x20 CMakeFiles/distributed_ecu.dir/D_/summer_school/mcuxsdk/mcuxsdk/drivers/mcx_spc/fsl_spc.c.obj
 .text.SPC_GetActiveModeCoreLDODriveStrength
                0x00002938       0x20 CMakeFiles/distributed_ecu.dir/D_/summer_school/mcuxsdk/mcuxsdk/drivers/mcx_spc/fsl_spc.c.obj
 .text.SPC_SetSRAMOperateVoltage
                0x00002958       0x68 CMakeFiles/distributed_ecu.dir/D_/summer_school/mcuxsdk/mcuxsdk/drivers/mcx_spc/fsl_spc.c.obj
                0x00002958                SPC_SetSRAMOperateVoltage
 .text.SPC_SetActiveModeCoreLDORegulatorConfig
                0x000029c0       0x94 CMakeFiles/distributed_ecu.dir/D_/summer_school/mcuxsdk/mcuxsdk/drivers/mcx_spc/fsl_spc.c.obj
                0x000029c0                SPC_SetActiveModeCoreLDORegulatorConfig
 .text.SPC_SetActiveModeCoreLDORegulatorVoltageLevel
                0x00002a54       0x60 CMakeFiles/distributed_ecu.dir/D_/summer_school/mcuxsdk/mcuxsdk/drivers/mcx_spc/fsl_spc.c.obj
                0x00002a54                SPC_SetActiveModeCoreLDORegulatorVoltageLevel
 .text.SPC_SetActiveModeCoreLDORegulatorDriveStrength
                0x00002ab4       0x5e CMakeFiles/distributed_ecu.dir/D_/summer_school/mcuxsdk/mcuxsdk/drivers/mcx_spc/fsl_spc.c.obj
                0x00002ab4                SPC_SetActiveModeCoreLDORegulatorDriveStrength
 .text.fsl_assert_hook
                0x00002b12       0x18 CMakeFiles/distributed_ecu.dir/D_/summer_school/mcuxsdk/mcuxsdk/components/assert/fsl_assert.c.obj
                0x00002b12                fsl_assert_hook
 *fill*         0x00002b2a        0x2 
 .text.__assert_func
                0x00002b2c       0x40 CMakeFiles/distributed_ecu.dir/D_/summer_school/mcuxsdk/mcuxsdk/components/assert/fsl_assert.c.obj
                0x00002b2c                __assert_func
 .text.DbgConsole_Init
                0x00002b6c       0x88 CMakeFiles/distributed_ecu.dir/D_/summer_school/mcuxsdk/mcuxsdk/components/debug_console_lite/fsl_debug_console.c.obj
                0x00002b6c                DbgConsole_Init
 .text.DbgConsole_Printf
                0x00002bf4       0x2c CMakeFiles/distributed_ecu.dir/D_/summer_school/mcuxsdk/mcuxsdk/components/debug_console_lite/fsl_debug_console.c.obj
                0x00002bf4                DbgConsole_Printf
 .text.DbgConsole_Vprintf
                0x00002c20       0x3c CMakeFiles/distributed_ecu.dir/D_/summer_school/mcuxsdk/mcuxsdk/components/debug_console_lite/fsl_debug_console.c.obj
                0x00002c20                DbgConsole_Vprintf
 .text.DbgConsole_Putchar
                0x00002c5c       0x30 CMakeFiles/distributed_ecu.dir/D_/summer_school/mcuxsdk/mcuxsdk/components/debug_console_lite/fsl_debug_console.c.obj
                0x00002c5c                DbgConsole_Putchar
 .text.DbgConsole_PrintfPaddingCharacter
                0x00002c8c       0x40 CMakeFiles/distributed_ecu.dir/D_/summer_school/mcuxsdk/mcuxsdk/components/debug_console_lite/fsl_debug_console.c.obj
 .text.DbgConsole_ConvertRadixNumToString
                0x00002ccc       0xc0 CMakeFiles/distributed_ecu.dir/D_/summer_school/mcuxsdk/mcuxsdk/components/debug_console_lite/fsl_debug_console.c.obj
 .text.DbgConsole_PrintfFormattedData
                0x00002d8c      0x3e0 CMakeFiles/distributed_ecu.dir/D_/summer_school/mcuxsdk/mcuxsdk/components/debug_console_lite/fsl_debug_console.c.obj
 .text._sbrk    0x0000316c       0x68 CMakeFiles/distributed_ecu.dir/D_/summer_school/mcuxsdk/mcuxsdk/components/misc_utilities/fsl_sbrk.c.obj
                0x0000316c                _sbrk
 .text.memcpy   0x000031d4       0xa0 CMakeFiles/distributed_ecu.dir/D_/summer_school/mcuxsdk/mcuxsdk/components/misc_utilities/fsl_memcpy.S.obj
                0x000031d4                memcpy
 .text.memset   0x00003274       0x54 CMakeFiles/distributed_ecu.dir/D_/summer_school/mcuxsdk/mcuxsdk/components/misc_utilities/fsl_memset.S.obj
                0x00003274                memset
 .text.HAL_UartGetStatus
                0x000032c8       0x26 CMakeFiles/distributed_ecu.dir/D_/summer_school/mcuxsdk/mcuxsdk/components/uart/fsl_adapter_lpuart.c.obj
 *fill*         0x000032ee        0x2 
 .text.HAL_UartInitCommon
                0x000032f0       0xe0 CMakeFiles/distributed_ecu.dir/D_/summer_school/mcuxsdk/mcuxsdk/components/uart/fsl_adapter_lpuart.c.obj
 .text.HAL_UartInit
                0x000033d0       0xac CMakeFiles/distributed_ecu.dir/D_/summer_school/mcuxsdk/mcuxsdk/components/uart/fsl_adapter_lpuart.c.obj
                0x000033d0                HAL_UartInit
 .text.HAL_UartReceiveBlocking
                0x0000347c       0x8c CMakeFiles/distributed_ecu.dir/D_/summer_school/mcuxsdk/mcuxsdk/components/uart/fsl_adapter_lpuart.c.obj
                0x0000347c                HAL_UartReceiveBlocking
 .text.HAL_UartSendBlocking
                0x00003508       0x84 CMakeFiles/distributed_ecu.dir/D_/summer_school/mcuxsdk/mcuxsdk/components/uart/fsl_adapter_lpuart.c.obj
                0x00003508                HAL_UartSendBlocking
 .text.BOARD_InitDebugConsole
                0x0000358c       0x30 CMakeFiles/distributed_ecu.dir/frdmmcxa153/frdmmcxa153/board.c.obj
                0x0000358c                BOARD_InitDebugConsole
 .text.BOARD_BootClockFRO12M
                0x000035bc       0xb8 CMakeFiles/distributed_ecu.dir/frdmmcxa153/frdmmcxa153/clock_config.c.obj
                0x000035bc                BOARD_BootClockFRO12M
 .text.CLOCK_EnableClock
                0x00003674       0x88 CMakeFiles/distributed_ecu.dir/frdmmcxa153/led_blinky/pin_mux.c.obj
 .text.RESET_ReleasePeripheralReset
                0x000036fc       0x1a CMakeFiles/distributed_ecu.dir/frdmmcxa153/led_blinky/pin_mux.c.obj
 *fill*         0x00003716        0x2 
 .text.PORT_SetPinConfig
                0x00003718       0x48 CMakeFiles/distributed_ecu.dir/frdmmcxa153/led_blinky/pin_mux.c.obj
 .text.BOARD_InitPins
                0x00003760      0x204 CMakeFiles/distributed_ecu.dir/frdmmcxa153/led_blinky/pin_mux.c.obj
                0x00003760                BOARD_InitPins
 .text.GPIO_PinWrite
                0x00003964       0x34 CMakeFiles/distributed_ecu.dir/frdmmcxa153/led_blinky/hardware_init.c.obj
 .text.BOARD_InitHardware
                0x00003998       0x64 CMakeFiles/distributed_ecu.dir/frdmmcxa153/led_blinky/hardware_init.c.obj
                0x00003998                BOARD_InitHardware
 .text.__NVIC_SetPriority
                0x000039fc       0x54 CMakeFiles/distributed_ecu.dir/led_blinky.c.obj
 .text.SysTick_Config
                0x00003a50       0x44 CMakeFiles/distributed_ecu.dir/led_blinky.c.obj
 .text.GPIO_PinWrite
                0x00003a94       0x34 CMakeFiles/distributed_ecu.dir/led_blinky.c.obj
 .text.GPIO_PortToggle
                0x00003ac8       0x1a CMakeFiles/distributed_ecu.dir/led_blinky.c.obj
 .text.GPIO_PinRead
                0x00003ae2       0x22 CMakeFiles/distributed_ecu.dir/led_blinky.c.obj
 .text.LPUART_ReadByte
                0x00003b04       0x6c CMakeFiles/distributed_ecu.dir/led_blinky.c.obj
 .text.PORT_SetPinConfig
                0x00003b70       0x48 CMakeFiles/distributed_ecu.dir/led_blinky.c.obj
 .text.SysTick_Handler
                0x00003bb8       0x44 CMakeFiles/distributed_ecu.dir/led_blinky.c.obj
                0x00003bb8                SysTick_Handler
 .text.now_ms   0x00003bfc       0x14 CMakeFiles/distributed_ecu.dir/led_blinky.c.obj
 .text.console_redraw_prompt
                0x00003c10       0x38 CMakeFiles/distributed_ecu.dir/led_blinky.c.obj
 .text.console_try_read
                0x00003c48       0x50 CMakeFiles/distributed_ecu.dir/led_blinky.c.obj
 .text.i2c_probe
                0x00003c98       0x54 CMakeFiles/distributed_ecu.dir/led_blinky.c.obj
 .text.i2c_read_regs
                0x00003cec       0x64 CMakeFiles/distributed_ecu.dir/led_blinky.c.obj
 .text.i2c_write_reg
                0x00003d50       0x64 CMakeFiles/distributed_ecu.dir/led_blinky.c.obj
 .text.imu_wake
                0x00003db4       0x54 CMakeFiles/distributed_ecu.dir/led_blinky.c.obj
 .text.imu_service
                0x00003e08       0xfc CMakeFiles/distributed_ecu.dir/led_blinky.c.obj
 .text.test_i2c_scan
                0x00003f04       0xc8 CMakeFiles/distributed_ecu.dir/led_blinky.c.obj
 .text.test_imu
                0x00003fcc      0x208 CMakeFiles/distributed_ecu.dir/led_blinky.c.obj
 .text.test_extra_pins_init
                0x000041d4       0xc0 CMakeFiles/distributed_ecu.dir/led_blinky.c.obj
 .text.test_leds
                0x00004294       0xd8 CMakeFiles/distributed_ecu.dir/led_blinky.c.obj
 .text.test_buttons
                0x0000436c       0xb4 CMakeFiles/distributed_ecu.dir/led_blinky.c.obj
 .text.test_link
                0x00004420      0x1c8 CMakeFiles/distributed_ecu.dir/led_blinky.c.obj
 .text.test_links_both
                0x000045e8       0xe0 CMakeFiles/distributed_ecu.dir/led_blinky.c.obj
 .text.drive_send
                0x000046c8       0x4c CMakeFiles/distributed_ecu.dir/led_blinky.c.obj
 .text.drive_apply
                0x00004714       0x4c CMakeFiles/distributed_ecu.dir/led_blinky.c.obj
 .text.drive_set
                0x00004760       0x38 CMakeFiles/distributed_ecu.dir/led_blinky.c.obj
 .text.drive_stop
                0x00004798       0x34 CMakeFiles/distributed_ecu.dir/led_blinky.c.obj
 .text.drive_service
                0x000047cc       0x34 CMakeFiles/distributed_ecu.dir/led_blinky.c.obj
 .text.horn_set
                0x00004800       0x54 CMakeFiles/distributed_ecu.dir/led_blinky.c.obj
 .text.horn_service
                0x00004854       0x64 CMakeFiles/distributed_ecu.dir/led_blinky.c.obj
 .text.teleop_guard
                0x000048b8       0x44 CMakeFiles/distributed_ecu.dir/led_blinky.c.obj
 .text.teleop_mix
                0x000048fc      0x124 CMakeFiles/distributed_ecu.dir/led_blinky.c.obj
 .text.teleop_release
                0x00004a20       0xa0 CMakeFiles/distributed_ecu.dir/led_blinky.c.obj
 .text.teleop_service
                0x00004ac0       0x88 CMakeFiles/distributed_ecu.dir/led_blinky.c.obj
 .text.teleop_keys
                0x00004b48      0x108 CMakeFiles/distributed_ecu.dir/led_blinky.c.obj
 .text.telemetry_send
                0x00004c50      0x1b0 CMakeFiles/distributed_ecu.dir/led_blinky.c.obj
 .text.diag_edge
                0x00004e00       0x48 CMakeFiles/distributed_ecu.dir/led_blinky.c.obj
 .text.diag_service
                0x00004e48      0x1f4 CMakeFiles/distributed_ecu.dir/led_blinky.c.obj
 .text.drive_try_command
                0x0000503c      0x2ec CMakeFiles/distributed_ecu.dir/led_blinky.c.obj
 .text.console_service
                0x00005328       0xf4 CMakeFiles/distributed_ecu.dir/led_blinky.c.obj
 .text.vcu_consume
                0x0000541c      0x170 CMakeFiles/distributed_ecu.dir/led_blinky.c.obj
 .text.link_service
                0x0000558c       0xc4 CMakeFiles/distributed_ecu.dir/led_blinky.c.obj
 .text.main     0x00005650      0x15c CMakeFiles/distributed_ecu.dir/led_blinky.c.obj
                0x00005650                main
 .text.__NVIC_EnableIRQ
                0x000057ac       0x38 CMakeFiles/distributed_ecu.dir/link.c.obj
 .text.__NVIC_SetPriority
                0x000057e4       0x54 CMakeFiles/distributed_ecu.dir/link.c.obj
 .text.EnableIRQ
                0x00005838       0x32 CMakeFiles/distributed_ecu.dir/link.c.obj
 .text.LPUART_ReadByte
                0x0000586a       0x6c CMakeFiles/distributed_ecu.dir/link.c.obj
 *fill*         0x000058d6        0x2 
 .text.link_isr
                0x000058d8       0xc4 CMakeFiles/distributed_ecu.dir/link.c.obj
 .text.LPUART2_IRQHandler
                0x0000599c        0xe CMakeFiles/distributed_ecu.dir/link.c.obj
                0x0000599c                LPUART2_IRQHandler
 .text.LPUART1_IRQHandler
                0x000059aa        0xe CMakeFiles/distributed_ecu.dir/link.c.obj
                0x000059aa                LPUART1_IRQHandler
 .text.LINK_Init
                0x000059b8      0x110 CMakeFiles/distributed_ecu.dir/link.c.obj
                0x000059b8                LINK_Init
 .text.link_gw_send
                0x00005ac8       0xa4 CMakeFiles/distributed_ecu.dir/link.c.obj
 .text.link_gw_read
                0x00005b6c       0xb4 CMakeFiles/distributed_ecu.dir/link.c.obj
 .text.LINK_SendLine
                0x00005c20       0x68 CMakeFiles/distributed_ecu.dir/link.c.obj
                0x00005c20                LINK_SendLine
 .text.LINK_Broadcast
                0x00005c88       0x3e CMakeFiles/distributed_ecu.dir/link.c.obj
                0x00005c88                LINK_Broadcast
 .text.link_ring_get
                0x00005cc6       0x58 CMakeFiles/distributed_ecu.dir/link.c.obj
 *fill*         0x00005d1e        0x2 
 .text.link_gw_poll
                0x00005d20       0xe4 CMakeFiles/distributed_ecu.dir/link.c.obj
 .text.LINK_PollLine
                0x00005e04      0x100 CMakeFiles/distributed_ecu.dir/link.c.obj
                0x00005e04                LINK_PollLine
 .text.LINK_GwOnline
                0x00005f04       0x14 CMakeFiles/distributed_ecu.dir/link.c.obj
                0x00005f04                LINK_GwOnline
 .text.LINK_GwStats
                0x00005f18       0x38 CMakeFiles/distributed_ecu.dir/link.c.obj
                0x00005f18                LINK_GwStats
 .text.LINK_GetName
                0x00005f50       0x40 CMakeFiles/distributed_ecu.dir/link.c.obj
                0x00005f50                LINK_GetName
 .text.SysTick_init
                0x00005f90       0x28 CMakeFiles/distributed_ecu.dir/led_blinky/peripherals.c.obj
 .text.BOARD_InitPeripherals
                0x00005fb8        0xc CMakeFiles/distributed_ecu.dir/led_blinky/peripherals.c.obj
                0x00005fb8                BOARD_InitPeripherals
 .text.BOARD_InitBootPeripherals
                0x00005fc4        0xc CMakeFiles/distributed_ecu.dir/led_blinky/peripherals.c.obj
                0x00005fc4                BOARD_InitBootPeripherals
 .text.exit     0x00005fd0       0x24 C:/Users/victo/.mcuxpressotools/arm-gnu-toolchain-14.2.rel1-mingw-w64-x86_64-arm-none-eabi/bin/../lib/gcc/arm-none-eabi/14.2.1/thumb/v8-m.main/nofp\libc_nano.a(libc_a-exit.o)
                0x00005fd0                exit
 .text.sbrk_aligned
                0x00005ff4       0x44 C:/Users/victo/.mcuxpressotools/arm-gnu-toolchain-14.2.rel1-mingw-w64-x86_64-arm-none-eabi/bin/../lib/gcc/arm-none-eabi/14.2.1/thumb/v8-m.main/nofp\libc_nano.a(libc_a-mallocr.o)
 .text._malloc_r
                0x00006038      0x100 C:/Users/victo/.mcuxpressotools/arm-gnu-toolchain-14.2.rel1-mingw-w64-x86_64-arm-none-eabi/bin/../lib/gcc/arm-none-eabi/14.2.1/thumb/v8-m.main/nofp\libc_nano.a(libc_a-mallocr.o)
                0x00006038                _malloc_r
 .text.__malloc_lock
                0x00006138        0xc C:/Users/victo/.mcuxpressotools/arm-gnu-toolchain-14.2.rel1-mingw-w64-x86_64-arm-none-eabi/bin/../lib/gcc/arm-none-eabi/14.2.1/thumb/v8-m.main/nofp\libc_nano.a(libc_a-mlock.o)
                0x00006138                __malloc_lock
 .text.__malloc_unlock
                0x00006144        0xc C:/Users/victo/.mcuxpressotools/arm-gnu-toolchain-14.2.rel1-mingw-w64-x86_64-arm-none-eabi/bin/../lib/gcc/arm-none-eabi/14.2.1/thumb/v8-m.main/nofp\libc_nano.a(libc_a-mlock.o)
                0x00006144                __malloc_unlock
 .text._strtoul_l.isra.0
                0x00006150       0xdc C:/Users/victo/.mcuxpressotools/arm-gnu-toolchain-14.2.rel1-mingw-w64-x86_64-arm-none-eabi/bin/../lib/gcc/arm-none-eabi/14.2.1/thumb/v8-m.main/nofp\libc_nano.a(libc_a-strtoul.o)
 .text._strtoul_r
                0x0000622c        0x4 C:/Users/victo/.mcuxpressotools/arm-gnu-toolchain-14.2.rel1-mingw-w64-x86_64-arm-none-eabi/bin/../lib/gcc/arm-none-eabi/14.2.1/thumb/v8-m.main/nofp\libc_nano.a(libc_a-strtoul.o)
                0x0000622c                _strtoul_r
 .text.snprintf
                0x00006230       0x6c C:/Users/victo/.mcuxpressotools/arm-gnu-toolchain-14.2.rel1-mingw-w64-x86_64-arm-none-eabi/bin/../lib/gcc/arm-none-eabi/14.2.1/thumb/v8-m.main/nofp\libc_nano.a(libc_a-snprintf.o)
                0x00006230                sniprintf
                0x00006230                snprintf
 .text.sscanf   0x0000629c       0x58 C:/Users/victo/.mcuxpressotools/arm-gnu-toolchain-14.2.rel1-mingw-w64-x86_64-arm-none-eabi/bin/../lib/gcc/arm-none-eabi/14.2.1/thumb/v8-m.main/nofp\libc_nano.a(libc_a-sscanf.o)
                0x0000629c                siscanf
                0x0000629c                sscanf
 .text.__seofread
                0x000062f4        0x4 C:/Users/victo/.mcuxpressotools/arm-gnu-toolchain-14.2.rel1-mingw-w64-x86_64-arm-none-eabi/bin/../lib/gcc/arm-none-eabi/14.2.1/thumb/v8-m.main/nofp\libc_nano.a(libc_a-stdio.o)
                0x000062f4                __seofread
 .text.strncmp  0x000062f8       0x24 C:/Users/victo/.mcuxpressotools/arm-gnu-toolchain-14.2.rel1-mingw-w64-x86_64-arm-none-eabi/bin/../lib/gcc/arm-none-eabi/14.2.1/thumb/v8-m.main/nofp\libc_nano.a(libc_a-strncmp.o)
                0x000062f8                strncmp
 .text._sbrk_r  0x0000631c       0x20 C:/Users/victo/.mcuxpressotools/arm-gnu-toolchain-14.2.rel1-mingw-w64-x86_64-arm-none-eabi/bin/../lib/gcc/arm-none-eabi/14.2.1/thumb/v8-m.main/nofp\libc_nano.a(libc_a-sbrkr.o)
                0x0000631c                _sbrk_r
 .text.__errno  0x0000633c        0xc C:/Users/victo/.mcuxpressotools/arm-gnu-toolchain-14.2.rel1-mingw-w64-x86_64-arm-none-eabi/bin/../lib/gcc/arm-none-eabi/14.2.1/thumb/v8-m.main/nofp\libc_nano.a(libc_a-errno.o)
                0x0000633c                __errno
 .text.__libc_init_array
                0x00006348       0x48 C:/Users/victo/.mcuxpressotools/arm-gnu-toolchain-14.2.rel1-mingw-w64-x86_64-arm-none-eabi/bin/../lib/gcc/arm-none-eabi/14.2.1/thumb/v8-m.main/nofp\libc_nano.a(libc_a-init.o)
                0x00006348                __libc_init_array
 .text.__retarget_lock_acquire_recursive
                0x00006390        0x2 C:/Users/victo/.mcuxpressotools/arm-gnu-toolchain-14.2.rel1-mingw-w64-x86_64-arm-none-eabi/bin/../lib/gcc/arm-none-eabi/14.2.1/thumb/v8-m.main/nofp\libc_nano.a(libc_a-lock.o)
                0x00006390                __retarget_lock_acquire_recursive
 .text.__retarget_lock_release_recursive
                0x00006392        0x2 C:/Users/victo/.mcuxpressotools/arm-gnu-toolchain-14.2.rel1-mingw-w64-x86_64-arm-none-eabi/bin/../lib/gcc/arm-none-eabi/14.2.1/thumb/v8-m.main/nofp\libc_nano.a(libc_a-lock.o)
                0x00006392                __retarget_lock_release_recursive
 .text._free_r  0x00006394       0x94 C:/Users/victo/.mcuxpressotools/arm-gnu-toolchain-14.2.rel1-mingw-w64-x86_64-arm-none-eabi/bin/../lib/gcc/arm-none-eabi/14.2.1/thumb/v8-m.main/nofp\libc_nano.a(libc_a-freer.o)
                0x00006394                _free_r
 .text.__ssputs_r
                0x00006428       0xc0 C:/Users/victo/.mcuxpressotools/arm-gnu-toolchain-14.2.rel1-mingw-w64-x86_64-arm-none-eabi/bin/../lib/gcc/arm-none-eabi/14.2.1/thumb/v8-m.main/nofp\libc_nano.a(libc_a-nano-svfprintf.o)
                0x00006428                __ssputs_r
 .text._svfprintf_r
                0x000064e8      0x1f8 C:/Users/victo/.mcuxpressotools/arm-gnu-toolchain-14.2.rel1-mingw-w64-x86_64-arm-none-eabi/bin/../lib/gcc/arm-none-eabi/14.2.1/thumb/v8-m.main/nofp\libc_nano.a(libc_a-nano-svfprintf.o)
                0x000064e8                _svfiprintf_r
                0x000064e8                _svfprintf_r
 .text._sungetc_r
                0x000066e0       0x7a C:/Users/victo/.mcuxpressotools/arm-gnu-toolchain-14.2.rel1-mingw-w64-x86_64-arm-none-eabi/bin/../lib/gcc/arm-none-eabi/14.2.1/thumb/v8-m.main/nofp\libc_nano.a(libc_a-nano-svfscanf.o)
                0x000066e0                _sungetc_r
 .text.__ssrefill_r
                0x0000675a       0x3a C:/Users/victo/.mcuxpressotools/arm-gnu-toolchain-14.2.rel1-mingw-w64-x86_64-arm-none-eabi/bin/../lib/gcc/arm-none-eabi/14.2.1/thumb/v8-m.main/nofp\libc_nano.a(libc_a-nano-svfscanf.o)
                0x0000675a                __ssrefill_r
 .text.__ssvfscanf_r
                0x00006794      0x300 C:/Users/victo/.mcuxpressotools/arm-gnu-toolchain-14.2.rel1-mingw-w64-x86_64-arm-none-eabi/bin/../lib/gcc/arm-none-eabi/14.2.1/thumb/v8-m.main/nofp\libc_nano.a(libc_a-nano-svfscanf.o)
                0x00006794                __ssvfiscanf_r
                0x00006794                __ssvfscanf_r
 .text._printf_common
                0x00006a94       0xe4 C:/Users/victo/.mcuxpressotools/arm-gnu-toolchain-14.2.rel1-mingw-w64-x86_64-arm-none-eabi/bin/../lib/gcc/arm-none-eabi/14.2.1/thumb/v8-m.main/nofp\libc_nano.a(libc_a-nano-vfprintf_i.o)
                0x00006a94                _printf_common
 .text._printf_i
                0x00006b78      0x240 C:/Users/victo/.mcuxpressotools/arm-gnu-toolchain-14.2.rel1-mingw-w64-x86_64-arm-none-eabi/bin/../lib/gcc/arm-none-eabi/14.2.1/thumb/v8-m.main/nofp\libc_nano.a(libc_a-nano-vfprintf_i.o)
                0x00006b78                _printf_i
 .text._scanf_chars
                0x00006db8       0xb4 C:/Users/victo/.mcuxpressotools/arm-gnu-toolchain-14.2.rel1-mingw-w64-x86_64-arm-none-eabi/bin/../lib/gcc/arm-none-eabi/14.2.1/thumb/v8-m.main/nofp\libc_nano.a(libc_a-nano-vfscanf_i.o)
                0x00006db8                _scanf_chars
 .text._scanf_i
                0x00006e6c      0x1e0 C:/Users/victo/.mcuxpressotools/arm-gnu-toolchain-14.2.rel1-mingw-w64-x86_64-arm-none-eabi/bin/../lib/gcc/arm-none-eabi/14.2.1/thumb/v8-m.main/nofp\libc_nano.a(libc_a-nano-vfscanf_i.o)
                0x00006e6c                _scanf_i
 .text.__sccl   0x0000704c       0x72 C:/Users/victo/.mcuxpressotools/arm-gnu-toolchain-14.2.rel1-mingw-w64-x86_64-arm-none-eabi/bin/../lib/gcc/arm-none-eabi/14.2.1/thumb/v8-m.main/nofp\libc_nano.a(libc_a-sccl.o)
                0x0000704c                __sccl
 .text.__submore
                0x000070be       0x6e C:/Users/victo/.mcuxpressotools/arm-gnu-toolchain-14.2.rel1-mingw-w64-x86_64-arm-none-eabi/bin/../lib/gcc/arm-none-eabi/14.2.1/thumb/v8-m.main/nofp\libc_nano.a(libc_a-ungetc.o)
                0x000070be                __submore
 .text.memmove  0x0000712c       0x32 C:/Users/victo/.mcuxpressotools/arm-gnu-toolchain-14.2.rel1-mingw-w64-x86_64-arm-none-eabi/bin/../lib/gcc/arm-none-eabi/14.2.1/thumb/v8-m.main/nofp\libc_nano.a(libc_a-memmove.o)
                0x0000712c                memmove
 .text.memchr   0x0000715e       0x1c C:/Users/victo/.mcuxpressotools/arm-gnu-toolchain-14.2.rel1-mingw-w64-x86_64-arm-none-eabi/bin/../lib/gcc/arm-none-eabi/14.2.1/thumb/v8-m.main/nofp\libc_nano.a(libc_a-memchr-stub.o)
                0x0000715e                memchr
 .text._realloc_r
                0x0000717a       0x5c C:/Users/victo/.mcuxpressotools/arm-gnu-toolchain-14.2.rel1-mingw-w64-x86_64-arm-none-eabi/bin/../lib/gcc/arm-none-eabi/14.2.1/thumb/v8-m.main/nofp\libc_nano.a(libc_a-reallocr.o)
                0x0000717a                _realloc_r
 *fill*         0x000071d6        0x2 
 .text._strtol_l.isra.0
                0x000071d8       0xf4 C:/Users/victo/.mcuxpressotools/arm-gnu-toolchain-14.2.rel1-mingw-w64-x86_64-arm-none-eabi/bin/../lib/gcc/arm-none-eabi/14.2.1/thumb/v8-m.main/nofp\libc_nano.a(libc_a-strtol.o)
 .text._strtol_r
                0x000072cc        0x4 C:/Users/victo/.mcuxpressotools/arm-gnu-toolchain-14.2.rel1-mingw-w64-x86_64-arm-none-eabi/bin/../lib/gcc/arm-none-eabi/14.2.1/thumb/v8-m.main/nofp\libc_nano.a(libc_a-strtol.o)
                0x000072cc                _strtol_r
 .text._malloc_usable_size_r
                0x000072d0       0x10 C:/Users/victo/.mcuxpressotools/arm-gnu-toolchain-14.2.rel1-mingw-w64-x86_64-arm-none-eabi/bin/../lib/gcc/arm-none-eabi/14.2.1/thumb/v8-m.main/nofp\libc_nano.a(libc_a-msizer.o)
                0x000072d0                _malloc_usable_size_r
 .text._exit    0x000072e0        0x4 C:/Users/victo/.mcuxpressotools/arm-gnu-toolchain-14.2.rel1-mingw-w64-x86_64-arm-none-eabi/bin/../lib/gcc/arm-none-eabi/14.2.1/thumb/v8-m.main/nofp\libnosys.a(_exit.o)
                0x000072e0                _exit
 *(.rodata)
 .rodata        0x000072e4       0x86 CMakeFiles/distributed_ecu.dir/D_/summer_school/mcuxsdk/mcuxsdk/devices/MCX/MCXA/MCXA153/drivers/fsl_clock.c.obj
 *fill*         0x0000736a        0x2 
 .rodata        0x0000736c       0x6e CMakeFiles/distributed_ecu.dir/D_/summer_school/mcuxsdk/mcuxsdk/devices/MCX/MCXA/MCXA153/drivers/fsl_reset.c.obj
 *fill*         0x000073da        0x2 
 .rodata        0x000073dc       0x97 CMakeFiles/distributed_ecu.dir/D_/summer_school/mcuxsdk/mcuxsdk/drivers/gpio/fsl_gpio.c.obj
 *fill*         0x00007473        0x1 
 .rodata        0x00007474      0x2ca CMakeFiles/distributed_ecu.dir/D_/summer_school/mcuxsdk/mcuxsdk/drivers/lpi2c/fsl_lpi2c.c.obj
 *fill*         0x0000773e        0x2 
 .rodata        0x00007740      0x28a CMakeFiles/distributed_ecu.dir/D_/summer_school/mcuxsdk/mcuxsdk/drivers/lpuart/fsl_lpuart.c.obj
 *fill*         0x000079ca        0x2 
 .rodata        0x000079cc       0x8b CMakeFiles/distributed_ecu.dir/D_/summer_school/mcuxsdk/mcuxsdk/drivers/mcx_spc/fsl_spc.c.obj
 *fill*         0x00007a57        0x1 
 .rodata        0x00007a58       0x3e CMakeFiles/distributed_ecu.dir/D_/summer_school/mcuxsdk/mcuxsdk/components/assert/fsl_assert.c.obj
 *fill*         0x00007a96        0x2 
 .rodata        0x00007a98      0x10c CMakeFiles/distributed_ecu.dir/D_/summer_school/mcuxsdk/mcuxsdk/components/uart/fsl_adapter_lpuart.c.obj
 .rodata        0x00007ba4       0x49 CMakeFiles/distributed_ecu.dir/frdmmcxa153/led_blinky/pin_mux.c.obj
 *fill*         0x00007bed        0x3 
 .rodata        0x00007bf0     0x1664 CMakeFiles/distributed_ecu.dir/led_blinky.c.obj
 .rodata        0x00009254       0x16 CMakeFiles/distributed_ecu.dir/link.c.obj
 *fill*         0x0000926a        0x2 
 .rodata        0x0000926c        0xc C:/Users/victo/.mcuxpressotools/arm-gnu-toolchain-14.2.rel1-mingw-w64-x86_64-arm-none-eabi/bin/../lib/gcc/arm-none-eabi/14.2.1/thumb/v8-m.main/nofp\libc_nano.a(libc_a-nano-vfscanf_i.o)
 *(.rodata*)
 .rodata.__func__.4
                0x00009278       0x15 CMakeFiles/distributed_ecu.dir/D_/summer_school/mcuxsdk/mcuxsdk/devices/MCX/MCXA/MCXA153/drivers/fsl_clock.c.obj
 *fill*         0x0000928d        0x3 
 .rodata.__func__.2
                0x00009290       0x12 CMakeFiles/distributed_ecu.dir/D_/summer_school/mcuxsdk/mcuxsdk/devices/MCX/MCXA/MCXA153/drivers/fsl_clock.c.obj
 *fill*         0x000092a2        0x2 
 .rodata.__func__.1
                0x000092a4       0x19 CMakeFiles/distributed_ecu.dir/D_/summer_school/mcuxsdk/mcuxsdk/devices/MCX/MCXA/MCXA153/drivers/fsl_reset.c.obj
 *fill*         0x000092bd        0x3 
 .rodata.__func__.0
                0x000092c0       0x1b CMakeFiles/distributed_ecu.dir/D_/summer_school/mcuxsdk/mcuxsdk/devices/MCX/MCXA/MCXA153/drivers/fsl_reset.c.obj
 *fill*         0x000092db        0x1 
 .rodata.s_gpioBases
                0x000092dc       0x10 CMakeFiles/distributed_ecu.dir/D_/summer_school/mcuxsdk/mcuxsdk/drivers/gpio/fsl_gpio.c.obj
 .rodata.s_gpioClockName
                0x000092ec       0x10 CMakeFiles/distributed_ecu.dir/D_/summer_school/mcuxsdk/mcuxsdk/drivers/gpio/fsl_gpio.c.obj
 .rodata.__func__.2
                0x000092fc       0x11 CMakeFiles/distributed_ecu.dir/D_/summer_school/mcuxsdk/mcuxsdk/drivers/gpio/fsl_gpio.c.obj
 *fill*         0x0000930d        0x3 
 .rodata.__func__.1
                0x00009310       0x15 CMakeFiles/distributed_ecu.dir/D_/summer_school/mcuxsdk/mcuxsdk/drivers/gpio/fsl_gpio.c.obj
 *fill*         0x00009325        0x3 
 .rodata.__func__.0
                0x00009328        0xd CMakeFiles/distributed_ecu.dir/D_/summer_school/mcuxsdk/mcuxsdk/drivers/gpio/fsl_gpio.c.obj
 *fill*         0x00009335        0x3 
 .rodata.__func__.22
                0x00009338       0x12 CMakeFiles/distributed_ecu.dir/D_/summer_school/mcuxsdk/mcuxsdk/drivers/lpi2c/fsl_lpi2c.c.obj
 *fill*         0x0000934a        0x2 
 .rodata.__func__.21
                0x0000934c       0x18 CMakeFiles/distributed_ecu.dir/D_/summer_school/mcuxsdk/mcuxsdk/drivers/lpi2c/fsl_lpi2c.c.obj
 .rodata.__func__.20
                0x00009364       0x18 CMakeFiles/distributed_ecu.dir/D_/summer_school/mcuxsdk/mcuxsdk/drivers/lpi2c/fsl_lpi2c.c.obj
 .rodata.__func__.19
                0x0000937c       0x14 CMakeFiles/distributed_ecu.dir/D_/summer_school/mcuxsdk/mcuxsdk/drivers/lpi2c/fsl_lpi2c.c.obj
 .rodata.__func__.18
                0x00009390       0x11 CMakeFiles/distributed_ecu.dir/D_/summer_school/mcuxsdk/mcuxsdk/drivers/lpi2c/fsl_lpi2c.c.obj
 *fill*         0x000093a1        0x3 
 .rodata.__func__.17
                0x000093a4       0x1d CMakeFiles/distributed_ecu.dir/D_/summer_school/mcuxsdk/mcuxsdk/drivers/lpi2c/fsl_lpi2c.c.obj
 *fill*         0x000093c1        0x3 
 .rodata.s_lpuartBases
                0x000093c4        0xc CMakeFiles/distributed_ecu.dir/D_/summer_school/mcuxsdk/mcuxsdk/drivers/lpuart/fsl_lpuart.c.obj
 .rodata.s_lpuartClock
                0x000093d0        0xc CMakeFiles/distributed_ecu.dir/D_/summer_school/mcuxsdk/mcuxsdk/drivers/lpuart/fsl_lpuart.c.obj
 .rodata.s_lpuartResets
                0x000093dc        0x6 CMakeFiles/distributed_ecu.dir/D_/summer_school/mcuxsdk/mcuxsdk/drivers/lpuart/fsl_lpuart.c.obj
 *fill*         0x000093e2        0x2 
 .rodata.__func__.25
                0x000093e4       0x13 CMakeFiles/distributed_ecu.dir/D_/summer_school/mcuxsdk/mcuxsdk/drivers/lpuart/fsl_lpuart.c.obj
 *fill*         0x000093f7        0x1 
 .rodata.__func__.18
                0x000093f8        0xc CMakeFiles/distributed_ecu.dir/D_/summer_school/mcuxsdk/mcuxsdk/drivers/lpuart/fsl_lpuart.c.obj
 .rodata.__func__.17
                0x00009404       0x18 CMakeFiles/distributed_ecu.dir/D_/summer_school/mcuxsdk/mcuxsdk/drivers/lpuart/fsl_lpuart.c.obj
 .rodata.__func__.13
                0x0000941c       0x15 CMakeFiles/distributed_ecu.dir/D_/summer_school/mcuxsdk/mcuxsdk/drivers/lpuart/fsl_lpuart.c.obj
 *fill*         0x00009431        0x3 
 .rodata.__func__.11
                0x00009434       0x14 CMakeFiles/distributed_ecu.dir/D_/summer_school/mcuxsdk/mcuxsdk/drivers/lpuart/fsl_lpuart.c.obj
 .rodata.__func__.5
                0x00009448       0x1a CMakeFiles/distributed_ecu.dir/D_/summer_school/mcuxsdk/mcuxsdk/drivers/mcx_spc/fsl_spc.c.obj
 *fill*         0x00009462        0x2 
 .rodata.__func__.2
                0x00009464       0x28 CMakeFiles/distributed_ecu.dir/D_/summer_school/mcuxsdk/mcuxsdk/drivers/mcx_spc/fsl_spc.c.obj
 .rodata.s_LpuartAdapterBase
                0x0000948c        0xc CMakeFiles/distributed_ecu.dir/D_/summer_school/mcuxsdk/mcuxsdk/components/uart/fsl_adapter_lpuart.c.obj
 .rodata.__func__.4
                0x00009498        0xd CMakeFiles/distributed_ecu.dir/D_/summer_school/mcuxsdk/mcuxsdk/components/uart/fsl_adapter_lpuart.c.obj
 *fill*         0x000094a5        0x3 
 .rodata.__func__.2
                0x000094a8       0x18 CMakeFiles/distributed_ecu.dir/D_/summer_school/mcuxsdk/mcuxsdk/components/uart/fsl_adapter_lpuart.c.obj
 .rodata.__func__.1
                0x000094c0       0x15 CMakeFiles/distributed_ecu.dir/D_/summer_school/mcuxsdk/mcuxsdk/components/uart/fsl_adapter_lpuart.c.obj
 *fill*         0x000094d5        0x3 
 .rodata.__func__.0
                0x000094d8       0x12 CMakeFiles/distributed_ecu.dir/frdmmcxa153/led_blinky/pin_mux.c.obj
 *fill*         0x000094ea        0x2 
 .rodata.__func__.1
                0x000094ec       0x12 CMakeFiles/distributed_ecu.dir/led_blinky.c.obj
 *fill*         0x000094fe        0x2 
 .rodata.k_config
                0x00009500       0x20 CMakeFiles/distributed_ecu.dir/link.c.obj
 .rodata.newline.0
                0x00009520        0x1 CMakeFiles/distributed_ecu.dir/link.c.obj
 .rodata._ctype_
                0x00009521      0x101 C:/Users/victo/.mcuxpressotools/arm-gnu-toolchain-14.2.rel1-mingw-w64-x86_64-arm-none-eabi/bin/../lib/gcc/arm-none-eabi/14.2.1/thumb/v8-m.main/nofp\libc_nano.a(libc_a-ctype_.o)
                0x00009521                _ctype_
 .rodata._svfprintf_r.str1.1
                0x00009622       0x4e C:/Users/victo/.mcuxpressotools/arm-gnu-toolchain-14.2.rel1-mingw-w64-x86_64-arm-none-eabi/bin/../lib/gcc/arm-none-eabi/14.2.1/thumb/v8-m.main/nofp\libc_nano.a(libc_a-nano-svfprintf.o)
                                 0x11 (size before relaxing)
 .rodata.__ssvfscanf_r.str1.1
                0x00009670        0x4 C:/Users/victo/.mcuxpressotools/arm-gnu-toolchain-14.2.rel1-mingw-w64-x86_64-arm-none-eabi/bin/../lib/gcc/arm-none-eabi/14.2.1/thumb/v8-m.main/nofp\libc_nano.a(libc_a-nano-svfscanf.o)
 .rodata._printf_i.str1.1
                0x00009670       0x22 C:/Users/victo/.mcuxpressotools/arm-gnu-toolchain-14.2.rel1-mingw-w64-x86_64-arm-none-eabi/bin/../lib/gcc/arm-none-eabi/14.2.1/thumb/v8-m.main/nofp\libc_nano.a(libc_a-nano-vfprintf_i.o)
 .rodata._scanf_i.str1.1
                0x00009670       0x12 C:/Users/victo/.mcuxpressotools/arm-gnu-toolchain-14.2.rel1-mingw-w64-x86_64-arm-none-eabi/bin/../lib/gcc/arm-none-eabi/14.2.1/thumb/v8-m.main/nofp\libc_nano.a(libc_a-nano-vfscanf_i.o)
 .rodata.str1.1
                0x00009670        0x9 C:/Users/victo/.mcuxpressotools/arm-gnu-toolchain-14.2.rel1-mingw-w64-x86_64-arm-none-eabi/bin/../lib/gcc/arm-none-eabi/14.2.1/thumb/v8-m.main/nofp\libc_nano.a(libc_a-nano-vfscanf_i.o)
 *(.glue_7)
 .glue_7        0x00009670        0x0 linker stubs
 *(.glue_7t)
 .glue_7t       0x00009670        0x0 linker stubs
 *(.eh_frame)
 .eh_frame      0x00009670        0x0 C:/Users/victo/.mcuxpressotools/arm-gnu-toolchain-14.2.rel1-mingw-w64-x86_64-arm-none-eabi/bin/../lib/gcc/arm-none-eabi/14.2.1/thumb/v8-m.main/nofp/crtbegin.o
 *(.init)
 .init          0x00009670        0x4 C:/Users/victo/.mcuxpressotools/arm-gnu-toolchain-14.2.rel1-mingw-w64-x86_64-arm-none-eabi/bin/../lib/gcc/arm-none-eabi/14.2.1/thumb/v8-m.main/nofp/crti.o
                0x00009670                _init
 .init          0x00009674        0x8 C:/Users/victo/.mcuxpressotools/arm-gnu-toolchain-14.2.rel1-mingw-w64-x86_64-arm-none-eabi/bin/../lib/gcc/arm-none-eabi/14.2.1/thumb/v8-m.main/nofp/crtn.o
 *(.fini)
 .fini          0x0000967c        0x4 C:/Users/victo/.mcuxpressotools/arm-gnu-toolchain-14.2.rel1-mingw-w64-x86_64-arm-none-eabi/bin/../lib/gcc/arm-none-eabi/14.2.1/thumb/v8-m.main/nofp/crti.o
                0x0000967c                _fini
 .fini          0x00009680        0x8 C:/Users/victo/.mcuxpressotools/arm-gnu-toolchain-14.2.rel1-mingw-w64-x86_64-arm-none-eabi/bin/../lib/gcc/arm-none-eabi/14.2.1/thumb/v8-m.main/nofp/crtn.o
                0x00009694                        . = ALIGN (0x4)

.vfp11_veneer   0x00009688        0x0
 .vfp11_veneer  0x00009688        0x0 linker stubs

.v4_bx          0x00009688        0x0
 .v4_bx         0x00009688        0x0 linker stubs

.iplt           0x00009688        0x0
 .iplt          0x00009688        0x0 C:/Users/victo/.mcuxpressotools/arm-gnu-toolchain-14.2.rel1-mingw-w64-x86_64-arm-none-eabi/bin/../lib/gcc/arm-none-eabi/14.2.1/thumb/v8-m.main/nofp/crtbegin.o

.ARM.extab
 *(.ARM.extab* .gnu.linkonce.armextab.*)

.ARM            0x00009688        0x8
                0x00009688                        __exidx_start = .
 *(.ARM.exidx*)
 .ARM.exidx     0x00009688        0x8 C:/Users/victo/.mcuxpressotools/arm-gnu-toolchain-14.2.rel1-mingw-w64-x86_64-arm-none-eabi/bin/../lib/gcc/arm-none-eabi/14.2.1/thumb/v8-m.main/nofp/crt0.o
                                 0x10 (size before relaxing)
 .ARM.exidx     0x00009690        0x0 C:/Users/victo/.mcuxpressotools/arm-gnu-toolchain-14.2.rel1-mingw-w64-x86_64-arm-none-eabi/bin/../lib/gcc/arm-none-eabi/14.2.1/thumb/v8-m.main/nofp\libc_nano.a(libc_a-strcmp.o)
                                  0x8 (size before relaxing)
 .ARM.exidx     0x00009690        0x0 C:/Users/victo/.mcuxpressotools/arm-gnu-toolchain-14.2.rel1-mingw-w64-x86_64-arm-none-eabi/bin/../lib/gcc/arm-none-eabi/14.2.1/thumb/v8-m.main/nofp\libc_nano.a(libc_a-strlen.o)
                                  0x8 (size before relaxing)
                0x00009690                        __exidx_end = .

.rel.dyn        0x00009690        0x0
 .rel.iplt      0x00009690        0x0 C:/Users/victo/.mcuxpressotools/arm-gnu-toolchain-14.2.rel1-mingw-w64-x86_64-arm-none-eabi/bin/../lib/gcc/arm-none-eabi/14.2.1/thumb/v8-m.main/nofp/crtbegin.o

.ctors          0x00009690        0x0
                0x00009690                        __CTOR_LIST__ = .
 *crtbegin.o(.ctors)
 *crtbegin?.o(.ctors)
 *(EXCLUDE_FILE(*crtend.o *crtend?.o) .ctors)
 *(SORT_BY_NAME(.ctors.*))
 *(.ctors)
                0x00009690                        __CTOR_END__ = .

.dtors          0x00009690        0x0
                0x00009690                        __DTOR_LIST__ = .
 *crtbegin.o(.dtors)
 *crtbegin?.o(.dtors)
 *(EXCLUDE_FILE(*crtend.o *crtend?.o) .dtors)
 *(SORT_BY_NAME(.dtors.*))
 *(.dtors)
                0x00009690                        __DTOR_END__ = .

.preinit_array  0x00009690        0x0
                0x00009690                        PROVIDE (__preinit_array_start = .)
 *(.preinit_array*)
                0x00009690                        PROVIDE (__preinit_array_end = .)

.init_array     0x00009690        0x4
                0x00009690                        PROVIDE (__init_array_start = .)
 *(SORT_BY_NAME(.init_array.*))
 *(.init_array*)
 .init_array    0x00009690        0x4 C:/Users/victo/.mcuxpressotools/arm-gnu-toolchain-14.2.rel1-mingw-w64-x86_64-arm-none-eabi/bin/../lib/gcc/arm-none-eabi/14.2.1/thumb/v8-m.main/nofp/crtbegin.o
                0x00009694                        PROVIDE (__init_array_end = .)

.fini_array     0x00009694        0x4
                [!provide]                        PROVIDE (__fini_array_start = .)
 *(SORT_BY_NAME(.fini_array.*))
 *(.fini_array*)
 .fini_array    0x00009694        0x4 C:/Users/victo/.mcuxpressotools/arm-gnu-toolchain-14.2.rel1-mingw-w64-x86_64-arm-none-eabi/bin/../lib/gcc/arm-none-eabi/14.2.1/thumb/v8-m.main/nofp/crtbegin.o
                [!provide]                        PROVIDE (__fini_array_end = .)
                0x00009698                        __etext = .
                0x00009698                        __DATA_ROM = .

.data           0x20000000       0x74 load address 0x00009698
                0x20000000                        . = ALIGN (0x4)
                0x20000000                        __DATA_RAM = .
                0x20000000                        __data_start__ = .
 *(.ramfunc*)
 *(.data)
 *(.data*)
 .data.SystemCoreClock
                0x20000000        0x4 CMakeFiles/distributed_ecu.dir/D_/summer_school/mcuxsdk/mcuxsdk/devices/MCX/MCXA/MCXA153/system_MCXA153.c.obj
                0x20000000                SystemCoreClock
 .data.s_Ext_Clk_Freq
                0x20000004        0x4 CMakeFiles/distributed_ecu.dir/D_/summer_school/mcuxsdk/mcuxsdk/devices/MCX/MCXA/MCXA153/drivers/fsl_clock.c.obj
 .data.s_front  0x20000008        0x4 CMakeFiles/distributed_ecu.dir/led_blinky.c.obj
 .data.s_back   0x2000000c        0x4 CMakeFiles/distributed_ecu.dir/led_blinky.c.obj
 .data.s_diagLoud
                0x20000010        0x1 CMakeFiles/distributed_ecu.dir/led_blinky.c.obj
 *fill*         0x20000011        0x3 
 .data.s_wasPerc
                0x20000014        0x4 CMakeFiles/distributed_ecu.dir/led_blinky.c.obj
 .data.s_wasAct
                0x20000018        0x4 CMakeFiles/distributed_ecu.dir/led_blinky.c.obj
 .data.s_wasGw  0x2000001c        0x4 CMakeFiles/distributed_ecu.dir/led_blinky.c.obj
 .data.s_wasKeys
                0x20000020        0x4 CMakeFiles/distributed_ecu.dir/led_blinky.c.obj
 .data._impure_ptr
                0x20000024        0x4 C:/Users/victo/.mcuxpressotools/arm-gnu-toolchain-14.2.rel1-mingw-w64-x86_64-arm-none-eabi/bin/../lib/gcc/arm-none-eabi/14.2.1/thumb/v8-m.main/nofp\libc_nano.a(libc_a-impure.o)
                0x20000024                _impure_ptr
 .data._impure_data
                0x20000028       0x4c C:/Users/victo/.mcuxpressotools/arm-gnu-toolchain-14.2.rel1-mingw-w64-x86_64-arm-none-eabi/bin/../lib/gcc/arm-none-eabi/14.2.1/thumb/v8-m.main/nofp\libc_nano.a(libc_a-impure.o)
                0x20000028                _impure_data
 *(.jcr*)
                0x20000074                        . = ALIGN (0x4)
                0x20000074                        __data_end__ = .
                0x0000970c                        __DATA_END = (__DATA_ROM + (__data_end__ - __data_start__))
                0x00020000                        text_end = (ORIGIN (m_text) + LENGTH (m_text))
                0x00000001                        ASSERT ((__DATA_END <= text_end), region m_text overflowed with text and data)

.tm_clone_table
                0x20000074        0x0 load address 0x0000970c
 .tm_clone_table
                0x20000074        0x0 C:/Users/victo/.mcuxpressotools/arm-gnu-toolchain-14.2.rel1-mingw-w64-x86_64-arm-none-eabi/bin/../lib/gcc/arm-none-eabi/14.2.1/thumb/v8-m.main/nofp/crtbegin.o
 .tm_clone_table
                0x20000074        0x0 C:/Users/victo/.mcuxpressotools/arm-gnu-toolchain-14.2.rel1-mingw-w64-x86_64-arm-none-eabi/bin/../lib/gcc/arm-none-eabi/14.2.1/thumb/v8-m.main/nofp/crtend.o

.igot.plt       0x20000074        0x0 load address 0x0000970c
 .igot.plt      0x20000074        0x0 C:/Users/victo/.mcuxpressotools/arm-gnu-toolchain-14.2.rel1-mingw-w64-x86_64-arm-none-eabi/bin/../lib/gcc/arm-none-eabi/14.2.1/thumb/v8-m.main/nofp/crtbegin.o

.bss            0x20000074      0x6e8 load address 0x0000970c
                0x20000074                        . = ALIGN (0x4)
                0x20000074                        __START_BSS = .
                0x20000074                        __bss_start__ = .
 *(.bss)
 *(.bss*)
 .bss.completed.1
                0x20000074        0x1 C:/Users/victo/.mcuxpressotools/arm-gnu-toolchain-14.2.rel1-mingw-w64-x86_64-arm-none-eabi/bin/../lib/gcc/arm-none-eabi/14.2.1/thumb/v8-m.main/nofp/crtbegin.o
 *fill*         0x20000075        0x3 
 .bss.object.0  0x20000078       0x18 C:/Users/victo/.mcuxpressotools/arm-gnu-toolchain-14.2.rel1-mingw-w64-x86_64-arm-none-eabi/bin/../lib/gcc/arm-none-eabi/14.2.1/thumb/v8-m.main/nofp/crtbegin.o
 .bss.s_lpi2cMasterIsr
                0x20000090        0x4 CMakeFiles/distributed_ecu.dir/D_/summer_school/mcuxsdk/mcuxsdk/drivers/lpi2c/fsl_lpi2c.c.obj
                0x20000090                s_lpi2cMasterIsr
 .bss.s_lpi2cMasterHandle
                0x20000094        0x4 CMakeFiles/distributed_ecu.dir/D_/summer_school/mcuxsdk/mcuxsdk/drivers/lpi2c/fsl_lpi2c.c.obj
                0x20000094                s_lpi2cMasterHandle
 .bss.s_lpi2cSlaveIsr
                0x20000098        0x4 CMakeFiles/distributed_ecu.dir/D_/summer_school/mcuxsdk/mcuxsdk/drivers/lpi2c/fsl_lpi2c.c.obj
 .bss.s_lpi2cSlaveHandle
                0x2000009c        0x4 CMakeFiles/distributed_ecu.dir/D_/summer_school/mcuxsdk/mcuxsdk/drivers/lpi2c/fsl_lpi2c.c.obj
 .bss.s_lpuartHandle
                0x200000a0        0xc CMakeFiles/distributed_ecu.dir/D_/summer_school/mcuxsdk/mcuxsdk/drivers/lpuart/fsl_lpuart.c.obj
                0x200000a0                s_lpuartHandle
 .bss.s_lpuartIsr
                0x200000ac        0xc CMakeFiles/distributed_ecu.dir/D_/summer_school/mcuxsdk/mcuxsdk/drivers/lpuart/fsl_lpuart.c.obj
                0x200000ac                s_lpuartIsr
 .bss.s_debugConsole
                0x200000b8       0x14 CMakeFiles/distributed_ecu.dir/D_/summer_school/mcuxsdk/mcuxsdk/components/debug_console_lite/fsl_debug_console.c.obj
 .bss.heap_end.0
                0x200000cc        0x4 CMakeFiles/distributed_ecu.dir/D_/summer_school/mcuxsdk/mcuxsdk/components/misc_utilities/fsl_sbrk.c.obj
 .bss.s_consoleLine
                0x200000d0       0x80 CMakeFiles/distributed_ecu.dir/led_blinky.c.obj
 .bss.s_consoleLen
                0x20000150        0x4 CMakeFiles/distributed_ecu.dir/led_blinky.c.obj
 .bss.s_gwPollAt
                0x20000154        0x4 CMakeFiles/distributed_ecu.dir/led_blinky.c.obj
 .bss.s_ms      0x20000158        0x4 CMakeFiles/distributed_ecu.dir/led_blinky.c.obj
 .bss.s_actStatus
                0x2000015c       0x80 CMakeFiles/distributed_ecu.dir/led_blinky.c.obj
 .bss.s_actPrintAt
                0x200001dc        0x4 CMakeFiles/distributed_ecu.dir/led_blinky.c.obj
 .bss.s_actAt   0x200001e0        0x4 CMakeFiles/distributed_ecu.dir/led_blinky.c.obj
 .bss.s_imuAwake
                0x200001e4        0x1 CMakeFiles/distributed_ecu.dir/led_blinky.c.obj
 .bss.s_imuOk   0x200001e5        0x1 CMakeFiles/distributed_ecu.dir/led_blinky.c.obj
 *fill*         0x200001e6        0x2 
 .bss.s_imuAt   0x200001e8        0x4 CMakeFiles/distributed_ecu.dir/led_blinky.c.obj
 .bss.s_imuRetryAt
                0x200001ec        0x4 CMakeFiles/distributed_ecu.dir/led_blinky.c.obj
 .bss.s_imuAx   0x200001f0        0x2 CMakeFiles/distributed_ecu.dir/led_blinky.c.obj
 .bss.s_imuAy   0x200001f2        0x2 CMakeFiles/distributed_ecu.dir/led_blinky.c.obj
 .bss.s_imuAz   0x200001f4        0x2 CMakeFiles/distributed_ecu.dir/led_blinky.c.obj
 .bss.s_imuGz   0x200001f6        0x2 CMakeFiles/distributed_ecu.dir/led_blinky.c.obj
 .bss.s_driveSentAt
                0x200001f8        0x4 CMakeFiles/distributed_ecu.dir/led_blinky.c.obj
 .bss.s_driveL  0x200001fc        0x1 CMakeFiles/distributed_ecu.dir/led_blinky.c.obj
 .bss.s_driveR  0x200001fd        0x1 CMakeFiles/distributed_ecu.dir/led_blinky.c.obj
 .bss.s_driveArmed
                0x200001fe        0x1 CMakeFiles/distributed_ecu.dir/led_blinky.c.obj
 .bss.s_pir     0x200001ff        0x1 CMakeFiles/distributed_ecu.dir/led_blinky.c.obj
 .bss.s_percAt  0x20000200        0x4 CMakeFiles/distributed_ecu.dir/led_blinky.c.obj
 .bss.s_keyW    0x20000204        0x1 CMakeFiles/distributed_ecu.dir/led_blinky.c.obj
 .bss.s_keyA    0x20000205        0x1 CMakeFiles/distributed_ecu.dir/led_blinky.c.obj
 .bss.s_keyS    0x20000206        0x1 CMakeFiles/distributed_ecu.dir/led_blinky.c.obj
 .bss.s_keyD    0x20000207        0x1 CMakeFiles/distributed_ecu.dir/led_blinky.c.obj
 .bss.s_keyHorn
                0x20000208        0x1 CMakeFiles/distributed_ecu.dir/led_blinky.c.obj
 *fill*         0x20000209        0x3 
 .bss.s_keyAt   0x2000020c        0x4 CMakeFiles/distributed_ecu.dir/led_blinky.c.obj
 .bss.s_teleopLive
                0x20000210        0x1 CMakeFiles/distributed_ecu.dir/led_blinky.c.obj
 *fill*         0x20000211        0x3 
 .bss.s_teleopTickAt
                0x20000214        0x4 CMakeFiles/distributed_ecu.dir/led_blinky.c.obj
 .bss.s_throttle
                0x20000218        0x1 CMakeFiles/distributed_ecu.dir/led_blinky.c.obj
 .bss.s_guard   0x20000219        0x1 CMakeFiles/distributed_ecu.dir/led_blinky.c.obj
 .bss.s_horn    0x2000021a        0x1 CMakeFiles/distributed_ecu.dir/led_blinky.c.obj
 *fill*         0x2000021b        0x1 
 .bss.s_hornSentAt
                0x2000021c        0x4 CMakeFiles/distributed_ecu.dir/led_blinky.c.obj
 .bss.s_telemetryAt
                0x20000220        0x4 CMakeFiles/distributed_ecu.dir/led_blinky.c.obj
 .bss.s_diagAt  0x20000224        0x4 CMakeFiles/distributed_ecu.dir/led_blinky.c.obj
 .bss.seq.0     0x20000228        0x2 CMakeFiles/distributed_ecu.dir/led_blinky.c.obj
 *fill*         0x2000022a        0x2 
 .bss.s_state   0x2000022c      0x318 CMakeFiles/distributed_ecu.dir/link.c.obj
 .bss.s_gwLine  0x20000544       0x80 CMakeFiles/distributed_ecu.dir/link.c.obj
 .bss.s_gwLen   0x200005c4        0x4 CMakeFiles/distributed_ecu.dir/link.c.obj
 .bss.s_gwDropped
                0x200005c8        0x4 CMakeFiles/distributed_ecu.dir/link.c.obj
 .bss.s_gwChunk
                0x200005cc       0x30 CMakeFiles/distributed_ecu.dir/link.c.obj
 .bss.s_gwChunkLen
                0x200005fc        0x4 CMakeFiles/distributed_ecu.dir/link.c.obj
 .bss.s_gwChunkPos
                0x20000600        0x4 CMakeFiles/distributed_ecu.dir/link.c.obj
 .bss.s_gwOnline
                0x20000604        0x1 CMakeFiles/distributed_ecu.dir/link.c.obj
 *fill*         0x20000605        0x3 
 .bss.s_gwPolls
                0x20000608        0x4 CMakeFiles/distributed_ecu.dir/link.c.obj
 .bss.s_gwFails
                0x2000060c        0x4 CMakeFiles/distributed_ecu.dir/link.c.obj
 .bss.__malloc_sbrk_start
                0x20000610        0x4 C:/Users/victo/.mcuxpressotools/arm-gnu-toolchain-14.2.rel1-mingw-w64-x86_64-arm-none-eabi/bin/../lib/gcc/arm-none-eabi/14.2.1/thumb/v8-m.main/nofp\libc_nano.a(libc_a-mallocr.o)
                0x20000610                __malloc_sbrk_start
 .bss.__malloc_free_list
                0x20000614        0x4 C:/Users/victo/.mcuxpressotools/arm-gnu-toolchain-14.2.rel1-mingw-w64-x86_64-arm-none-eabi/bin/../lib/gcc/arm-none-eabi/14.2.1/thumb/v8-m.main/nofp\libc_nano.a(libc_a-mallocr.o)
                0x20000614                __malloc_free_list
 .bss.__sf      0x20000618      0x138 C:/Users/victo/.mcuxpressotools/arm-gnu-toolchain-14.2.rel1-mingw-w64-x86_64-arm-none-eabi/bin/../lib/gcc/arm-none-eabi/14.2.1/thumb/v8-m.main/nofp\libc_nano.a(libc_a-findfp.o)
                0x20000618                __sf
 .bss.__stdio_exit_handler
                0x20000750        0x4 C:/Users/victo/.mcuxpressotools/arm-gnu-toolchain-14.2.rel1-mingw-w64-x86_64-arm-none-eabi/bin/../lib/gcc/arm-none-eabi/14.2.1/thumb/v8-m.main/nofp\libc_nano.a(libc_a-findfp.o)
                0x20000750                __stdio_exit_handler
 .bss.errno     0x20000754        0x4 C:/Users/victo/.mcuxpressotools/arm-gnu-toolchain-14.2.rel1-mingw-w64-x86_64-arm-none-eabi/bin/../lib/gcc/arm-none-eabi/14.2.1/thumb/v8-m.main/nofp\libc_nano.a(libc_a-reent.o)
                0x20000754                errno
 .bss.__lock___malloc_recursive_mutex
                0x20000758        0x1 C:/Users/victo/.mcuxpressotools/arm-gnu-toolchain-14.2.rel1-mingw-w64-x86_64-arm-none-eabi/bin/../lib/gcc/arm-none-eabi/14.2.1/thumb/v8-m.main/nofp\libc_nano.a(libc_a-lock.o)
                0x20000758                __lock___malloc_recursive_mutex
 *(COMMON)
                0x2000075c                        . = ALIGN (0x4)
 *fill*         0x20000759        0x3 
                0x2000075c                        __bss_end__ = .
                0x2000075c                        __END_BSS = .

.heap           0x2000075c      0x404 load address 0x00009df4
                0x20000760                        . = ALIGN (0x8)
 *fill*         0x2000075c        0x4 
                0x20000760                        __end__ = .
                0x20000760                        PROVIDE (end = .)
                0x20000760                        __HeapBase = .
                0x20000b60                        . = (. + HEAP_SIZE)
 *fill*         0x20000760      0x400 
                0x20000b60                        __HeapLimit = .
                0x20000b60                        __heap_limit = .

.stack          0x20000b60      0x800 load address 0x0000a1f8
                0x20000b60                        . = ALIGN (0x8)
                0x20001360                        . = (. + STACK_SIZE)
 *fill*         0x20000b60      0x800 
                0x20006000                        __StackTop = (ORIGIN (m_data) + LENGTH (m_data))
                0x20005800                        __StackLimit = (__StackTop - STACK_SIZE)
                0x20006000                        PROVIDE (__stack = __StackTop)

.ARM.attributes
                0x00000000       0x2e
 *(.ARM.attributes)
 .ARM.attributes
                0x00000000       0x22 C:/Users/victo/.mcuxpressotools/arm-gnu-toolchain-14.2.rel1-mingw-w64-x86_64-arm-none-eabi/bin/../lib/gcc/arm-none-eabi/14.2.1/thumb/v8-m.main/nofp/crti.o
 .ARM.attributes
                0x00000022       0x32 C:/Users/victo/.mcuxpressotools/arm-gnu-toolchain-14.2.rel1-mingw-w64-x86_64-arm-none-eabi/bin/../lib/gcc/arm-none-eabi/14.2.1/thumb/v8-m.main/nofp/crtbegin.o
 .ARM.attributes
                0x00000054       0x20 C:/Users/victo/.mcuxpressotools/arm-gnu-toolchain-14.2.rel1-mingw-w64-x86_64-arm-none-eabi/bin/../lib/gcc/arm-none-eabi/14.2.1/thumb/v8-m.main/nofp/crt0.o
 .ARM.attributes
                0x00000074       0x32 CMakeFiles/distributed_ecu.dir/D_/summer_school/mcuxsdk/mcuxsdk/devices/MCX/MCXA/MCXA153/system_MCXA153.c.obj
 .ARM.attributes
                0x000000a6       0x20 CMakeFiles/distributed_ecu.dir/D_/summer_school/mcuxsdk/mcuxsdk/devices/MCX/MCXA/MCXA153/gcc/startup_MCXA153.S.obj
 .ARM.attributes
                0x000000c6       0x32 CMakeFiles/distributed_ecu.dir/D_/summer_school/mcuxsdk/mcuxsdk/devices/MCX/MCXA/MCXA153/drivers/fsl_clock.c.obj
 .ARM.attributes
                0x000000f8       0x32 CMakeFiles/distributed_ecu.dir/D_/summer_school/mcuxsdk/mcuxsdk/devices/MCX/MCXA/MCXA153/drivers/fsl_reset.c.obj
 .ARM.attributes
                0x0000012a       0x32 CMakeFiles/distributed_ecu.dir/D_/summer_school/mcuxsdk/mcuxsdk/drivers/gpio/fsl_gpio.c.obj
 .ARM.attributes
                0x0000015c       0x32 CMakeFiles/distributed_ecu.dir/D_/summer_school/mcuxsdk/mcuxsdk/drivers/lpi2c/fsl_lpi2c.c.obj
 .ARM.attributes
                0x0000018e       0x32 CMakeFiles/distributed_ecu.dir/D_/summer_school/mcuxsdk/mcuxsdk/drivers/lpuart/fsl_lpuart.c.obj
 .ARM.attributes
                0x000001c0       0x32 CMakeFiles/distributed_ecu.dir/D_/summer_school/mcuxsdk/mcuxsdk/drivers/mcx_spc/fsl_spc.c.obj
 .ARM.attributes
                0x000001f2       0x32 CMakeFiles/distributed_ecu.dir/D_/summer_school/mcuxsdk/mcuxsdk/components/assert/fsl_assert.c.obj
 .ARM.attributes
                0x00000224       0x32 CMakeFiles/distributed_ecu.dir/D_/summer_school/mcuxsdk/mcuxsdk/components/debug_console_lite/fsl_debug_console.c.obj
 .ARM.attributes
                0x00000256       0x32 CMakeFiles/distributed_ecu.dir/D_/summer_school/mcuxsdk/mcuxsdk/components/misc_utilities/fsl_sbrk.c.obj
 .ARM.attributes
                0x00000288       0x20 CMakeFiles/distributed_ecu.dir/D_/summer_school/mcuxsdk/mcuxsdk/components/misc_utilities/fsl_memcpy.S.obj
 .ARM.attributes
                0x000002a8       0x20 CMakeFiles/distributed_ecu.dir/D_/summer_school/mcuxsdk/mcuxsdk/components/misc_utilities/fsl_memset.S.obj
 .ARM.attributes
                0x000002c8       0x32 CMakeFiles/distributed_ecu.dir/D_/summer_school/mcuxsdk/mcuxsdk/components/uart/fsl_adapter_lpuart.c.obj
 .ARM.attributes
                0x000002fa       0x32 CMakeFiles/distributed_ecu.dir/frdmmcxa153/frdmmcxa153/board.c.obj
 .ARM.attributes
                0x0000032c       0x32 CMakeFiles/distributed_ecu.dir/frdmmcxa153/frdmmcxa153/clock_config.c.obj
 .ARM.attributes
                0x0000035e       0x32 CMakeFiles/distributed_ecu.dir/frdmmcxa153/led_blinky/pin_mux.c.obj
 .ARM.attributes
                0x00000390       0x32 CMakeFiles/distributed_ecu.dir/frdmmcxa153/led_blinky/hardware_init.c.obj
 .ARM.attributes
                0x000003c2       0x32 CMakeFiles/distributed_ecu.dir/led_blinky.c.obj
 .ARM.attributes
                0x000003f4       0x32 CMakeFiles/distributed_ecu.dir/link.c.obj
 .ARM.attributes
                0x00000426       0x32 CMakeFiles/distributed_ecu.dir/led_blinky/peripherals.c.obj
 .ARM.attributes
                0x00000458       0x32 C:/Users/victo/.mcuxpressotools/arm-gnu-toolchain-14.2.rel1-mingw-w64-x86_64-arm-none-eabi/bin/../lib/gcc/arm-none-eabi/14.2.1/thumb/v8-m.main/nofp\libc_nano.a(libc_a-exit.o)
 .ARM.attributes
                0x0000048a       0x32 C:/Users/victo/.mcuxpressotools/arm-gnu-toolchain-14.2.rel1-mingw-w64-x86_64-arm-none-eabi/bin/../lib/gcc/arm-none-eabi/14.2.1/thumb/v8-m.main/nofp\libc_nano.a(libc_a-mallocr.o)
 .ARM.attributes
                0x000004bc       0x32 C:/Users/victo/.mcuxpressotools/arm-gnu-toolchain-14.2.rel1-mingw-w64-x86_64-arm-none-eabi/bin/../lib/gcc/arm-none-eabi/14.2.1/thumb/v8-m.main/nofp\libc_nano.a(libc_a-mlock.o)
 .ARM.attributes
                0x000004ee       0x32 C:/Users/victo/.mcuxpressotools/arm-gnu-toolchain-14.2.rel1-mingw-w64-x86_64-arm-none-eabi/bin/../lib/gcc/arm-none-eabi/14.2.1/thumb/v8-m.main/nofp\libc_nano.a(libc_a-strtoul.o)
 .ARM.attributes
                0x00000520       0x32 C:/Users/victo/.mcuxpressotools/arm-gnu-toolchain-14.2.rel1-mingw-w64-x86_64-arm-none-eabi/bin/../lib/gcc/arm-none-eabi/14.2.1/thumb/v8-m.main/nofp\libc_nano.a(libc_a-ctype_.o)
 .ARM.attributes
                0x00000552       0x32 C:/Users/victo/.mcuxpressotools/arm-gnu-toolchain-14.2.rel1-mingw-w64-x86_64-arm-none-eabi/bin/../lib/gcc/arm-none-eabi/14.2.1/thumb/v8-m.main/nofp\libc_nano.a(libc_a-findfp.o)
 .ARM.attributes
                0x00000584       0x32 C:/Users/victo/.mcuxpressotools/arm-gnu-toolchain-14.2.rel1-mingw-w64-x86_64-arm-none-eabi/bin/../lib/gcc/arm-none-eabi/14.2.1/thumb/v8-m.main/nofp\libc_nano.a(libc_a-snprintf.o)
 .ARM.attributes
                0x000005b6       0x32 C:/Users/victo/.mcuxpressotools/arm-gnu-toolchain-14.2.rel1-mingw-w64-x86_64-arm-none-eabi/bin/../lib/gcc/arm-none-eabi/14.2.1/thumb/v8-m.main/nofp\libc_nano.a(libc_a-sscanf.o)
 .ARM.attributes
                0x000005e8       0x32 C:/Users/victo/.mcuxpressotools/arm-gnu-toolchain-14.2.rel1-mingw-w64-x86_64-arm-none-eabi/bin/../lib/gcc/arm-none-eabi/14.2.1/thumb/v8-m.main/nofp\libc_nano.a(libc_a-stdio.o)
 .ARM.attributes
                0x0000061a       0x32 C:/Users/victo/.mcuxpressotools/arm-gnu-toolchain-14.2.rel1-mingw-w64-x86_64-arm-none-eabi/bin/../lib/gcc/arm-none-eabi/14.2.1/thumb/v8-m.main/nofp\libc_nano.a(libc_a-strncmp.o)
 .ARM.attributes
                0x0000064c       0x32 C:/Users/victo/.mcuxpressotools/arm-gnu-toolchain-14.2.rel1-mingw-w64-x86_64-arm-none-eabi/bin/../lib/gcc/arm-none-eabi/14.2.1/thumb/v8-m.main/nofp\libc_nano.a(libc_a-reent.o)
 .ARM.attributes
                0x0000067e       0x32 C:/Users/victo/.mcuxpressotools/arm-gnu-toolchain-14.2.rel1-mingw-w64-x86_64-arm-none-eabi/bin/../lib/gcc/arm-none-eabi/14.2.1/thumb/v8-m.main/nofp\libc_nano.a(libc_a-impure.o)
 .ARM.attributes
                0x000006b0       0x32 C:/Users/victo/.mcuxpressotools/arm-gnu-toolchain-14.2.rel1-mingw-w64-x86_64-arm-none-eabi/bin/../lib/gcc/arm-none-eabi/14.2.1/thumb/v8-m.main/nofp\libc_nano.a(libc_a-sbrkr.o)
 .ARM.attributes
                0x000006e2       0x32 C:/Users/victo/.mcuxpressotools/arm-gnu-toolchain-14.2.rel1-mingw-w64-x86_64-arm-none-eabi/bin/../lib/gcc/arm-none-eabi/14.2.1/thumb/v8-m.main/nofp\libc_nano.a(libc_a-errno.o)
 .ARM.attributes
                0x00000714       0x32 C:/Users/victo/.mcuxpressotools/arm-gnu-toolchain-14.2.rel1-mingw-w64-x86_64-arm-none-eabi/bin/../lib/gcc/arm-none-eabi/14.2.1/thumb/v8-m.main/nofp\libc_nano.a(libc_a-init.o)
 .ARM.attributes
                0x00000746       0x32 C:/Users/victo/.mcuxpressotools/arm-gnu-toolchain-14.2.rel1-mingw-w64-x86_64-arm-none-eabi/bin/../lib/gcc/arm-none-eabi/14.2.1/thumb/v8-m.main/nofp\libc_nano.a(libc_a-lock.o)
 .ARM.attributes
                0x00000778       0x20 C:/Users/victo/.mcuxpressotools/arm-gnu-toolchain-14.2.rel1-mingw-w64-x86_64-arm-none-eabi/bin/../lib/gcc/arm-none-eabi/14.2.1/thumb/v8-m.main/nofp\libc_nano.a(libc_a-strcmp.o)
 .ARM.attributes
                0x00000798       0x20 C:/Users/victo/.mcuxpressotools/arm-gnu-toolchain-14.2.rel1-mingw-w64-x86_64-arm-none-eabi/bin/../lib/gcc/arm-none-eabi/14.2.1/thumb/v8-m.main/nofp\libc_nano.a(libc_a-strlen.o)
 .ARM.attributes
                0x000007b8       0x32 C:/Users/victo/.mcuxpressotools/arm-gnu-toolchain-14.2.rel1-mingw-w64-x86_64-arm-none-eabi/bin/../lib/gcc/arm-none-eabi/14.2.1/thumb/v8-m.main/nofp\libc_nano.a(libc_a-freer.o)
 .ARM.attributes
                0x000007ea       0x32 C:/Users/victo/.mcuxpressotools/arm-gnu-toolchain-14.2.rel1-mingw-w64-x86_64-arm-none-eabi/bin/../lib/gcc/arm-none-eabi/14.2.1/thumb/v8-m.main/nofp\libc_nano.a(libc_a-nano-svfprintf.o)
 .ARM.attributes
                0x0000081c       0x32 C:/Users/victo/.mcuxpressotools/arm-gnu-toolchain-14.2.rel1-mingw-w64-x86_64-arm-none-eabi/bin/../lib/gcc/arm-none-eabi/14.2.1/thumb/v8-m.main/nofp\libc_nano.a(libc_a-nano-svfscanf.o)
 .ARM.attributes
                0x0000084e       0x32 C:/Users/victo/.mcuxpressotools/arm-gnu-toolchain-14.2.rel1-mingw-w64-x86_64-arm-none-eabi/bin/../lib/gcc/arm-none-eabi/14.2.1/thumb/v8-m.main/nofp\libc_nano.a(libc_a-nano-vfprintf_i.o)
 .ARM.attributes
                0x00000880       0x32 C:/Users/victo/.mcuxpressotools/arm-gnu-toolchain-14.2.rel1-mingw-w64-x86_64-arm-none-eabi/bin/../lib/gcc/arm-none-eabi/14.2.1/thumb/v8-m.main/nofp\libc_nano.a(libc_a-nano-vfscanf_i.o)
 .ARM.attributes
                0x000008b2       0x32 C:/Users/victo/.mcuxpressotools/arm-gnu-toolchain-14.2.rel1-mingw-w64-x86_64-arm-none-eabi/bin/../lib/gcc/arm-none-eabi/14.2.1/thumb/v8-m.main/nofp\libc_nano.a(libc_a-sccl.o)
 .ARM.attributes
                0x000008e4       0x32 C:/Users/victo/.mcuxpressotools/arm-gnu-toolchain-14.2.rel1-mingw-w64-x86_64-arm-none-eabi/bin/../lib/gcc/arm-none-eabi/14.2.1/thumb/v8-m.main/nofp\libc_nano.a(libc_a-ungetc.o)
 .ARM.attributes
                0x00000916       0x32 C:/Users/victo/.mcuxpressotools/arm-gnu-toolchain-14.2.rel1-mingw-w64-x86_64-arm-none-eabi/bin/../lib/gcc/arm-none-eabi/14.2.1/thumb/v8-m.main/nofp\libc_nano.a(libc_a-memmove.o)
 .ARM.attributes
                0x00000948       0x32 C:/Users/victo/.mcuxpressotools/arm-gnu-toolchain-14.2.rel1-mingw-w64-x86_64-arm-none-eabi/bin/../lib/gcc/arm-none-eabi/14.2.1/thumb/v8-m.main/nofp\libc_nano.a(libc_a-memchr-stub.o)
 .ARM.attributes
                0x0000097a       0x32 C:/Users/victo/.mcuxpressotools/arm-gnu-toolchain-14.2.rel1-mingw-w64-x86_64-arm-none-eabi/bin/../lib/gcc/arm-none-eabi/14.2.1/thumb/v8-m.main/nofp\libc_nano.a(libc_a-reallocr.o)
 .ARM.attributes
                0x000009ac       0x32 C:/Users/victo/.mcuxpressotools/arm-gnu-toolchain-14.2.rel1-mingw-w64-x86_64-arm-none-eabi/bin/../lib/gcc/arm-none-eabi/14.2.1/thumb/v8-m.main/nofp\libc_nano.a(libc_a-strtol.o)
 .ARM.attributes