Archive member included to satisfy reference by file (symbol)

C:/Users/victo/.mcuxpressotools/arm-gnu-toolchain-14.2.rel1-mingw-w64-x86_64-arm-none-eabi/bin/../lib/gcc/arm-none-eabi/14.2.1/thumb/v8-m.main/nofp\libc_nano.a(libc_a-exit.o)
                              C:/Users/victo/.mcuxpressotools/arm-gnu-toolchain-14.2.rel1-mingw-w64-x86_64-arm-none-eabi/bin/../lib/gcc/arm-none-eabi/14.2.1/thumb/v8-m.main/nofp/crt0.o (exit)
C:/Users/victo/.mcuxpressotools/arm-gnu-toolchain-14.2.rel1-mingw-w64-x86_64-arm-none-eabi/bin/../lib/gcc/arm-none-eabi/14.2.1/thumb/v8-m.main/nofp\libc_nano.a(libc_a-malloc.o)
                              CMakeFiles/distributed_ecu.dir/D_/summer_school/mcuxsdk/mcuxsdk/drivers/common/fsl_common.c.obj (malloc)
C:/Users/victo/.mcuxpressotools/arm-gnu-toolchain-14.2.rel1-mingw-w64-x86_64-arm-none-eabi/bin/../lib/gcc/arm-none-eabi/14.2.1/thumb/v8-m.main/nofp\libc_nano.a(libc_a-mallocr.o)
                              C:/Users/victo/.mcuxpressotools/arm-gnu-toolchain-14.2.rel1-mingw-w64-x86_64-arm-none-eabi/bin/../lib/gcc/arm-none-eabi/14.2.1/thumb/v8-m.main/nofp\libc_nano.a(libc_a-malloc.o) (_malloc_r)
C:/Users/victo/.mcuxpressotools/arm-gnu-toolchain-14.2.rel1-mingw-w64-x86_64-arm-none-eabi/bin/../lib/gcc/arm-none-eabi/14.2.1/thumb/v8-m.main/nofp\libc_nano.a(libc_a-mlock.o)
                              C:/Users/victo/.mcuxpressotools/arm-gnu-toolchain-14.2.rel1-mingw-w64-x86_64-arm-none-eabi/bin/../lib/gcc/arm-none-eabi/14.2.1/thumb/v8-m.main/nofp\libc_nano.a(libc_a-mallocr.o) (__malloc_lock)
C:/Users/victo/.mcuxpressotools/arm-gnu-toolchain-14.2.rel1-mingw-w64-x86_64-arm-none-eabi/bin/../lib/gcc/arm-none-eabi/14.2.1/thumb/v8-m.main/nofp\libc_nano.a(libc_a-strtoul.o)
                              CMakeFiles/distributed_ecu.dir/D_/summer_school/mcuxsdk/mcuxsdk/components/str/fsl_str.c.obj (strtoul)
C:/Users/victo/.mcuxpressotools/arm-gnu-toolchain-14.2.rel1-mingw-w64-x86_64-arm-none-eabi/bin/../lib/gcc/arm-none-eabi/14.2.1/thumb/v8-m.main/nofp\libc_nano.a(libc_a-ctype_.o)
                              C:/Users/victo/.mcuxpressotools/arm-gnu-toolchain-14.2.rel1-mingw-w64-x86_64-arm-none-eabi/bin/../lib/gcc/arm-none-eabi/14.2.1/thumb/v8-m.main/nofp\libc_nano.a(libc_a-strtoul.o) (_ctype_)
C:/Users/victo/.mcuxpressotools/arm-gnu-toolchain-14.2.rel1-mingw-w64-x86_64-arm-none-eabi/bin/../lib/gcc/arm-none-eabi/14.2.1/thumb/v8-m.main/nofp\libc_nano.a(libc_a-findfp.o)
                              C:/Users/victo/.mcuxpressotools/arm-gnu-toolchain-14.2.rel1-mingw-w64-x86_64-arm-none-eabi/bin/../lib/gcc/arm-none-eabi/14.2.1/thumb/v8-m.main/nofp\libc_nano.a(libc_a-exit.o) (__stdio_exit_handler)
C:/Users/victo/.mcuxpressotools/arm-gnu-toolchain-14.2.rel1-mingw-w64-x86_64-arm-none-eabi/bin/../lib/gcc/arm-none-eabi/14.2.1/thumb/v8-m.main/nofp\libc_nano.a(libc_a-fwalk.o)
                              C:/Users/victo/.mcuxpressotools/arm-gnu-toolchain-14.2.rel1-mingw-w64-x86_64-arm-none-eabi/bin/../lib/gcc/arm-none-eabi/14.2.1/thumb/v8-m.main/nofp\libc_nano.a(libc_a-findfp.o) (_fwalk_sglue)
C:/Users/victo/.mcuxpressotools/arm-gnu-toolchain-14.2.rel1-mingw-w64-x86_64-arm-none-eabi/bin/../lib/gcc/arm-none-eabi/14.2.1/thumb/v8-m.main/nofp\libc_nano.a(libc_a-snprintf.o)
                              CMakeFiles/distributed_ecu.dir/led_blinky.c.obj (snprintf)
C:/Users/victo/.mcuxpressotools/arm-gnu-toolchain-14.2.rel1-mingw-w64-x86_64-arm-none-eabi/bin/../lib/gcc/arm-none-eabi/14.2.1/thumb/v8-m.main/nofp\libc_nano.a(libc_a-stdio.o)
                              C:/Users/victo/.mcuxpressotools/arm-gnu-toolchain-14.2.rel1-mingw-w64-x86_64-arm-none-eabi/bin/../lib/gcc/arm-none-eabi/14.2.1/thumb/v8-m.main/nofp\libc_nano.a(libc_a-findfp.o) (__sread)
C:/Users/victo/.mcuxpressotools/arm-gnu-toolchain-14.2.rel1-mingw-w64-x86_64-arm-none-eabi/bin/../lib/gcc/arm-none-eabi/14.2.1/thumb/v8-m.main/nofp\libc_nano.a(libc_a-closer.o)
                              C:/Users/victo/.mcuxpressotools/arm-gnu-toolchain-14.2.rel1-mingw-w64-x86_64-arm-none-eabi/bin/../lib/gcc/arm-none-eabi/14.2.1/thumb/v8-m.main/nofp\libc_nano.a(libc_a-stdio.o) (_close_r)
C:/Users/victo/.mcuxpressotools/arm-gnu-toolchain-14.2.rel1-mingw-w64-x86_64-arm-none-eabi/bin/../lib/gcc/arm-none-eabi/14.2.1/thumb/v8-m.main/nofp\libc_nano.a(libc_a-reent.o)
                              C:/Users/victo/.mcuxpressotools/arm-gnu-toolchain-14.2.rel1-mingw-w64-x86_64-arm-none-eabi/bin/../lib/gcc/arm-none-eabi/14.2.1/thumb/v8-m.main/nofp\libc_nano.a(libc_a-closer.o) (errno)
C:/Users/victo/.mcuxpressotools/arm-gnu-toolchain-14.2.rel1-mingw-w64-x86_64-arm-none-eabi/bin/../lib/gcc/arm-none-eabi/14.2.1/thumb/v8-m.main/nofp\libc_nano.a(libc_a-impure.o)
                              C:/Users/victo/.mcuxpressotools/arm-gnu-toolchain-14.2.rel1-mingw-w64-x86_64-arm-none-eabi/bin/../lib/gcc/arm-none-eabi/14.2.1/thumb/v8-m.main/nofp\libc_nano.a(libc_a-malloc.o) (_impure_ptr)
[...]
Memory Configuration

Name             Origin             Length             Attributes
m_interrupts     0x00000000         0x00000200         xr
m_text           0x00000200         0x0001fe00         xr
m_data           0x20000000         0x00006000         rw
m_sramx0         0x04000000         0x00002000         rw
*default*        0x00000000         0xffffffff

Linker script and memory map

LOAD C:/Users/victo/.mcuxpressotools/arm-gnu-toolchain-14.2.rel1-mingw-w64-x86_64-arm-none-eabi/bin/../lib/gcc/arm-none-eabi/14.2.1/thumb/v8-m.main/nofp/crti.o
LOAD C:/Users/victo/.mcuxpressotools/arm-gnu-toolchain-14.2.rel1-mingw-w64-x86_64-arm-none-eabi/bin/../lib/gcc/arm-none-eabi/14.2.1/thumb/v8-m.main/nofp/crtbegin.o
LOAD C:/Users/victo/.mcuxpressotools/arm-gnu-toolchain-14.2.rel1-mingw-w64-x86_64-arm-none-eabi/bin/../lib/gcc/arm-none-eabi/14.2.1/thumb/v8-m.main/nofp/crt0.o
LOAD CMakeFiles/distributed_ecu.dir/D_/summer_school/mcuxsdk/mcuxsdk/devices/MCX/MCXA/MCXA153/system_MCXA153.c.obj
LOAD CMakeFiles/distributed_ecu.dir/D_/summer_school/mcuxsdk/mcuxsdk/devices/MCX/MCXA/MCXA153/gcc/startup_MCXA153.S.obj
LOAD CMakeFiles/distributed_ecu.dir/D_/summer_school/mcuxsdk/mcuxsdk/devices/MCX/MCXA/MCXA153/drivers/fsl_clock.c.obj
LOAD CMakeFiles/distributed_ecu.dir/D_/summer_school/mcuxsdk/mcuxsdk/devices/MCX/MCXA/MCXA153/drivers/fsl_reset.c.obj
LOAD CMakeFiles/distributed_ecu.dir/D_/summer_school/mcuxsdk/mcuxsdk/drivers/common/fsl_common.c.obj
LOAD CMakeFiles/distributed_ecu.dir/D_/summer_school/mcuxsdk/mcuxsdk/drivers/common/fsl_common_arm.c.obj
LOAD CMakeFiles/distributed_ecu.dir/D_/summer_school/mcuxsdk/mcuxsdk/drivers/gpio/fsl_gpio.c.obj
LOAD CMakeFiles/distributed_ecu.dir/D_/summer_school/mcuxsdk/mcuxsdk/drivers/lpi2c/fsl_lpi2c.c.obj
LOAD CMakeFiles/distributed_ecu.dir/D_/summer_school/mcuxsdk/mcuxsdk/drivers/lpuart/fsl_lpuart.c.obj
LOAD CMakeFiles/distributed_ecu.dir/D_/summer_school/mcuxsdk/mcuxsdk/drivers/mcx_spc/fsl_spc.c.obj
LOAD CMakeFiles/distributed_ecu.dir/D_/summer_school/mcuxsdk/mcuxsdk/components/assert/fsl_assert.c.obj
LOAD CMakeFiles/distributed_ecu.dir/D_/summer_school/mcuxsdk/mcuxsdk/components/debug_console_lite/fsl_debug_console.c.obj
LOAD CMakeFiles/distributed_ecu.dir/D_/summer_school/mcuxsdk/mcuxsdk/components/misc_utilities/fsl_syscall_stub.c.obj
LOAD CMakeFiles/distributed_ecu.dir/D_/summer_school/mcuxsdk/mcuxsdk/components/misc_utilities/fsl_sbrk.c.obj
LOAD CMakeFiles/distributed_ecu.dir/D_/summer_school/mcuxsdk/mcuxsdk/components/misc_utilities/fsl_memcpy.S.obj
LOAD CMakeFiles/distributed_ecu.dir/D_/summer_school/mcuxsdk/mcuxsdk/components/misc_utilities/fsl_memset.S.obj
LOAD CMakeFiles/distributed_ecu.dir/D_/summer_school/mcuxsdk/mcuxsdk/components/str/fsl_str.c.obj
LOAD CMakeFiles/distributed_ecu.dir/D_/summer_school/mcuxsdk/mcuxsdk/components/uart/fsl_adapter_lpuart.c.obj
LOAD CMakeFiles/distributed_ecu.dir/frdmmcxa153/frdmmcxa153/board.c.obj
LOAD CMakeFiles/distributed_ecu.dir/frdmmcxa153/frdmmcxa153/clock_config.c.obj
LOAD CMakeFiles/distributed_ecu.dir/frdmmcxa153/led_blinky/pin_mux.c.obj
LOAD CMakeFiles/distributed_ecu.dir/frdmmcxa153/led_blinky/hardware_init.c.obj
LOAD CMakeFiles/distributed_ecu.dir/led_blinky.c.obj
LOAD CMakeFiles/distributed_ecu.dir/link.c.obj
LOAD CMakeFiles/distributed_ecu.dir/led_blinky/peripherals.c.obj
START GROUP
LOAD C:/Users/victo/.mcuxpressotools/arm-gnu-toolchain-14.2.rel1-mingw-w64-x86_64-arm-none-eabi/bin/../lib/gcc/arm-none-eabi/14.2.1/thumb/v8-m.main/nofp\libm.a
LOAD C:/Users/victo/.mcuxpressotools/arm-gnu-toolchain-14.2.rel1-mingw-w64-x86_64-arm-none-eabi/bin/../lib/gcc/arm-none-eabi/14.2.1/thumb/v8-m.main/nofp\libc_nano.a
LOAD C:/Users/victo/.mcuxpressotools/arm-gnu-toolchain-14.2.rel1-mingw-w64-x86_64-arm-none-eabi/bin/../lib/gcc/arm-none-eabi/14.2.1/thumb/v8-m.main/nofp\libgcc.a
LOAD C:/Users/victo/.mcuxpressotools/arm-gnu-toolchain-14.2.rel1-mingw-w64-x86_64-arm-none-eabi/bin/../lib/gcc/arm-none-eabi/14.2.1/thumb/v8-m.main/nofp\libnosys.a
END GROUP
START GROUP
LOAD C:/Users/victo/.mcuxpressotools/arm-gnu-toolchain-14.2.rel1-mingw-w64-x86_64-arm-none-eabi/bin/../lib/gcc/arm-none-eabi/14.2.1/thumb/v8-m.main/nofp\libgcc.a
LOAD C:/Users/victo/.mcuxpressotools/arm-gnu-toolchain-14.2.rel1-mingw-w64-x86_64-arm-none-eabi/bin/../lib/gcc/arm-none-eabi/14.2.1/thumb/v8-m.main/nofp\libg_nano.a
LOAD C:/Users/victo/.mcuxpressotools/arm-gnu-toolchain-14.2.rel1-mingw-w64-x86_64-arm-none-eabi/bin/../lib/gcc/arm-none-eabi/14.2.1/thumb/v8-m.main/nofp\libc_nano.a
END GROUP
START GROUP
LOAD C:/Users/victo/.mcuxpressotools/arm-gnu-toolchain-14.2.rel1-mingw-w64-x86_64-arm-none-eabi/bin/../lib/gcc/arm-none-eabi/14.2.1/thumb/v8-m.main/nofp\libgcc.a
LOAD C:/Users/victo/.mcuxpressotools/arm-gnu-toolchain-14.2.rel1-mingw-w64-x86_64-arm-none-eabi/bin/../lib/gcc/arm-none-eabi/14.2.1/thumb/v8-m.main/nofp\libc_nano.a
LOAD C:/Users/victo/.mcuxpressotools/arm-gnu-toolchain-14.2.rel1-mingw-w64-x86_64-arm-none-eabi/bin/../lib/gcc/arm-none-eabi/14.2.1/thumb/v8-m.main/nofp\libnosys.a
END GROUP
START GROUP
LOAD C:/Users/victo/.mcuxpressotools/arm-gnu-toolchain-14.2.rel1-mingw-w64-x86_64-arm-none-eabi/bin/../lib/gcc/arm-none-eabi/14.2.1/thumb/v8-m.main/nofp\libgcc.a
LOAD C:/Users/victo/.mcuxpressotools/arm-gnu-toolchain-14.2.rel1-mingw-w64-x86_64-arm-none-eabi/bin/../lib/gcc/arm-none-eabi/14.2.1/thumb/v8-m.main/nofp\libc_nano.a
LOAD C:/Users/victo/.mcuxpressotools/arm-gnu-toolchain-14.2.rel1-mingw-w64-x86_64-arm-none-eabi/bin/../lib/gcc/arm-none-eabi/14.2.1/thumb/v8-m.main/nofp\libnosys.a
END GROUP
LOAD C:/Users/victo/.mcuxpressotools/arm-gnu-toolchain-14.2.rel1-mingw-w64-x86_64-arm-none-eabi/bin/../lib/gcc/arm-none-eabi/14.2.1/thumb/v8-m.main/nofp/crtend.o
LOAD C:/Users/victo/.mcuxpressotools/arm-gnu-toolchain-14.2.rel1-mingw-w64-x86_64-arm-none-eabi/bin/../lib/gcc/arm-none-eabi/14.2.1/thumb/v8-m.main/nofp/crtn.o
                0x00000400                        HEAP_SIZE = DEFINED (__heap_size__)?__heap_size__:0x400
                0x00000800                        STACK_SIZE = DEFINED (__stack_size__)?__stack_size__:0x800

.interrupts     0x00000000      0x180
                0x00000000                        . = ALIGN (0x4)
 *(.isr_vector)
 .isr_vector    0x00000000      0x180 CMakeFiles/distributed_ecu.dir/D_/summer_school/mcuxsdk/mcuxsdk/devices/MCX/MCXA/MCXA153/gcc/startup_MCXA153.S.obj
                0x00000000                __Vectors
                0x00000180                        . = ALIGN (0x4)

.text           0x00000200     0x5a74
                0x00000200                        . = ALIGN (0x4)
 *(.text)
 .text          0x00000200       0x7c C:/Users/victo/.mcuxpressotools/arm-gnu-toolchain-14.2.rel1-mingw-w64-x86_64-arm-none-eabi/bin/../lib/gcc/arm-none-eabi/14.2.1/thumb/v8-m.main/nofp/crt0.o
                0x00000200                _stack_init
                0x00000208                _start
                0x00000208                _mainCRTStartup
 .text          0x0000027c      0x340 CMakeFiles/distributed_ecu.dir/D_/summer_school/mcuxsdk/mcuxsdk/devices/MCX/MCXA/MCXA153/gcc/startup_MCXA153.S.obj
                0x0000027c                Reset_Handler
                0x00000310                SCG0_DriverIRQHandler
                0x00000310                CMC_DriverIRQHandler
                0x00000310                OS_EVENT_DriverIRQHandler
                0x00000310                WUU0_DriverIRQHandler
                0x00000310                Reserved50_DriverIRQHandler
                0x00000310                DebugMon_Handler
                0x00000310                FLEXPWM0_SUBMODULE0_DriverIRQHandler
                0x00000310                Reserved33_DriverIRQHandler
                0x00000310                I3C0_DriverIRQHandler
                0x00000310                Reserved39_DriverIRQHandler
                0x00000310                GPIO1_DriverIRQHandler
                0x00000310                Reserved86_DriverIRQHandler
                0x00000310                Reserved37_DriverIRQHandler
                0x00000310                Reserved46_DriverIRQHandler
                0x00000310                Reserved43_DriverIRQHandler
                0x00000310                WAKETIMER0_DriverIRQHandler
                0x00000310                BusFault_Handler
                0x00000310                MBC0_DriverIRQHandler
                0x00000310                SPC0_DriverIRQHandler
                0x00000310                LPTMR0_DriverIRQHandler
                0x00000310                DMA_CH1_DriverIRQHandler
                0x00000310                FLEXPWM0_SUBMODULE1_DriverIRQHandler
                0x00000310                Reserved58_DriverIRQHandler
                0x00000310                DMA_CH0_DriverIRQHandler
                0x00000310                Reserved59_DriverIRQHandler
                0x00000310                FLEXPWM0_RELOAD_ERROR_DriverIRQHandler
                0x00000310                CDOG0_DriverIRQHandler
                0x00000310                QDC0_HOME_DriverIRQHandler
                0x00000310                CMP0_DriverIRQHandler
                0x00000310                ADC0_DriverIRQHandler
                0x00000310                Reserved82_DriverIRQHandler
                0x00000310                Reserved85_DriverIRQHandler
                0x00000310                GPIO2_DriverIRQHandler
                0x00000310                Reserved16_DriverIRQHandler
                0x00000310                Reserved77_DriverIRQHandler
                0x00000310                QDC0_WATCHDOG_DriverIRQHandler
                0x00000310                ERM0_MULTI_BIT_DriverIRQHandler
                0x00000310                LPSPI1_DriverIRQHandler
                0x00000310                FMU0_DriverIRQHandler
                0x00000310                Reserved94_DriverIRQHandler
                0x00000310                Reserved36_DriverIRQHandler
                0x00000310                Reserved25_DriverIRQHandler
                0x00000310                Reserved51_DriverIRQHandler
                0x00000310                MemManage_Handler
                0x00000310                CTIMER2_DriverIRQHandler
                0x00000310                UsageFault_Handler
                0x00000310                CMP1_DriverIRQHandler
                0x00000310                DMA_CH2_DriverIRQHandler
                0x00000310                DefaultISR
                0x00000310                USB0_DriverIRQHandler
                0x00000310                ERM0_SINGLE_BIT_DriverIRQHandler
                0x00000310                Reserved65_DriverIRQHandler
                0x00000310                QDC0_INDEX_DriverIRQHandler
                0x00000310                Reserved93_DriverIRQHandler
                0x00000310                Reserved23_DriverIRQHandler
                0x00000310                Reserved72_DriverIRQHandler
                0x00000310                Reserved83_DriverIRQHandler
                0x00000310                DMA_CH3_DriverIRQHandler
                0x00000310                UTICK0_DriverIRQHandler
                0x00000310                LPSPI0_DriverIRQHandler
                0x00000310                Reserved41_DriverIRQHandler
                0x00000310                FLEXPWM0_SUBMODULE2_DriverIRQHandler
                0x00000310                Reserved95_DriverIRQHandler
                0x00000310                WWDT0_DriverIRQHandler
                0x00000310                Reserved92_DriverIRQHandler
                0x00000310                Reserved84_DriverIRQHandler
                0x00000310                SecureFault_Handler
                0x00000310                QDC0_COMPARE_DriverIRQHandler
                0x00000310                CTIMER1_DriverIRQHandler
                0x00000310                FLEXPWM0_FAULT_DriverIRQHandler
                0x00000310                GLIKEY0_DriverIRQHandler
                0x00000310                Reserved24_DriverIRQHandler
                0x00000310                Reserved91_DriverIRQHandler
                0x00000310                Reserved79_DriverIRQHandler
                0x00000310                CTIMER0_DriverIRQHandler
                0x00000310                GPIO0_DriverIRQHandler
                0x00000310                Reserved35_DriverIRQHandler
                0x00000310                Reserved38_DriverIRQHandler
                0x00000310                FREQME0_DriverIRQHandler
                0x00000310                Reserved22_DriverIRQHandler
                0x00000310                Reserved53_DriverIRQHandler
                0x00000310                GPIO3_DriverIRQHandler
                0x00000314                NMI_Handler
                0x00000318                HardFault_Handler
                0x0000031c                SVC_Handler
                0x00000320                PendSV_Handler
                0x00000328                Reserved16_IRQHandler
                0x0000032c                CMC_IRQHandler
                0x00000330                DMA_CH0_IRQHandler
                0x00000334                DMA_CH1_IRQHandler
                0x00000338                DMA_CH2_IRQHandler
                0x0000033c                DMA_CH3_IRQHandler
                0x00000340                Reserved22_IRQHandler
                0x00000344                Reserved23_IRQHandler
                0x00000348                Reserved24_IRQHandler
                0x0000034c                Reserved25_IRQHandler
                0x00000350                ERM0_SINGLE_BIT_IRQHandler
                0x00000354                ERM0_MULTI_BIT_IRQHandler
                0x00000358                FMU0_IRQHandler
                0x0000035c                GLIKEY0_IRQHandler
                0x00000360                MBC0_IRQHandler
                0x00000364                SCG0_IRQHandler
                0x00000368                SPC0_IRQHandler
                0x0000036c                Reserved33_IRQHandler
                0x00000370                WUU0_IRQHandler
                0x00000374                Reserved35_IRQHandler
                0x00000378                Reserved36_IRQHandler
                0x0000037c                Reserved37_IRQHandler
                0x00000380                Reserved38_IRQHandler
                0x00000384                Reserved39_IRQHandler
                0x00000388                I3C0_IRQHandler
                0x0000038c                Reserved41_IRQHandler
                0x00000390                LPI2C0_IRQHandler
                0x00000394                Reserved43_IRQHandler
                0x00000398                LPSPI0_IRQHandler
                0x0000039c                LPSPI1_IRQHandler
                0x000003a0                Reserved46_IRQHandler
                0x000003a4                LPUART0_IRQHandler
                0x000003b0                Reserved50_IRQHandler
                0x000003b4                Reserved51_IRQHandler
                0x000003b8                USB0_IRQHandler
                0x000003bc                Reserved53_IRQHandler
                0x000003c0                CDOG0_IRQHandler
                0x000003c4                CTIMER0_IRQHandler
                0x000003c8                CTIMER1_IRQHandler
                0x000003cc                CTIMER2_IRQHandler
                0x000003d0                Reserved58_IRQHandler
                0x000003d4                Reserved59_IRQHandler
                0x000003d8                FLEXPWM0_RELOAD_ERROR_IRQHandler
                0x000003dc                FLEXPWM0_FAULT_IRQHandler
                0x000003e0                FLEXPWM0_SUBMODULE0_IRQHandler
                0x000003e4                FLEXPWM0_SUBMODULE1_IRQHandler
                0x000003e8                FLEXPWM0_SUBMODULE2_IRQHandler
                0x000003ec                Reserved65_IRQHandler
                0x000003f0                QDC0_COMPARE_IRQHandler
                0x000003f4                QDC0_HOME_IRQHandler
                0x000003f8                QDC0_WATCHDOG_IRQHandler
                0x000003fc                QDC0_INDEX_IRQHandler
                0x00000400                FREQME0_IRQHandler
                0x00000404                LPTMR0_IRQHandler
                0x00000408                Reserved72_IRQHandler
                0x0000040c                OS_EVENT_IRQHandler
                0x00000410                WAKETIMER0_IRQHandler
                0x00000414                UTICK0_IRQHandler
                0x00000418                WWDT0_IRQHandler
                0x0000041c                Reserved77_IRQHandler
                0x00000420                ADC0_IRQHandler
                0x00000424                Reserved79_IRQHandler
                0x00000428                CMP0_IRQHandler
                0x0000042c                CMP1_IRQHandler
                0x00000430                Reserved82_IRQHandler
                0x00000434                Reserved83_IRQHandler
                0x00000438                Reserved84_IRQHandler
                0x0000043c                Reserved85_IRQHandler
                0x00000440                Reserved86_IRQHandler
                0x00000444                GPIO0_IRQHandler
                0x00000448                GPIO1_IRQHandler
                0x0000044c                GPIO2_IRQHandler
                0x00000450                GPIO3_IRQHandler
                0x00000454                Reserved91_IRQHandler
                0x00000458                Reserved92_IRQHandler
                0x0000045c                Reserved93_IRQHandler
                0x00000460                Reserved94_IRQHandler
                0x00000464                Reserved95_IRQHandler
 .text          0x000005bc       0x10 C:/Users/victo/.mcuxpressotools/arm-gnu-toolchain-14.2.rel1-mingw-w64-x86_64-arm-none-eabi/bin/../lib/gcc/arm-none-eabi/14.2.1/thumb/v8-m.main/nofp\libc_nano.a(libc_a-strlen.o)
                0x000005bc                strlen
 *(.text*)
 .text.deregister_tm_clones
                0x000005cc       0x1c C:/Users/victo/.mcuxpressotools/arm-gnu-toolchain-14.2.rel1-mingw-w64-x86_64-arm-none-eabi/bin/../lib/gcc/arm-none-eabi/14.2.1/thumb/v8-m.main/nofp/crtbegin.o
 .text.register_tm_clones
                0x000005e8       0x28 C:/Users/victo/.mcuxpressotools/arm-gnu-toolchain-14.2.rel1-mingw-w64-x86_64-arm-none-eabi/bin/../lib/gcc/arm-none-eabi/14.2.1/thumb/v8-m.main/nofp/crtbegin.o
 .text.__do_global_dtors_aux
                0x00000610       0x28 C:/Users/victo/.mcuxpressotools/arm-gnu-toolchain-14.2.rel1-mingw-w64-x86_64-arm-none-eabi/bin/../lib/gcc/arm-none-eabi/14.2.1/thumb/v8-m.main/nofp/crtbegin.o
 .text.frame_dummy
                0x00000638       0x24 C:/Users/victo/.mcuxpressotools/arm-gnu-toolchain-14.2.rel1-mingw-w64-x86_64-arm-none-eabi/bin/../lib/gcc/arm-none-eabi/14.2.1/thumb/v8-m.main/nofp/crtbegin.o
 .text.SystemInit
                0x0000065c      0x140 CMakeFiles/distributed_ecu.dir/D_/summer_school/mcuxsdk/mcuxsdk/devices/MCX/MCXA/MCXA153/system_MCXA153.c.obj
                0x0000065c                SystemInit
 .text.SystemInitHook
                0x0000079c        0xc CMakeFiles/distributed_ecu.dir/D_/summer_school/mcuxsdk/mcuxsdk/devices/MCX/MCXA/MCXA153/system_MCXA153.c.obj
                0x0000079c                SystemInitHook
 .text.CLOCK_IsDivHalt
                0x000007a8       0x22 CMakeFiles/distributed_ecu.dir/D_/summer_school/mcuxsdk/mcuxsdk/devices/MCX/MCXA/MCXA153/drivers/fsl_clock.c.obj
 .text.CLOCK_AttachClk
                0x000007ca       0x30 CMakeFiles/distributed_ecu.dir/D_/summer_school/mcuxsdk/mcuxsdk/devices/MCX/MCXA/MCXA153/drivers/fsl_clock.c.obj
                0x000007ca                CLOCK_AttachClk
 *fill*         0x000007fa        0x2 
 .text.CLOCK_SetClockSelect
                0x000007fc       0xa4 CMakeFiles/distributed_ecu.dir/D_/summer_school/mcuxsdk/mcuxsdk/devices/MCX/MCXA/MCXA153/drivers/fsl_clock.c.obj
                0x000007fc                CLOCK_SetClockSelect
 .text.CLOCK_SetClockDiv
                0x000008a0       0xe0 CMakeFiles/distributed_ecu.dir/D_/summer_school/mcuxsdk/mcuxsdk/devices/MCX/MCXA/MCXA153/drivers/fsl_clock.c.obj
                0x000008a0                CLOCK_SetClockDiv
 .text.CLOCK_SetupFRO12MClocking
                0x00000980       0x54 CMakeFiles/distributed_ecu.dir/D_/summer_school/mcuxsdk/mcuxsdk/devices/MCX/MCXA/MCXA153/drivers/fsl_clock.c.obj
                0x00000980                CLOCK_SetupFRO12MClocking
 .text.CLOCK_GetFro12MFreq
                0x000009d4       0x28 CMakeFiles/distributed_ecu.dir/D_/summer_school/mcuxsdk/mcuxsdk/devices/MCX/MCXA/MCXA153/drivers/fsl_clock.c.obj
 .text.CLOCK_GetClk1MFreq
                0x000009fc       0x14 CMakeFiles/distributed_ecu.dir/D_/summer_school/mcuxsdk/mcuxsdk/devices/MCX/MCXA/MCXA153/drivers/fsl_clock.c.obj
 .text.CLOCK_GetFroHfFreq
                0x00000a10       0xc0 CMakeFiles/distributed_ecu.dir/D_/summer_school/mcuxsdk/mcuxsdk/devices/MCX/MCXA/MCXA153/drivers/fsl_clock.c.obj
 .text.CLOCK_GetClk16KFreq
                0x00000ad0       0x48 CMakeFiles/distributed_ecu.dir/D_/summer_school/mcuxsdk/mcuxsdk/devices/MCX/MCXA/MCXA153/drivers/fsl_clock.c.obj
 .text.CLOCK_GetExtClkFreq
                0x00000b18       0x2c CMakeFiles/distributed_ecu.dir/D_/summer_school/mcuxsdk/mcuxsdk/devices/MCX/MCXA/MCXA153/drivers/fsl_clock.c.obj
 .text.CLOCK_GetMainClk
                0x00000b44       0x68 CMakeFiles/distributed_ecu.dir/D_/summer_school/mcuxsdk/mcuxsdk/devices/MCX/MCXA/MCXA153/drivers/fsl_clock.c.obj
                0x00000b44                CLOCK_GetMainClk
 .text.CLOCK_GetCoreSysClkFreq
                0x00000bac       0x20 CMakeFiles/distributed_ecu.dir/D_/summer_school/mcuxsdk/mcuxsdk/devices/MCX/MCXA/MCXA153/drivers/fsl_clock.c.obj
                0x00000bac                CLOCK_GetCoreSysClkFreq
 .text.CLOCK_GetLpi2cClkFreq
                0x00000bcc       0xa0 CMakeFiles/distributed_ecu.dir/D_/summer_school/mcuxsdk/mcuxsdk/devices/MCX/MCXA/MCXA153/drivers/fsl_clock.c.obj
                0x00000bcc                CLOCK_GetLpi2cClkFreq
 .text.CLOCK_GetLpuartClkFreq
                0x00000c6c       0xe4 CMakeFiles/distributed_ecu.dir/D_/summer_school/mcuxsdk/mcuxsdk/devices/MCX/MCXA/MCXA153/drivers/fsl_clock.c.obj
                0x00000c6c                CLOCK_GetLpuartClkFreq
 .text.RESET_SetPeripheralReset
                0x00000d50       0xc8 CMakeFiles/distributed_ecu.dir/D_/summer_school/mcuxsdk/mcuxsdk/devices/MCX/MCXA/MCXA153/drivers/fsl_reset.c.obj
                0x00000d50                RESET_SetPeripheralReset
 .text.RESET_ClearPeripheralReset
                0x00000e18       0xa8 CMakeFiles/distributed_ecu.dir/D_/summer_school/mcuxsdk/mcuxsdk/devices/MCX/MCXA/MCXA153/drivers/fsl_reset.c.obj
                0x00000e18                RESET_ClearPeripheralReset
 .text.RESET_PeripheralReset
                0x00000ec0       0x22 CMakeFiles/distributed_ecu.dir/D_/summer_school/mcuxsdk/mcuxsdk/devices/MCX/MCXA/MCXA153/drivers/fsl_reset.c.obj
                0x00000ec0                RESET_PeripheralReset
 *fill*         0x00000ee2        0x2 
 .text.CLOCK_EnableClock
                0x00000ee4       0x88 CMakeFiles/distributed_ecu.dir/D_/summer_school/mcuxsdk/mcuxsdk/drivers/gpio/fsl_gpio.c.obj
 .text.CLOCK_DisableClock
                0x00000f6c       0x98 CMakeFiles/distributed_ecu.dir/D_/summer_school/mcuxsdk/mcuxsdk/drivers/gpio/fsl_gpio.c.obj
 .text.GPIO_PinWrite
                0x00001004       0x34 CMakeFiles/distributed_ecu.dir/D_/summer_school/mcuxsdk/mcuxsdk/drivers/gpio/fsl_gpio.c.obj
 .text.GPIO_GetInstance
                0x00001038       0x58 CMakeFiles/distributed_ecu.dir/D_/summer_school/mcuxsdk/mcuxsdk/drivers/gpio/fsl_gpio.c.obj
 .text.GPIO_PortClockEnable
                0x00001090       0x64 CMakeFiles/distributed_ecu.dir/D_/summer_school/mcuxsdk/mcuxsdk/drivers/gpio/fsl_gpio.c.obj
 .text.GPIO_PinInit
                0x000010f4       0x78 CMakeFiles/distributed_ecu.dir/D_/summer_school/mcuxsdk/mcuxsdk/drivers/gpio/fsl_gpio.c.obj
                0x000010f4                GPIO_PinInit
 .text.CLOCK_EnableClock
                0x0000116c       0x88 CMakeFiles/distributed_ecu.dir/D_/summer_school/mcuxsdk/mcuxsdk/drivers/lpi2c/fsl_lpi2c.c.obj
 .text.RESET_ReleasePeripheralReset
                0x000011f4       0x1a CMakeFiles/distributed_ecu.dir/D_/summer_school/mcuxsdk/mcuxsdk/drivers/lpi2c/fsl_lpi2c.c.obj
 .text.LPI2C_MasterReset
                0x0000120e       0x1e CMakeFiles/distributed_ecu.dir/D_/summer_school/mcuxsdk/mcuxsdk/drivers/lpi2c/fsl_lpi2c.c.obj
 .text.LPI2C_MasterEnable
                0x0000122c       0x30 CMakeFiles/distributed_ecu.dir/D_/summer_school/mcuxsdk/mcuxsdk/drivers/lpi2c/fsl_lpi2c.c.obj
 .text.LPI2C_MasterGetStatusFlags
                0x0000125c       0x16 CMakeFiles/distributed_ecu.dir/D_/summer_school/mcuxsdk/mcuxsdk/drivers/lpi2c/fsl_lpi2c.c.obj
 .text.LPI2C_MasterClearStatusFlags
                0x00001272       0x1a CMakeFiles/distributed_ecu.dir/D_/summer_school/mcuxsdk/mcuxsdk/drivers/lpi2c/fsl_lpi2c.c.obj
 .text.LPI2C_MasterSetWatermarks
                0x0000128c       0x2a CMakeFiles/distributed_ecu.dir/D_/summer_school/mcuxsdk/mcuxsdk/drivers/lpi2c/fsl_lpi2c.c.obj
 .text.LPI2C_MasterGetFifoCounts
                0x000012b6       0x3c CMakeFiles/distributed_ecu.dir/D_/summer_school/mcuxsdk/mcuxsdk/drivers/lpi2c/fsl_lpi2c.c.obj
 .text.LPI2C_SlaveEnable
                0x000012f2       0x34 CMakeFiles/distributed_ecu.dir/D_/summer_school/mcuxsdk/mcuxsdk/drivers/lpi2c/fsl_lpi2c.c.obj
 *fill*         0x00001326        0x2 
 .text.LPI2C_GetInstance
                0x00001328       0x54 CMakeFiles/distributed_ecu.dir/D_/summer_school/mcuxsdk/mcuxsdk/drivers/lpi2c/fsl_lpi2c.c.obj
                0x00001328                LPI2C_GetInstance
 .text.LPI2C_GetCyclesForWidth
                0x0000137c       0x8c CMakeFiles/distributed_ecu.dir/D_/summer_school/mcuxsdk/mcuxsdk/drivers/lpi2c/fsl_lpi2c.c.obj
 .text.LPI2C_MasterCheckAndClearError
                0x00001408       0x9c CMakeFiles/distributed_ecu.dir/D_/summer_school/mcuxsdk/mcuxsdk/drivers/lpi2c/fsl_lpi2c.c.obj
                0x00001408                LPI2C_MasterCheckAndClearError
 .text.LPI2C_MasterWaitForTxReady
                0x000014a4       0x52 CMakeFiles/distributed_ecu.dir/D_/summer_school/mcuxsdk/mcuxsdk/drivers/lpi2c/fsl_lpi2c.c.obj
 .text.LPI2C_CheckForBusyBus
                0x000014f6       0x38 CMakeFiles/distributed_ecu.dir/D_/summer_school/mcuxsdk/mcuxsdk/drivers/lpi2c/fsl_lpi2c.c.obj
                0x000014f6                LPI2C_CheckForBusyBus
 *fill*         0x0000152e        0x2 
 .text.LPI2C_MasterGetDefaultConfig
                0x00001530       0x6c CMakeFiles/distributed_ecu.dir/D_/summer_school/mcuxsdk/mcuxsdk/drivers/lpi2c/fsl_lpi2c.c.obj
                0x00001530                LPI2C_MasterGetDefaultConfig
 .text.LPI2C_MasterInit
                0x0000159c      0x1e0 CMakeFiles/distributed_ecu.dir/D_/summer_school/mcuxsdk/mcuxsdk/drivers/lpi2c/fsl_lpi2c.c.obj
                0x0000159c                LPI2C_MasterInit
 .text.LPI2C_MasterSetBaudRate
                0x0000177c      0x32c CMakeFiles/distributed_ecu.dir/D_/summer_school/mcuxsdk/mcuxsdk/drivers/lpi2c/fsl_lpi2c.c.obj
                0x0000177c                LPI2C_MasterSetBaudRate
 .text.LPI2C_MasterStop
                0x00001aa8       0x6a CMakeFiles/distributed_ecu.dir/D_/summer_school/mcuxsdk/mcuxsdk/drivers/lpi2c/fsl_lpi2c.c.obj
                0x00001aa8                LPI2C_MasterStop
 *fill*         0x00001b12        0x2 
 .text.LPI2C_MasterReceive
                0x00001b14       0xf0 CMakeFiles/distributed_ecu.dir/D_/summer_school/mcuxsdk/mcuxsdk/drivers/lpi2c/fsl_lpi2c.c.obj
                0x00001b14                LPI2C_MasterReceive
 .text.LPI2C_MasterSend
                0x00001c04       0x6c CMakeFiles/distributed_ecu.dir/D_/summer_school/mcuxsdk/mcuxsdk/drivers/lpi2c/fsl_lpi2c.c.obj
                0x00001c04                LPI2C_MasterSend
 .text.LPI2C_MasterTransferBlocking
                0x00001c70      0x1ec CMakeFiles/distributed_ecu.dir/D_/summer_school/mcuxsdk/mcuxsdk/drivers/lpi2c/fsl_lpi2c.c.obj
                0x00001c70                LPI2C_MasterTransferBlocking
 .text.LPI2C_CommonIRQHandler
                0x00001e5c       0x70 CMakeFiles/distributed_ecu.dir/D_/summer_school/mcuxsdk/mcuxsdk/drivers/lpi2c/fsl_lpi2c.c.obj
 .text.LPI2C0_DriverIRQHandler
                0x00001ecc       0x14 CMakeFiles/distributed_ecu.dir/D_/summer_school/mcuxsdk/mcuxsdk/drivers/lpi2c/fsl_lpi2c.c.obj
                0x00001ecc                LPI2C0_DriverIRQHandler
 .text.CLOCK_EnableClock
                0x00001ee0       0x88 CMakeFiles/distributed_ecu.dir/D_/summer_school/mcuxsdk/mcuxsdk/drivers/lpuart/fsl_lpuart.c.obj
 .text.RESET_ReleasePeripheralReset
                0x00001f68       0x1a CMakeFiles/distributed_ecu.dir/D_/summer_school/mcuxsdk/mcuxsdk/drivers/lpuart/fsl_lpuart.c.obj
 .text.DisableGlobalIRQ
                0x00001f82       0x20 CMakeFiles/distributed_ecu.dir/D_/summer_school/mcuxsdk/mcuxsdk/drivers/lpuart/fsl_lpuart.c.obj
 .text.EnableGlobalIRQ
                0x00001fa2       0x1e CMakeFiles/distributed_ecu.dir/D_/summer_school/mcuxsdk/mcuxsdk/drivers/lpuart/fsl_lpuart.c.obj
 .text.LPUART_SoftwareReset
                0x00001fc0       0x2a CMakeFiles/distributed_ecu.dir/D_/summer_school/mcuxsdk/mcuxsdk/drivers/lpuart/fsl_lpuart.c.obj
 *fill*         0x00001fea        0x2 
 .text.LPUART_GetInstance
                0x00001fec       0x58 CMakeFiles/distributed_ecu.dir/D_/summer_school/mcuxsdk/mcuxsdk/drivers/lpuart/fsl_lpuart.c.obj
                0x00001fec                LPUART_GetInstance
 .text.LPUART_Init
                0x00002044      0x400 CMakeFiles/distributed_ecu.dir/D_/summer_school/mcuxsdk/mcuxsdk/drivers/lpuart/fsl_lpuart.c.obj
                0x00002044                LPUART_Init
 .text.LPUART_GetDefaultConfig
                0x00002444       0xb0 CMakeFiles/distributed_ecu.dir/D_/summer_school/mcuxsdk/mcuxsdk/drivers/lpuart/fsl_lpuart.c.obj
                0x00002444                LPUART_GetDefaultConfig
 .text.LPUART_EnableInterrupts
                0x000024f4       0xa8 CMakeFiles/distributed_ecu.dir/D_/summer_school/mcuxsdk/mcuxsdk/drivers/lpuart/fsl_lpuart.c.obj
                0x000024f4                LPUART_EnableInterrupts
 .text.LPUART_GetStatusFlags
                0x0000259c       0x38 CMakeFiles/distributed_ecu.dir/D_/summer_school/mcuxsdk/mcuxsdk/drivers/lpuart/fsl_lpuart.c.obj
                0x0000259c                LPUART_GetStatusFlags
 .text.LPUART_ClearStatusFlags
                0x000025d4       0x7c CMakeFiles/distributed_ecu.dir/D_/summer_school/mcuxsdk/mcuxsdk/drivers/lpuart/fsl_lpuart.c.obj
                0x000025d4                LPUART_ClearStatusFlags
 .text.LPUART_WriteBlocking
                0x00002650       0x78 CMakeFiles/distributed_ecu.dir/D_/summer_school/mcuxsdk/mcuxsdk/drivers/lpuart/fsl_lpuart.c.obj
                0x00002650                LPUART_WriteBlocking
 .text.LPUART_WaitForReadData
                0x000026c8       0xd0 CMakeFiles/distributed_ecu.dir/D_/summer_school/mcuxsdk/mcuxsdk/drivers/lpuart/fsl_lpuart.c.obj
 .text.LPUART_ReadBlocking
                0x00002798       0xc0 CMakeFiles/distributed_ecu.dir/D_/summer_school/mcuxsdk/mcuxsdk/drivers/lpuart/fsl_lpuart.c.obj
                0x00002798                LPUART_ReadBlocking
 .text.LPUART0_DriverIRQHandler
                0x00002858       0x24 CMakeFiles/distributed_ecu.dir/D_/summer_school/mcuxsdk/mcuxsdk/drivers/lpuart/fsl_lpuart.c.obj
                0x00002858                LPUART0_DriverIRQHandler
 .text.LPUART1_DriverIRQHandler
                0x0000287c       0x24 CMakeFiles/distributed_ecu.dir/D_/summer_school/mcuxsdk/mcuxsdk/drivers/lpuart/fsl_lpuart.c.obj
                0x0000287c                LPUART1_DriverIRQHandler
 .text.LPUART2_DriverIRQHandler
                0x000028a0       0x24 CMakeFiles/distributed_ecu.dir/D_/summer_school/mcuxsdk/mcuxsdk/drivers/lpuart/fsl_lpuart.c.obj
                0x000028a0                LPUART2_DriverIRQHandler
 .text.SPC_GetActiveModeBandgapMode
                0x000028c4       0x20 CMakeFiles/distributed_ecu.dir/D_/summer_school/mcuxsdk/mcuxsdk/drivers/mcx_spc/fsl_spc.c.obj
 .text.SPC_GetActiveModeVoltageDetectStatus
                0x000028e4       0x20 CMakeFiles/distributed_ecu.dir/D_/summer_school/mcuxsdk/mcuxsdk/drivers/mcx_spc/fsl_spc.c.obj
 .text.SPC_GetActiveModeCoreLDOVDDVoltageLevel
                0x00002904       0x20 CMakeFiles/distributed_ecu.dir/D_/summer_school/mcuxsdk/mcuxsdk/drivers/mcx_spc/fsl_spc.c.obj
 .text.SPC_GetActiveModeCoreLDODriveStrength
                0x00002924       0x20 CMakeFiles/distributed_ecu.dir/D_/summer_school/mcuxsdk/mcuxsdk/drivers/mcx_spc/fsl_spc.c.obj
 .text.SPC_SetSRAMOperateVoltage
                0x00002944       0x68 CMakeFiles/distributed_ecu.dir/D_/summer_school/mcuxsdk/mcuxsdk/drivers/mcx_spc/fsl_spc.c.obj
                0x00002944                SPC_SetSRAMOperateVoltage
 .text.SPC_SetActiveModeCoreLDORegulatorConfig
                0x000029ac       0x94 CMakeFiles/distributed_ecu.dir/D_/summer_school/mcuxsdk/mcuxsdk/drivers/mcx_spc/fsl_spc.c.obj
                0x000029ac                SPC_SetActiveModeCoreLDORegulatorConfig
 .text.SPC_SetActiveModeCoreLDORegulatorVoltageLevel
                0x00002a40       0x60 CMakeFiles/distributed_ecu.dir/D_/summer_school/mcuxsdk/mcuxsdk/drivers/mcx_spc/fsl_spc.c.obj
                0x00002a40                SPC_SetActiveModeCoreLDORegulatorVoltageLevel
 .text.SPC_SetActiveModeCoreLDORegulatorDriveStrength
                0x00002aa0       0x5e CMakeFiles/distributed_ecu.dir/D_/summer_school/mcuxsdk/mcuxsdk/drivers/mcx_spc/fsl_spc.c.obj
                0x00002aa0                SPC_SetActiveModeCoreLDORegulatorDriveStrength
 .text.fsl_assert_hook
                0x00002afe       0x18 CMakeFiles/distributed_ecu.dir/D_/summer_school/mcuxsdk/mcuxsdk/components/assert/fsl_assert.c.obj
                0x00002afe                fsl_assert_hook
 *fill*         0x00002b16        0x2 
 .text.__assert_func
                0x00002b18       0x40 CMakeFiles/distributed_ecu.dir/D_/summer_school/mcuxsdk/mcuxsdk/components/assert/fsl_assert.c.obj
                0x00002b18                __assert_func
 .text.DbgConsole_Init
                0x00002b58       0x88 CMakeFiles/distributed_ecu.dir/D_/summer_school/mcuxsdk/mcuxsdk/components/debug_console_lite/fsl_debug_console.c.obj
                0x00002b58                DbgConsole_Init
 .text.DbgConsole_Printf
                0x00002be0       0x2c CMakeFiles/distributed_ecu.dir/D_/summer_school/mcuxsdk/mcuxsdk/components/debug_console_lite/fsl_debug_console.c.obj
                0x00002be0                DbgConsole_Printf
 .text.DbgConsole_Vprintf
                0x00002c0c       0x3c CMakeFiles/distributed_ecu.dir/D_/summer_school/mcuxsdk/mcuxsdk/components/debug_console_lite/fsl_debug_console.c.obj
                0x00002c0c                DbgConsole_Vprintf
 .text.DbgConsole_Putchar
                0x00002c48       0x30 CMakeFiles/distributed_ecu.dir/D_/summer_school/mcuxsdk/mcuxsdk/components/debug_console_lite/fsl_debug_console.c.obj
                0x00002c48                DbgConsole_Putchar
 .text.DbgConsole_PrintfPaddingCharacter
                0x00002c78       0x40 CMakeFiles/distributed_ecu.dir/D_/summer_school/mcuxsdk/mcuxsdk/components/debug_console_lite/fsl_debug_console.c.obj
 .text.DbgConsole_ConvertRadixNumToString
                0x00002cb8       0xc0 CMakeFiles/distributed_ecu.dir/D_/summer_school/mcuxsdk/mcuxsdk/components/debug_console_lite/fsl_debug_console.c.obj
 .text.DbgConsole_PrintfFormattedData
                0x00002d78      0x3e0 CMakeFiles/distributed_ecu.dir/D_/summer_school/mcuxsdk/mcuxsdk/components/debug_console_lite/fsl_debug_console.c.obj
 .text._sbrk    0x00003158       0x68 CMakeFiles/distributed_ecu.dir/D_/summer_school/mcuxsdk/mcuxsdk/components/misc_utilities/fsl_sbrk.c.obj
                0x00003158                _sbrk
 .text.memcpy   0x000031c0       0xa0 CMakeFiles/distributed_ecu.dir/D_/summer_school/mcuxsdk/mcuxsdk/components/misc_utilities/fsl_memcpy.S.obj
                0x000031c0                memcpy
 .text.memset   0x00003260       0x54 CMakeFiles/distributed_ecu.dir/D_/summer_school/mcuxsdk/mcuxsdk/components/misc_utilities/fsl_memset.S.obj
                0x00003260                memset
 .text.HAL_UartGetStatus
                0x000032b4       0x26 CMakeFiles/distributed_ecu.dir/D_/summer_school/mcuxsdk/mcuxsdk/components/uart/fsl_adapter_lpuart.c.obj
 *fill*         0x000032da        0x2 
 .text.HAL_UartInitCommon
                0x000032dc       0xe0 CMakeFiles/distributed_ecu.dir/D_/summer_school/mcuxsdk/mcuxsdk/components/uart/fsl_adapter_lpuart.c.obj
 .text.HAL_UartInit
                0x000033bc       0xac CMakeFiles/distributed_ecu.dir/D_/summer_school/mcuxsdk/mcuxsdk/components/uart/fsl_adapter_lpuart.c.obj
                0x000033bc                HAL_UartInit
 .text.HAL_UartReceiveBlocking
                0x00003468       0x8c CMakeFiles/distributed_ecu.dir/D_/summer_school/mcuxsdk/mcuxsdk/components/uart/fsl_adapter_lpuart.c.obj
                0x00003468                HAL_UartReceiveBlocking
 .text.HAL_UartSendBlocking
                0x000034f4       0x84 CMakeFiles/distributed_ecu.dir/D_/summer_school/mcuxsdk/mcuxsdk/components/uart/fsl_adapter_lpuart.c.obj
                0x000034f4                HAL_UartSendBlocking
 .text.BOARD_InitDebugConsole
                0x00003578       0x30 CMakeFiles/distributed_ecu.dir/frdmmcxa153/frdmmcxa153/board.c.obj
                0x00003578                BOARD_InitDebugConsole
 .text.BOARD_BootClockFRO12M
                0x000035a8       0xb8 CMakeFiles/distributed_ecu.dir/frdmmcxa153/frdmmcxa153/clock_config.c.obj
                0x000035a8                BOARD_BootClockFRO12M
 .text.CLOCK_EnableClock
                0x00003660       0x88 CMakeFiles/distributed_ecu.dir/frdmmcxa153/led_blinky/pin_mux.c.obj
 .text.RESET_ReleasePeripheralReset
                0x000036e8       0x1a CMakeFiles/distributed_ecu.dir/frdmmcxa153/led_blinky/pin_mux.c.obj
 *fill*         0x00003702        0x2 
 .text.PORT_SetPinConfig
                0x00003704       0x48 CMakeFiles/distributed_ecu.dir/frdmmcxa153/led_blinky/pin_mux.c.obj
 .text.BOARD_InitPins
                0x0000374c      0x204 CMakeFiles/distributed_ecu.dir/frdmmcxa153/led_blinky/pin_mux.c.obj
                0x0000374c                BOARD_InitPins
 .text.GPIO_PinWrite
                0x00003950       0x34 CMakeFiles/distributed_ecu.dir/frdmmcxa153/led_blinky/hardware_init.c.obj
 .text.BOARD_InitHardware
                0x00003984       0x64 CMakeFiles/distributed_ecu.dir/frdmmcxa153/led_blinky/hardware_init.c.obj
                0x00003984                BOARD_InitHardware
 .text.GPIO_PortToggle
                0x000039e8       0x1a CMakeFiles/distributed_ecu.dir/led_blinky.c.obj
 .text.LPUART_ReadByte
                0x00003a02       0x6c CMakeFiles/distributed_ecu.dir/led_blinky.c.obj
 *fill*         0x00003a6e        0x2 
 .text.SysTick_Handler
                0x00003a70       0x18 CMakeFiles/distributed_ecu.dir/led_blinky.c.obj
                0x00003a70                SysTick_Handler
 .text.console_redraw_prompt
                0x00003a88       0x38 CMakeFiles/distributed_ecu.dir/led_blinky.c.obj
 .text.console_try_read
                0x00003ac0       0x50 CMakeFiles/distributed_ecu.dir/led_blinky.c.obj
 .text.console_service
                0x00003b10       0xe8 CMakeFiles/distributed_ecu.dir/led_blinky.c.obj
 .text.link_service
                0x00003bf8       0xa4 CMakeFiles/distributed_ecu.dir/led_blinky.c.obj
 .text.main     0x00003c9c       0xac CMakeFiles/distributed_ecu.dir/led_blinky.c.obj
                0x00003c9c                main
 .text.__NVIC_EnableIRQ
                0x00003d48       0x38 CMakeFiles/distributed_ecu.dir/link.c.obj
 .text.__NVIC_SetPriority
                0x00003d80       0x54 CMakeFiles/distributed_ecu.dir/link.c.obj
 .text.EnableIRQ
                0x00003dd4       0x32 CMakeFiles/distributed_ecu.dir/link.c.obj
 .text.LPUART_ReadByte
                0x00003e06       0x6c CMakeFiles/distributed_ecu.dir/link.c.obj
 *fill*         0x00003e72        0x2 
 .text.link_isr
                0x00003e74       0xc4 CMakeFiles/distributed_ecu.dir/link.c.obj
 .text.LPUART2_IRQHandler
                0x00003f38        0xe CMakeFiles/distributed_ecu.dir/link.c.obj
                0x00003f38                LPUART2_IRQHandler
 .text.LPUART1_IRQHandler
                0x00003f46        0xe CMakeFiles/distributed_ecu.dir/link.c.obj
                0x00003f46                LPUART1_IRQHandler
 .text.LINK_Init
                0x00003f54       0xfc CMakeFiles/distributed_ecu.dir/link.c.obj
                0x00003f54                LINK_Init
 .text.link_gw_send
                0x00004050       0xa4 CMakeFiles/distributed_ecu.dir/link.c.obj
 .text.link_gw_read
                0x000040f4       0x88 CMakeFiles/distributed_ecu.dir/link.c.obj
 .text.LINK_SendLine
                0x0000417c       0x68 CMakeFiles/distributed_ecu.dir/link.c.obj
                0x0000417c                LINK_SendLine
 .text.LINK_Broadcast
                0x000041e4       0x3e CMakeFiles/distributed_ecu.dir/link.c.obj
                0x000041e4                LINK_Broadcast
 .text.link_ring_get
                0x00004222       0x58 CMakeFiles/distributed_ecu.dir/link.c.obj
 *fill*         0x0000427a        0x2 
 .text.link_gw_poll
                0x0000427c       0xcc CMakeFiles/distributed_ecu.dir/link.c.obj
 .text.LINK_PollLine
                0x00004348      0x100 CMakeFiles/distributed_ecu.dir/link.c.obj
                0x00004348                LINK_PollLine
 .text.LINK_GetName
                0x00004448       0x40 CMakeFiles/distributed_ecu.dir/link.c.obj
                0x00004448                LINK_GetName
 .text.SysTick_init
                0x00004488       0x28 CMakeFiles/distributed_ecu.dir/led_blinky/peripherals.c.obj
 .text.BOARD_InitPeripherals
                0x000044b0        0xc CMakeFiles/distributed_ecu.dir/led_blinky/peripherals.c.obj
                0x000044b0                BOARD_InitPeripherals
 .text.BOARD_InitBootPeripherals
                0x000044bc        0xc CMakeFiles/distributed_ecu.dir/led_blinky/peripherals.c.obj
                0x000044bc                BOARD_InitBootPeripherals
 .text.exit     0x000044c8       0x24 C:/Users/victo/.mcuxpressotools/arm-gnu-toolchain-14.2.rel1-mingw-w64-x86_64-arm-none-eabi/bin/../lib/gcc/arm-none-eabi/14.2.1/thumb/v8-m.main/nofp\libc_nano.a(libc_a-exit.o)
                0x000044c8                exit
 .text.sbrk_aligned
                0x000044ec       0x44 C:/Users/victo/.mcuxpressotools/arm-gnu-toolchain-14.2.rel1-mingw-w64-x86_64-arm-none-eabi/bin/../lib/gcc/arm-none-eabi/14.2.1/thumb/v8-m.main/nofp\libc_nano.a(libc_a-mallocr.o)
 .text._malloc_r
                0x00004530      0x100 C:/Users/victo/.mcuxpressotools/arm-gnu-toolchain-14.2.rel1-mingw-w64-x86_64-arm-none-eabi/bin/../lib/gcc/arm-none-eabi/14.2.1/thumb/v8-m.main/nofp\libc_nano.a(libc_a-mallocr.o)
                0x00004530                _malloc_r
 .text.__malloc_lock
                0x00004630        0xc C:/Users/victo/.mcuxpressotools/arm-gnu-toolchain-14.2.rel1-mingw-w64-x86_64-arm-none-eabi/bin/../lib/gcc/arm-none-eabi/14.2.1/thumb/v8-m.main/nofp\libc_nano.a(libc_a-mlock.o)
                0x00004630                __malloc_lock
 .text.__malloc_unlock
                0x0000463c        0xc C:/Users/victo/.mcuxpressotools/arm-gnu-toolchain-14.2.rel1-mingw-w64-x86_64-arm-none-eabi/bin/../lib/gcc/arm-none-eabi/14.2.1/thumb/v8-m.main/nofp\libc_nano.a(libc_a-mlock.o)
                0x0000463c                __malloc_unlock
 .text.snprintf
                0x00004648       0x6c C:/Users/victo/.mcuxpressotools/arm-gnu-toolchain-14.2.rel1-mingw-w64-x86_64-arm-none-eabi/bin/../lib/gcc/arm-none-eabi/14.2.1/thumb/v8-m.main/nofp\libc_nano.a(libc_a-snprintf.o)
                0x00004648                sniprintf
                0x00004648                snprintf
 .text._sbrk_r  0x000046b4       0x20 C:/Users/victo/.mcuxpressotools/arm-gnu-toolchain-14.2.rel1-mingw-w64-x86_64-arm-none-eabi/bin/../lib/gcc/arm-none-eabi/14.2.1/thumb/v8-m.main/nofp\libc_nano.a(libc_a-sbrkr.o)
                0x000046b4                _sbrk_r
 .text.__errno  0x000046d4        0xc C:/Users/victo/.mcuxpressotools/arm-gnu-toolchain-14.2.rel1-mingw-w64-x86_64-arm-none-eabi/bin/../lib/gcc/arm-none-eabi/14.2.1/thumb/v8-m.main/nofp\libc_nano.a(libc_a-errno.o)
                0x000046d4                __errno
 .text.__libc_init_array
                0x000046e0       0x48 C:/Users/victo/.mcuxpressotools/arm-gnu-toolchain-14.2.rel1-mingw-w64-x86_64-arm-none-eabi/bin/../lib/gcc/arm-none-eabi/14.2.1/thumb/v8-m.main/nofp\libc_nano.a(libc_a-init.o)
                0x000046e0                __libc_init_array
 .text.__retarget_lock_acquire_recursive
                0x00004728        0x2 C:/Users/victo/.mcuxpressotools/arm-gnu-toolchain-14.2.rel1-mingw-w64-x86_64-arm-none-eabi/bin/../lib/gcc/arm-none-eabi/14.2.1/thumb/v8-m.main/nofp\libc_nano.a(libc_a-lock.o)
                0x00004728                __retarget_lock_acquire_recursive
 .text.__retarget_lock_release_recursive
                0x0000472a        0x2 C:/Users/victo/.mcuxpressotools/arm-gnu-toolchain-14.2.rel1-mingw-w64-x86_64-arm-none-eabi/bin/../lib/gcc/arm-none-eabi/14.2.1/thumb/v8-m.main/nofp\libc_nano.a(libc_a-lock.o)
                0x0000472a                __retarget_lock_release_recursive
 .text._free_r  0x0000472c       0x94 C:/Users/victo/.mcuxpressotools/arm-gnu-toolchain-14.2.rel1-mingw-w64-x86_64-arm-none-eabi/bin/../lib/gcc/arm-none-eabi/14.2.1/thumb/v8-m.main/nofp\libc_nano.a(libc_a-freer.o)
                0x0000472c                _free_r
 .text.__ssputs_r
                0x000047c0       0xc0 C:/Users/victo/.mcuxpressotools/arm-gnu-toolchain-14.2.rel1-mingw-w64-x86_64-arm-none-eabi/bin/../lib/gcc/arm-none-eabi/14.2.1/thumb/v8-m.main/nofp\libc_nano.a(libc_a-nano-svfprintf.o)
                0x000047c0                __ssputs_r
 .text._svfprintf_r
                0x00004880      0x1f8 C:/Users/victo/.mcuxpressotools/arm-gnu-toolchain-14.2.rel1-mingw-w64-x86_64-arm-none-eabi/bin/../lib/gcc/arm-none-eabi/14.2.1/thumb/v8-m.main/nofp\libc_nano.a(libc_a-nano-svfprintf.o)
                0x00004880                _svfiprintf_r
                0x00004880                _svfprintf_r
 .text._printf_common
                0x00004a78       0xe4 C:/Users/victo/.mcuxpressotools/arm-gnu-toolchain-14.2.rel1-mingw-w64-x86_64-arm-none-eabi/bin/../lib/gcc/arm-none-eabi/14.2.1/thumb/v8-m.main/nofp\libc_nano.a(libc_a-nano-vfprintf_i.o)
                0x00004a78                _printf_common
 .text._printf_i
                0x00004b5c      0x240 C:/Users/victo/.mcuxpressotools/arm-gnu-toolchain-14.2.rel1-mingw-w64-x86_64-arm-none-eabi/bin/../lib/gcc/arm-none-eabi/14.2.1/thumb/v8-m.main/nofp\libc_nano.a(libc_a-nano-vfprintf_i.o)
                0x00004b5c                _printf_i
 .text.memmove  0x00004d9c       0x32 C:/Users/victo/.mcuxpressotools/arm-gnu-toolchain-14.2.rel1-mingw-w64-x86_64-arm-none-eabi/bin/../lib/gcc/arm-none-eabi/14.2.1/thumb/v8-m.main/nofp\libc_nano.a(libc_a-memmove.o)
                0x00004d9c                memmove
 .text.memchr   0x00004dce       0x1c C:/Users/victo/.mcuxpressotools/arm-gnu-toolchain-14.2.rel1-mingw-w64-x86_64-arm-none-eabi/bin/../lib/gcc/arm-none-eabi/14.2.1/thumb/v8-m.main/nofp\libc_nano.a(libc_a-memchr-stub.o)
                0x00004dce                memchr
 .text._realloc_r
                0x00004dea       0x5c C:/Users/victo/.mcuxpressotools/arm-gnu-toolchain-14.2.rel1-mingw-w64-x86_64-arm-none-eabi/bin/../lib/gcc/arm-none-eabi/14.2.1/thumb/v8-m.main/nofp\libc_nano.a(libc_a-reallocr.o)
                0x00004dea                _realloc_r
 .text._malloc_usable_size_r
                0x00004e46       0x10 C:/Users/victo/.mcuxpressotools/arm-gnu-toolchain-14.2.rel1-mingw-w64-x86_64-arm-none-eabi/bin/../lib/gcc/arm-none-eabi/14.2.1/thumb/v8-m.main/nofp\libc_nano.a(libc_a-msizer.o)
                0x00004e46                _malloc_usable_size_r
 *fill*         0x00004e56        0x2 
 .text._exit    0x00004e58        0x4 C:/Users/victo/.mcuxpressotools/arm-gnu-toolchain-14.2.rel1-mingw-w64-x86_64-arm-none-eabi/bin/../lib/gcc/arm-none-eabi/14.2.1/thumb/v8-m.main/nofp\libnosys.a(_exit.o)
                0x00004e58                _exit
 *(.rodata)
 .rodata        0x00004e5c       0x86 CMakeFiles/distributed_ecu.dir/D_/summer_school/mcuxsdk/mcuxsdk/devices/MCX/MCXA/MCXA153/drivers/fsl_clock.c.obj
 *fill*         0x00004ee2        0x2 
 .rodata        0x00004ee4       0x6e CMakeFiles/distributed_ecu.dir/D_/summer_school/mcuxsdk/mcuxsdk/devices/MCX/MCXA/MCXA153/drivers/fsl_reset.c.obj
 *fill*         0x00004f52        0x2 
 .rodata        0x00004f54       0x97 CMakeFiles/distributed_ecu.dir/D_/summer_school/mcuxsdk/mcuxsdk/drivers/gpio/fsl_gpio.c.obj
 *fill*         0x00004feb        0x1 
 .rodata        0x00004fec      0x2ca CMakeFiles/distributed_ecu.dir/D_/summer_school/mcuxsdk/mcuxsdk/drivers/lpi2c/fsl_lpi2c.c.obj
 *fill*         0x000052b6        0x2 
 .rodata        0x000052b8      0x28a CMakeFiles/distributed_ecu.dir/D_/summer_school/mcuxsdk/mcuxsdk/drivers/lpuart/fsl_lpuart.c.obj
 *fill*         0x00005542        0x2 
 .rodata        0x00005544       0x8b CMakeFiles/distributed_ecu.dir/D_/summer_school/mcuxsdk/mcuxsdk/drivers/mcx_spc/fsl_spc.c.obj
 *fill*         0x000055cf        0x1 
 .rodata        0x000055d0       0x3e CMakeFiles/distributed_ecu.dir/D_/summer_school/mcuxsdk/mcuxsdk/components/assert/fsl_assert.c.obj
 *fill*         0x0000560e        0x2 
 .rodata        0x00005610      0x10c CMakeFiles/distributed_ecu.dir/D_/summer_school/mcuxsdk/mcuxsdk/components/uart/fsl_adapter_lpuart.c.obj
 .rodata        0x0000571c       0x49 CMakeFiles/distributed_ecu.dir/frdmmcxa153/led_blinky/pin_mux.c.obj
 *fill*         0x00005765        0x3 
 .rodata        0x00005768      0x214 CMakeFiles/distributed_ecu.dir/led_blinky.c.obj
 .rodata        0x0000597c       0x16 CMakeFiles/distributed_ecu.dir/link.c.obj
 *(.rodata*)
 *fill*         0x00005992        0x2 
 .rodata.__func__.4
                0x00005994       0x15 CMakeFiles/distributed_ecu.dir/D_/summer_school/mcuxsdk/mcuxsdk/devices/MCX/MCXA/MCXA153/drivers/fsl_clock.c.obj
 *fill*         0x000059a9        0x3 
 .rodata.__func__.2
                0x000059ac       0x12 CMakeFiles/distributed_ecu.dir/D_/summer_school/mcuxsdk/mcuxsdk/devices/MCX/MCXA/MCXA153/drivers/fsl_clock.c.obj
 *fill*         0x000059be        0x2 
 .rodata.__func__.1
                0x000059c0       0x19 CMakeFiles/distributed_ecu.dir/D_/summer_school/mcuxsdk/mcuxsdk/devices/MCX/MCXA/MCXA153/drivers/fsl_reset.c.obj
 *fill*         0x000059d9        0x3 
 .rodata.__func__.0
                0x000059dc       0x1b CMakeFiles/distributed_ecu.dir/D_/summer_school/mcuxsdk/mcuxsdk/devices/MCX/MCXA/MCXA153/drivers/fsl_reset.c.obj
 *fill*         0x000059f7        0x1 
 .rodata.s_gpioBases
                0x000059f8       0x10 CMakeFiles/distributed_ecu.dir/D_/summer_school/mcuxsdk/mcuxsdk/drivers/gpio/fsl_gpio.c.obj
 .rodata.s_gpioClockName
                0x00005a08       0x10 CMakeFiles/distributed_ecu.dir/D_/summer_school/mcuxsdk/mcuxsdk/drivers/gpio/fsl_gpio.c.obj
 .rodata.__func__.2
                0x00005a18       0x11 CMakeFiles/distributed_ecu.dir/D_/summer_school/mcuxsdk/mcuxsdk/drivers/gpio/fsl_gpio.c.obj
 *fill*         0x00005a29        0x3 
 .rodata.__func__.1
                0x00005a2c       0x15 CMakeFiles/distributed_ecu.dir/D_/summer_school/mcuxsdk/mcuxsdk/drivers/gpio/fsl_gpio.c.obj
 *fill*         0x00005a41        0x3 
 .rodata.__func__.0
                0x00005a44        0xd CMakeFiles/distributed_ecu.dir/D_/summer_school/mcuxsdk/mcuxsdk/drivers/gpio/fsl_gpio.c.obj
 *fill*         0x00005a51        0x3 
 .rodata.__func__.22
                0x00005a54       0x12 CMakeFiles/distributed_ecu.dir/D_/summer_school/mcuxsdk/mcuxsdk/drivers/lpi2c/fsl_lpi2c.c.obj
 *fill*         0x00005a66        0x2 
 .rodata.__func__.21
                0x00005a68       0x18 CMakeFiles/distributed_ecu.dir/D_/summer_school/mcuxsdk/mcuxsdk/drivers/lpi2c/fsl_lpi2c.c.obj
 .rodata.__func__.20
                0x00005a80       0x18 CMakeFiles/distributed_ecu.dir/D_/summer_school/mcuxsdk/mcuxsdk/drivers/lpi2c/fsl_lpi2c.c.obj
 .rodata.__func__.19
                0x00005a98       0x14 CMakeFiles/distributed_ecu.dir/D_/summer_school/mcuxsdk/mcuxsdk/drivers/lpi2c/fsl_lpi2c.c.obj
 .rodata.__func__.18
                0x00005aac       0x11 CMakeFiles/distributed_ecu.dir/D_/summer_school/mcuxsdk/mcuxsdk/drivers/lpi2c/fsl_lpi2c.c.obj
 *fill*         0x00005abd        0x3 
 .rodata.__func__.17
                0x00005ac0       0x1d CMakeFiles/distributed_ecu.dir/D_/summer_school/mcuxsdk/mcuxsdk/drivers/lpi2c/fsl_lpi2c.c.obj
 *fill*         0x00005add        0x3 
 .rodata.s_lpuartBases
                0x00005ae0        0xc CMakeFiles/distributed_ecu.dir/D_/summer_school/mcuxsdk/mcuxsdk/drivers/lpuart/fsl_lpuart.c.obj
 .rodata.s_lpuartClock
                0x00005aec        0xc CMakeFiles/distributed_ecu.dir/D_/summer_school/mcuxsdk/mcuxsdk/drivers/lpuart/fsl_lpuart.c.obj
 .rodata.s_lpuartResets
                0x00005af8        0x6 CMakeFiles/distributed_ecu.dir/D_/summer_school/mcuxsdk/mcuxsdk/drivers/lpuart/fsl_lpuart.c.obj
 *fill*         0x00005afe        0x2 
 .rodata.__func__.25
                0x00005b00       0x13 CMakeFiles/distributed_ecu.dir/D_/summer_school/mcuxsdk/mcuxsdk/drivers/lpuart/fsl_lpuart.c.obj
 *fill*         0x00005b13        0x1 
 .rodata.__func__.18
                0x00005b14        0xc CMakeFiles/distributed_ecu.dir/D_/summer_school/mcuxsdk/mcuxsdk/drivers/lpuart/fsl_lpuart.c.obj
 .rodata.__func__.17
                0x00005b20       0x18 CMakeFiles/distributed_ecu.dir/D_/summer_school/mcuxsdk/mcuxsdk/drivers/lpuart/fsl_lpuart.c.obj
 .rodata.__func__.13
                0x00005b38       0x15 CMakeFiles/distributed_ecu.dir/D_/summer_school/mcuxsdk/mcuxsdk/drivers/lpuart/fsl_lpuart.c.obj
 *fill*         0x00005b4d        0x3 
 .rodata.__func__.11
                0x00005b50       0x14 CMakeFiles/distributed_ecu.dir/D_/summer_school/mcuxsdk/mcuxsdk/drivers/lpuart/fsl_lpuart.c.obj
 .rodata.__func__.5
                0x00005b64       0x1a CMakeFiles/distributed_ecu.dir/D_/summer_school/mcuxsdk/mcuxsdk/drivers/mcx_spc/fsl_spc.c.obj
 *fill*         0x00005b7e        0x2 
 .rodata.__func__.2
                0x00005b80       0x28 CMakeFiles/distributed_ecu.dir/D_/summer_school/mcuxsdk/mcuxsdk/drivers/mcx_spc/fsl_spc.c.obj
 .rodata.s_LpuartAdapterBase
                0x00005ba8        0xc CMakeFiles/distributed_ecu.dir/D_/summer_school/mcuxsdk/mcuxsdk/components/uart/fsl_adapter_lpuart.c.obj
 .rodata.__func__.4
                0x00005bb4        0xd CMakeFiles/distributed_ecu.dir/D_/summer_school/mcuxsdk/mcuxsdk/components/uart/fsl_adapter_lpuart.c.obj
 *fill*         0x00005bc1        0x3 
 .rodata.__func__.2
                0x00005bc4       0x18 CMakeFiles/distributed_ecu.dir/D_/summer_school/mcuxsdk/mcuxsdk/components/uart/fsl_adapter_lpuart.c.obj
 .rodata.__func__.1
                0x00005bdc       0x15 CMakeFiles/distributed_ecu.dir/D_/summer_school/mcuxsdk/mcuxsdk/components/uart/fsl_adapter_lpuart.c.obj
 *fill*         0x00005bf1        0x3 
 .rodata.__func__.0
                0x00005bf4       0x12 CMakeFiles/distributed_ecu.dir/frdmmcxa153/led_blinky/pin_mux.c.obj
 *fill*         0x00005c06        0x2 
 .rodata.k_config
                0x00005c08       0x20 CMakeFiles/distributed_ecu.dir/link.c.obj
 .rodata.newline.0
                0x00005c28        0x1 CMakeFiles/distributed_ecu.dir/link.c.obj
 .rodata._svfprintf_r.str1.1
                0x00005c29       0x33 C:/Users/victo/.mcuxpressotools/arm-gnu-toolchain-14.2.rel1-mingw-w64-x86_64-arm-none-eabi/bin/../lib/gcc/arm-none-eabi/14.2.1/thumb/v8-m.main/nofp\libc_nano.a(libc_a-nano-svfprintf.o)
                                 0x11 (size before relaxing)
 .rodata._printf_i.str1.1
                0x00005c5c       0x22 C:/Users/victo/.mcuxpressotools/arm-gnu-toolchain-14.2.rel1-mingw-w64-x86_64-arm-none-eabi/bin/../lib/gcc/arm-none-eabi/14.2.1/thumb/v8-m.main/nofp\libc_nano.a(libc_a-nano-vfprintf_i.o)
 *(.glue_7)
 .glue_7        0x00005c5c        0x0 linker stubs
 *(.glue_7t)
 .glue_7t       0x00005c5c        0x0 linker stubs
 *(.eh_frame)
 .eh_frame      0x00005c5c        0x0 C:/Users/victo/.mcuxpressotools/arm-gnu-toolchain-14.2.rel1-mingw-w64-x86_64-arm-none-eabi/bin/../lib/gcc/arm-none-eabi/14.2.1/thumb/v8-m.main/nofp/crtbegin.o
 *(.init)
 .init          0x00005c5c        0x4 C:/Users/victo/.mcuxpressotools/arm-gnu-toolchain-14.2.rel1-mingw-w64-x86_64-arm-none-eabi/bin/../lib/gcc/arm-none-eabi/14.2.1/thumb/v8-m.main/nofp/crti.o
                0x00005c5c                _init
 .init          0x00005c60        0x8 C:/Users/victo/.mcuxpressotools/arm-gnu-toolchain-14.2.rel1-mingw-w64-x86_64-arm-none-eabi/bin/../lib/gcc/arm-none-eabi/14.2.1/thumb/v8-m.main/nofp/crtn.o
 *(.fini)
 .fini          0x00005c68        0x4 C:/Users/victo/.mcuxpressotools/arm-gnu-toolchain-14.2.rel1-mingw-w64-x86_64-arm-none-eabi/bin/../lib/gcc/arm-none-eabi/14.2.1/thumb/v8-m.main/nofp/crti.o
                0x00005c68                _fini
 .fini          0x00005c6c        0x8 C:/Users/victo/.mcuxpressotools/arm-gnu-toolchain-14.2.rel1-mingw-w64-x86_64-arm-none-eabi/bin/../lib/gcc/arm-none-eabi/14.2.1/thumb/v8-m.main/nofp/crtn.o
                0x00005c80                        . = ALIGN (0x4)

.vfp11_veneer   0x00005c74        0x0
 .vfp11_veneer  0x00005c74        0x0 linker stubs

.v4_bx          0x00005c74        0x0
 .v4_bx         0x00005c74        0x0 linker stubs

.iplt           0x00005c74        0x0
 .iplt          0x00005c74        0x0 C:/Users/victo/.mcuxpressotools/arm-gnu-toolchain-14.2.rel1-mingw-w64-x86_64-arm-none-eabi/bin/../lib/gcc/arm-none-eabi/14.2.1/thumb/v8-m.main/nofp/crtbegin.o

.ARM.extab
 *(.ARM.extab* .gnu.linkonce.armextab.*)

.ARM            0x00005c74        0x8
                0x00005c74                        __exidx_start = .
 *(.ARM.exidx*)
 .ARM.exidx     0x00005c74        0x8 C:/Users/victo/.mcuxpressotools/arm-gnu-toolchain-14.2.rel1-mingw-w64-x86_64-arm-none-eabi/bin/../lib/gcc/arm-none-eabi/14.2.1/thumb/v8-m.main/nofp/crt0.o
                                 0x10 (size before relaxing)
 .ARM.exidx     0x00005c7c        0x0 C:/Users/victo/.mcuxpressotools/arm-gnu-toolchain-14.2.rel1-mingw-w64-x86_64-arm-none-eabi/bin/../lib/gcc/arm-none-eabi/14.2.1/thumb/v8-m.main/nofp\libc_nano.a(libc_a-strlen.o)
                                  0x8 (size before relaxing)
                0x00005c7c                        __exidx_end = .

.rel.dyn        0x00005c7c        0x0
 .rel.iplt      0x00005c7c        0x0 C:/Users/victo/.mcuxpressotools/arm-gnu-toolchain-14.2.rel1-mingw-w64-x86_64-arm-none-eabi/bin/../lib/gcc/arm-none-eabi/14.2.1/thumb/v8-m.main/nofp/crtbegin.o

.ctors          0x00005c7c        0x0
                0x00005c7c                        __CTOR_LIST__ = .
 *crtbegin.o(.ctors)
 *crtbegin?.o(.ctors)
 *(EXCLUDE_FILE(*crtend.o *crtend?.o) .ctors)
 *(SORT_BY_NAME(.ctors.*))
 *(.ctors)
                0x00005c7c                        __CTOR_END__ = .

.dtors          0x00005c7c        0x0
                0x00005c7c                        __DTOR_LIST__ = .
 *crtbegin.o(.dtors)
 *crtbegin?.o(.dtors)
 *(EXCLUDE_FILE(*crtend.o *crtend?.o) .dtors)
 *(SORT_BY_NAME(.dtors.*))
 *(.dtors)
                0x00005c7c                        __DTOR_END__ = .

.preinit_array  0x00005c7c        0x0
                0x00005c7c                        PROVIDE (__preinit_array_start = .)
 *(.preinit_array*)
                0x00005c7c                        PROVIDE (__preinit_array_end = .)

.init_array     0x00005c7c        0x4
                0x00005c7c                        PROVIDE (__init_array_start = .)
 *(SORT_BY_NAME(.init_array.*))
 *(.init_array*)
 .init_array    0x00005c7c        0x4 C:/Users/victo/.mcuxpressotools/arm-gnu-toolchain-14.2.rel1-mingw-w64-x86_64-arm-none-eabi/bin/../lib/gcc/arm-none-eabi/14.2.1/thumb/v8-m.main/nofp/crtbegin.o
                0x00005c80                        PROVIDE (__init_array_end = .)

.fini_array     0x00005c80        0x4
                [!provide]                        PROVIDE (__fini_array_start = .)
 *(SORT_BY_NAME(.fini_array.*))
 *(.fini_array*)
 .fini_array    0x00005c80        0x4 C:/Users/victo/.mcuxpressotools/arm-gnu-toolchain-14.2.rel1-mingw-w64-x86_64-arm-none-eabi/bin/../lib/gcc/arm-none-eabi/14.2.1/thumb/v8-m.main/nofp/crtbegin.o
                [!provide]                        PROVIDE (__fini_array_end = .)
                0x00005c84                        __etext = .
                0x00005c84                        __DATA_ROM = .

.data           0x20000000       0x58 load address 0x00005c84
                0x20000000                        . = ALIGN (0x4)
                0x20000000                        __DATA_RAM = .
                0x20000000                        __data_start__ = .
 *(.ramfunc*)
 *(.data)
 *(.data*)
 .data.SystemCoreClock
                0x20000000        0x4 CMakeFiles/distributed_ecu.dir/D_/summer_school/mcuxsdk/mcuxsdk/devices/MCX/MCXA/MCXA153/system_MCXA153.c.obj
                0x20000000                SystemCoreClock
 .data.s_Ext_Clk_Freq
                0x20000004        0x4 CMakeFiles/distributed_ecu.dir/D_/summer_school/mcuxsdk/mcuxsdk/devices/MCX/MCXA/MCXA153/drivers/fsl_clock.c.obj
 .data._impure_ptr
                0x20000008        0x4 C:/Users/victo/.mcuxpressotools/arm-gnu-toolchain-14.2.rel1-mingw-w64-x86_64-arm-none-eabi/bin/../lib/gcc/arm-none-eabi/14.2.1/thumb/v8-m.main/nofp\libc_nano.a(libc_a-impure.o)
                0x20000008                _impure_ptr
 .data._impure_data
                0x2000000c       0x4c C:/Users/victo/.mcuxpressotools/arm-gnu-toolchain-14.2.rel1-mingw-w64-x86_64-arm-none-eabi/bin/../lib/gcc/arm-none-eabi/14.2.1/thumb/v8-m.main/nofp\libc_nano.a(libc_a-impure.o)
                0x2000000c                _impure_data
 *(.jcr*)
                0x20000058                        . = ALIGN (0x4)
                0x20000058                        __data_end__ = .
                0x00005cdc                        __DATA_END = (__DATA_ROM + (__data_end__ - __data_start__))
                0x00020000                        text_end = (ORIGIN (m_text) + LENGTH (m_text))
                0x00000001                        ASSERT ((__DATA_END <= text_end), region m_text overflowed with text and data)

.tm_clone_table
                0x20000058        0x0 load address 0x00005cdc
 .tm_clone_table
                0x20000058        0x0 C:/Users/victo/.mcuxpressotools/arm-gnu-toolchain-14.2.rel1-mingw-w64-x86_64-arm-none-eabi/bin/../lib/gcc/arm-none-eabi/14.2.1/thumb/v8-m.main/nofp/crtbegin.o
 .tm_clone_table
                0x20000058        0x0 C:/Users/victo/.mcuxpressotools/arm-gnu-toolchain-14.2.rel1-mingw-w64-x86_64-arm-none-eabi/bin/../lib/gcc/arm-none-eabi/14.2.1/thumb/v8-m.main/nofp/crtend.o

.igot.plt       0x20000058        0x0 load address 0x00005cdc
 .igot.plt      0x20000058        0x0 C:/Users/victo/.mcuxpressotools/arm-gnu-toolchain-14.2.rel1-mingw-w64-x86_64-arm-none-eabi/bin/../lib/gcc/arm-none-eabi/14.2.1/thumb/v8-m.main/nofp/crtbegin.o

.bss            0x20000058      0x5d0 load address 0x00005cdc
                0x20000058                        . = ALIGN (0x4)
                0x20000058                        __START_BSS = .
                0x20000058                        __bss_start__ = .
 *(.bss)
 *(.bss*)
 .bss.completed.1
                0x20000058        0x1 C:/Users/victo/.mcuxpressotools/arm-gnu-toolchain-14.2.rel1-mingw-w64-x86_64-arm-none-eabi/bin/../lib/gcc/arm-none-eabi/14.2.1/thumb/v8-m.main/nofp/crtbegin.o
 *fill*         0x20000059        0x3 
 .bss.object.0  0x2000005c       0x18 C:/Users/victo/.mcuxpressotools/arm-gnu-toolchain-14.2.rel1-mingw-w64-x86_64-arm-none-eabi/bin/../lib/gcc/arm-none-eabi/14.2.1/thumb/v8-m.main/nofp/crtbegin.o
 .bss.s_lpi2cMasterIsr
                0x20000074        0x4 CMakeFiles/distributed_ecu.dir/D_/summer_school/mcuxsdk/mcuxsdk/drivers/lpi2c/fsl_lpi2c.c.obj
                0x20000074                s_lpi2cMasterIsr
 .bss.s_lpi2cMasterHandle
                0x20000078        0x4 CMakeFiles/distributed_ecu.dir/D_/summer_school/mcuxsdk/mcuxsdk/drivers/lpi2c/fsl_lpi2c.c.obj
                0x20000078                s_lpi2cMasterHandle
 .bss.s_lpi2cSlaveIsr
                0x2000007c        0x4 CMakeFiles/distributed_ecu.dir/D_/summer_school/mcuxsdk/mcuxsdk/drivers/lpi2c/fsl_lpi2c.c.obj
 .bss.s_lpi2cSlaveHandle
                0x20000080        0x4 CMakeFiles/distributed_ecu.dir/D_/summer_school/mcuxsdk/mcuxsdk/drivers/lpi2c/fsl_lpi2c.c.obj
 .bss.s_lpuartHandle
                0x20000084        0xc CMakeFiles/distributed_ecu.dir/D_/summer_school/mcuxsdk/mcuxsdk/drivers/lpuart/fsl_lpuart.c.obj
                0x20000084                s_lpuartHandle
 .bss.s_lpuartIsr
                0x20000090        0xc CMakeFiles/distributed_ecu.dir/D_/summer_school/mcuxsdk/mcuxsdk/drivers/lpuart/fsl_lpuart.c.obj
                0x20000090                s_lpuartIsr
 .bss.s_debugConsole
                0x2000009c       0x14 CMakeFiles/distributed_ecu.dir/D_/summer_school/mcuxsdk/mcuxsdk/components/debug_console_lite/fsl_debug_console.c.obj
 .bss.heap_end.0
                0x200000b0        0x4 CMakeFiles/distributed_ecu.dir/D_/summer_school/mcuxsdk/mcuxsdk/components/misc_utilities/fsl_sbrk.c.obj
 .bss.s_consoleLine
                0x200000b4       0x80 CMakeFiles/distributed_ecu.dir/led_blinky.c.obj
 .bss.s_consoleLen
                0x20000134        0x4 CMakeFiles/distributed_ecu.dir/led_blinky.c.obj
 .bss.s_gwTick  0x20000138        0x4 CMakeFiles/distributed_ecu.dir/led_blinky.c.obj
 .bss.s_state   0x2000013c      0x318 CMakeFiles/distributed_ecu.dir/link.c.obj
 .bss.s_gwLine  0x20000454       0x80 CMakeFiles/distributed_ecu.dir/link.c.obj
 .bss.s_gwLen   0x200004d4        0x4 CMakeFiles/distributed_ecu.dir/link.c.obj
 .bss.s_gwDropped
                0x200004d8        0x4 CMakeFiles/distributed_ecu.dir/link.c.obj
 .bss.__malloc_sbrk_start
                0x200004dc        0x4 C:/Users/victo/.mcuxpressotools/arm-gnu-toolchain-14.2.rel1-mingw-w64-x86_64-arm-none-eabi/bin/../lib/gcc/arm-none-eabi/14.2.1/thumb/v8-m.main/nofp\libc_nano.a(libc_a-mallocr.o)
                0x200004dc                __malloc_sbrk_start
 .bss.__malloc_free_list
                0x200004e0        0x4 C:/Users/victo/.mcuxpressotools/arm-gnu-toolchain-14.2.rel1-mingw-w64-x86_64-arm-none-eabi/bin/../lib/gcc/arm-none-eabi/14.2.1/thumb/v8-m.main/nofp\libc_nano.a(libc_a-mallocr.o)
                0x200004e0                __malloc_free_list
 .bss.__sf      0x200004e4      0x138 C:/Users/victo/.mcuxpressotools/arm-gnu-toolchain-14.2.rel1-mingw-w64-x86_64-arm-none-eabi/bin/../lib/gcc/arm-none-eabi/14.2.1/thumb/v8-m.main/nofp\libc_nano.a(libc_a-findfp.o)
                0x200004e4                __sf
 .bss.__stdio_exit_handler
                0x2000061c        0x4 C:/Users/victo/.mcuxpressotools/arm-gnu-toolchain-14.2.rel1-mingw-w64-x86_64-arm-none-eabi/bin/../lib/gcc/arm-none-eabi/14.2.1/thumb/v8-m.main/nofp\libc_nano.a(libc_a-findfp.o)
                0x2000061c                __stdio_exit_handler
 .bss.errno     0x20000620        0x4 C:/Users/victo/.mcuxpressotools/arm-gnu-toolchain-14.2.rel1-mingw-w64-x86_64-arm-none-eabi/bin/../lib/gcc/arm-none-eabi/14.2.1/thumb/v8-m.main/nofp\libc_nano.a(libc_a-reent.o)
                0x20000620                errno
 .bss.__lock___malloc_recursive_mutex
                0x20000624        0x1 C:/Users/victo/.mcuxpressotools/arm-gnu-toolchain-14.2.rel1-mingw-w64-x86_64-arm-none-eabi/bin/../lib/gcc/arm-none-eabi/14.2.1/thumb/v8-m.main/nofp\libc_nano.a(libc_a-lock.o)
                0x20000624                __lock___malloc_recursive_mutex
 *(COMMON)
                0x20000628                        . = ALIGN (0x4)
 *fill*         0x20000625        0x3 
                0x20000628                        __bss_end__ = .
                0x20000628                        __END_BSS = .

.heap           0x20000628      0x400 load address 0x000062ac
                0x20000628                        . = ALIGN (0x8)
                0x20000628                        __end__ = .
                0x20000628                        PROVIDE (end = .)
                0x20000628                        __HeapBase = .
                0x20000a28                        . = (. + HEAP_SIZE)
 *fill*         0x20000628      0x400 
                0x20000a28                        __HeapLimit = .
                0x20000a28                        __heap_limit = .

.stack          0x20000a28      0x800 load address 0x000066ac
                0x20000a28                        . = ALIGN (0x8)
                0x20001228                        . = (. + STACK_SIZE)
 *fill*         0x20000a28      0x800 
                0x20006000                        __StackTop = (ORIGIN (m_data) + LENGTH (m_data))
                0x20005800                        __StackLimit = (__StackTop - STACK_SIZE)
                0x20006000                        PROVIDE (__stack = __StackTop)

.ARM.attributes
                0x00000000       0x2e
 *(.ARM.attributes)
 .ARM.attributes
                0x00000000       0x22 C:/Users/victo/.mcuxpressotools/arm-gnu-toolchain-14.2.rel1-mingw-w64-x86_64-arm-none-eabi/bin/../lib/gcc/arm-none-eabi/14.2.1/thumb/v8-m.main/nofp/crti.o
 .ARM.attributes
                0x00000022       0x32 C:/Users/victo/.mcuxpressotools/arm-gnu-toolchain-14.2.rel1-mingw-w64-x86_64-arm-none-eabi/bin/../lib/gcc/arm-none-eabi/14.2.1/thumb/v8-m.main/nofp/crtbegin.o
 .ARM.attributes
                0x00000054       0x20 C:/Users/victo/.mcuxpressotools/arm-gnu-toolchain-14.2.rel1-mingw-w64-x86_64-arm-none-eabi/bin/../lib/gcc/arm-none-eabi/14.2.1/thumb/v8-m.main/nofp/crt0.o
 .ARM.attributes
                0x00000074       0x32 CMakeFiles/distributed_ecu.dir/D_/summer_school/mcuxsdk/mcuxsdk/devices/MCX/MCXA/MCXA153/system_MCXA153.c.obj
 .ARM.attributes
                0x000000a6       0x20 CMakeFiles/distributed_ecu.dir/D_/summer_school/mcuxsdk/mcuxsdk/devices/MCX/MCXA/MCXA153/gcc/startup_MCXA153.S.obj
 .ARM.attributes
                0x000000c6       0x32 CMakeFiles/distributed_ecu.dir/D_/summer_school/mcuxsdk/mcuxsdk/devices/MCX/MCXA/MCXA153/drivers/fsl_clock.c.obj
 .ARM.attributes
                0x000000f8       0x32 CMakeFiles/distributed_ecu.dir/D_/summer_school/mcuxsdk/mcuxsdk/devices/MCX/MCXA/MCXA153/drivers/fsl_reset.c.obj
 .ARM.attributes
                0x0000012a       0x32 CMakeFiles/distributed_ecu.dir/D_/summer_school/mcuxsdk/mcuxsdk/drivers/gpio/fsl_gpio.c.obj
 .ARM.attributes
                0x0000015c       0x32 CMakeFiles/distributed_ecu.dir/D_/summer_school/mcuxsdk/mcuxsdk/drivers/lpi2c/fsl_lpi2c.c.obj
 .ARM.attributes
                0x0000018e       0x32 CMakeFiles/distributed_ecu.dir/D_/summer_school/mcuxsdk/mcuxsdk/drivers/lpuart/fsl_lpuart.c.obj
 .ARM.attributes
                0x000001c0       0x32 CMakeFiles/distributed_ecu.dir/D_/summer_school/mcuxsdk/mcuxsdk/drivers/mcx_spc/fsl_spc.c.obj
 .ARM.attributes
                0x000001f2       0x32 CMakeFiles/distributed_ecu.dir/D_/summer_school/mcuxsdk/mcuxsdk/components/assert/fsl_assert.c.obj
 .ARM.attributes
                0x00000224       0x32 CMakeFiles/distributed_ecu.dir/D_/summer_school/mcuxsdk/mcuxsdk/components/debug_console_lite/fsl_debug_console.c.obj
 .ARM.attributes
                0x00000256       0x32 CMakeFiles/distributed_ecu.dir/D_/summer_school/mcuxsdk/mcuxsdk/components/misc_utilities/fsl_sbrk.c.obj
 .ARM.attributes
                0x00000288       0x20 CMakeFiles/distributed_ecu.dir/D_/summer_school/mcuxsdk/mcuxsdk/components/misc_utilities/fsl_memcpy.S.obj
 .ARM.attributes
                0x000002a8       0x20 CMakeFiles/distributed_ecu.dir/D_/summer_school/mcuxsdk/mcuxsdk/components/misc_utilities/fsl_memset.S.obj
 .ARM.attributes
                0x000002c8       0x32 CMakeFiles/distributed_ecu.dir/D_/summer_school/mcuxsdk/mcuxsdk/components/uart/fsl_adapter_lpuart.c.obj
 .ARM.attributes
                0x000002fa       0x32 CMakeFiles/distributed_ecu.dir/frdmmcxa153/frdmmcxa153/board.c.obj
 .ARM.attributes
                0x0000032c       0x32 CMakeFiles/distributed_ecu.dir/frdmmcxa153/frdmmcxa153/clock_config.c.obj
 .ARM.attributes
                0x0000035e       0x32 CMakeFiles/distributed_ecu.dir/frdmmcxa153/led_blinky/pin_mux.c.obj
 .ARM.attributes
                0x00000390       0x32 CMakeFiles/distributed_ecu.dir/frdmmcxa153/led_blinky/hardware_init.c.obj
 .ARM.attributes
                0x000003c2       0x32 CMakeFiles/distributed_ecu.dir/led_blinky.c.obj
 .ARM.attributes
                0x000003f4       0x32 CMakeFiles/distributed_ecu.dir/link.c.obj
 .ARM.attributes
                0x00000426       0x32 CMakeFiles/distributed_ecu.dir/led_blinky/peripherals.c.obj
 .ARM.attributes
                0x00000458       0x32 C:/Users/victo/.mcuxpressotools/arm-gnu-toolchain-14.2.rel1-mingw-w64-x86_64-arm-none-eabi/bin/../lib/gcc/arm-none-eabi/14.2.1/thumb/v8-m.main/nofp\libc_nano.a(libc_a-exit.o)
 .ARM.attributes
                0x0000048a       0x32 C:/Users/victo/.mcuxpressotools/arm-gnu-toolchain-14.2.rel1-mingw-w64-x86_64-arm-none-eabi/bin/../lib/gcc/arm-none-eabi/14.2.1/thumb/v8-m.main/nofp\libc_nano.a(libc_a-mallocr.o)
 .ARM.attributes
                0x000004bc       0x32 C:/Users/victo/.mcuxpressotools/arm-gnu-toolchain-14.2.rel1-mingw-w64-x86_64-arm-none-eabi/bin/../lib/gcc/arm-none-eabi/14.2.1/thumb/v8-m.main/nofp\libc_nano.a(libc_a-mlock.o)
 .ARM.attributes
                0x000004ee       0x32 C:/Users/victo/.mcuxpressotools/arm-gnu-toolchain-14.2.rel1-mingw-w64-x86_64-arm-none-eabi/bin/../lib/gcc/arm-none-eabi/14.2.1/thumb/v8-m.main/nofp\libc_nano.a(libc_a-findfp.o)
 .ARM.attributes
                0x00000520       0x32 C:/Users/victo/.mcuxpressotools/arm-gnu-toolchain-14.2.rel1-mingw-w64-x86_64-arm-none-eabi/bin/../lib/gcc/arm-none-eabi/14.2.1/thumb/v8-m.main/nofp\libc_nano.a(libc_a-snprintf.o)
 .ARM.attributes
                0x00000552       0x32 C:/Users/victo/.mcuxpressotools/arm-gnu-toolchain-14.2.rel1-mingw-w64-x86_64-arm-none-eabi/bin/../lib/gcc/arm-none-eabi/14.2.1/thumb/v8-m.main/nofp\libc_nano.a(libc_a-reent.o)
 .ARM.attributes
                0x00000584       0x32 C:/Users/victo/.mcuxpressotools/arm-gnu-toolchain-14.2.rel1-mingw-w64-x86_64-arm-none-eabi/bin/../lib/gcc/arm-none-eabi/14.2.1/thumb/v8-m.main/nofp\libc_nano.a(libc_a-impure.o)
 .ARM.attributes
                0x000005b6       0x32 C:/Users/victo/.mcuxpressotools/arm-gnu-toolchain-14.2.rel1-mingw-w64-x86_64-arm-none-eabi/bin/../lib/gcc/arm-none-eabi/14.2.1/thumb/v8-m.main/nofp\libc_nano.a(libc_a-sbrkr.o)
 .ARM.attributes
                0x000005e8       0x32 C:/Users/victo/.mcuxpressotools/arm-gnu-toolchain-14.2.rel1-mingw-w64-x86_64-arm-none-eabi/bin/../lib/gcc/arm-none-eabi/14.2.1/thumb/v8-m.main/nofp\libc_nano.a(libc_a-errno.o)
 .ARM.attributes
                0x0000061a       0x32 C:/Users/victo/.mcuxpressotools/arm-gnu-toolchain-14.2.rel1-mingw-w64-x86_64-arm-none-eabi/bin/../lib/gcc/arm-none-eabi/14.2.1/thumb/v8-m.main/nofp\libc_nano.a(libc_a-init.o)
 .ARM.attributes
                0x0000064c       0x32 C:/Users/victo/.mcuxpressotools/arm-gnu-toolchain-14.2.rel1-mingw-w64-x86_64-arm-none-eabi/bin/../lib/gcc/arm-none-eabi/14.2.1/thumb/v8-m.main/nofp\libc_nano.a(libc_a-lock.o)
 .ARM.attributes
                0x0000067e       0x20 C:/Users/victo/.mcuxpressotools/arm-gnu-toolchain-14.2.rel1-mingw-w64-x86_64-arm-none-eabi/bin/../lib/gcc/arm-none-eabi/14.2.1/thumb/v8-m.main/nofp\libc_nano.a(libc_a-strlen.o)
 .ARM.attributes
                0x0000069e       0x32 C:/Users/victo/.mcuxpressotools/arm-gnu-toolchain-14.2.rel1-mingw-w64-x86_64-arm-none-eabi/bin/../lib/gcc/arm-none-eabi/14.2.1/thumb/v8-m.main/nofp\libc_nano.a(libc_a-freer.o)
 .ARM.attributes
                0x000006d0       0x32 C:/Users/victo/.mcuxpressotools/arm-gnu-toolchain-14.2.rel1-mingw-w64-x86_64-arm-none-eabi/bin/../lib/gcc/arm-none-eabi/14.2.1/thumb/v8-m.main/nofp\libc_nano.a(libc_a-nano-svfprintf.o)
 .ARM.attributes
                0x00000702       0x32 C:/Users/victo/.mcuxpressotools/arm-gnu-toolchain-14.2.rel1-mingw-w64-x86_64-arm-none-eabi/bin/../lib/gcc/arm-none-eabi/14.2.1/thumb/v8-m.main/nofp\libc_nano.a(libc_a-nano-vfprintf_i.o)
 .ARM.attributes
                0x00000734       0x32 C:/Users/victo/.mcuxpressotools/arm-gnu-toolchain-14.2.rel1-mingw-w64-x86_64-arm-none-eabi/bin/../lib/gcc/arm-none-eabi/14.2.1/thumb/v8-m.main/nofp\libc_nano.a(libc_a-memmove.o)
 .ARM.attributes
                0x00000766       0x32 C:/Users/victo/.mcuxpressotools/arm-gnu-toolchain-14.2.rel1-mingw-w64-x86_64-arm-none-eabi/bin/../lib/gcc/arm-none-eabi/14.2.1/thumb/v8-m.main/nofp\libc_nano.a(libc_a-memchr-stub.o)
 .ARM.attributes
                0x00000798       0x32 C:/Users/victo/.mcuxpressotools/arm-gnu-toolchain-14.2.rel1-mingw-w64-x86_64-arm-none-eabi/bin/../lib/gcc/arm-none-eabi/14.2.1/thumb/v8-m.main/nofp\libc_nano.a(libc_a-reallocr.o)
 .ARM.attributes
                0x000007ca       0x32 C:/Users/victo/.mcuxpressotools/arm-gnu-toolchain-14.2.rel1-mingw-w64-x86_64-arm-none-eabi/bin/../lib/gcc/arm-none-eabi/14.2.1/thumb/v8-m.main/nofp\libc_nano.a(libc_a-msizer.o)
 .ARM.attributes
                0x000007fc       0x32 C:/Users/victo/.mcuxpressotools/arm-gnu-toolchain-14.2.rel1-mingw-w64-x86_64-arm-none-eabi/bin/../lib/gcc/arm-none-eabi/14.2.1/thumb/v8-m.main/nofp\libnosys.a(_exit.o)
 .ARM.attributes
                0x0000082e       0x32 C:/Users/victo/.mcuxpressotools/arm-gnu-toolchain-14.2.rel1-mingw-w64-x86_64-arm-none-eabi/bin/../lib/gcc/arm-none-eabi/14.2.1/thumb/v8-m.main/nofp/crtend.o
 .ARM.attributes
                0x00000860       0x22 C:/Users/victo/.mcuxpressotools/arm-gnu-toolchain-14.2.rel1-mingw-w64-x86_64-arm-none-eabi/bin/../lib/gcc/arm-none-eabi/14.2.1/thumb/v8-m.main/nofp/crtn.o
                0x00000001                        ASSERT ((__StackLimit >= __HeapLimit), region m_data overflowed with stack and heap)
OUTPUT(distributed_ecu.elf elf32-littlearm)
LOAD linker stubs

.debug_line_str
                0x00000000      0x2a9
 .debug_line_str
                0x00000000      0x2a9 C:/Users/victo/.mcuxpressotools/arm-gnu-toolchain-14.2.rel1-mingw-w64-x86_64-arm-none-eabi/bin/../lib/gcc/arm-none-eabi/14.2.1/thumb/v8-m.main/nofp/crt0.o
                                 0xdb (size before relaxing)
 .debug_line_str
                0x000002a9       0x89 CMakeFiles/distributed_ecu.dir/D_/summer_school/mcuxsdk/mcuxsdk/devices/MCX/MCXA/MCXA153/gcc/startup_MCXA153.S.obj
 .debug_line_str
                0x000002a9       0x81 CMakeFiles/distributed_ecu.dir/D_/summer_school/mcuxsdk/mcuxsdk/components/misc_utilities/fsl_memcpy.S.obj
 .debug_line_str
                0x000002a9       0x81 CMakeFiles/distributed_ecu.dir/D_/summer_school/mcuxsdk/mcuxsdk/components/misc_utilities/fsl_memset.S.obj
 .debug_line_str
                0x000002a9       0xf0 C:/Users/victo/.mcuxpressotools/arm-gnu-toolchain-14.2.rel1-mingw-w64-x86_64-arm-none-eabi/bin/../lib/gcc/arm-none-eabi/14.2.1/thumb/v8-m.main/nofp\libc_nano.a(libc_a-strlen.o)

.debug_info     0x00000000    0x13f37
 .debug_info    0x00000000      0xfea CMakeFiles/distributed_ecu.dir/D_/summer_school/mcuxsdk/mcuxsdk/devices/MCX/MCXA/MCXA153/system_MCXA153.c.obj
 .debug_info    0x00000fea      0x838 CMakeFiles/distributed_ecu.dir/D_/summer_school/mcuxsdk/mcuxsdk/devices/MCX/MCXA/MCXA153/gcc/startup_MCXA153.S.obj
 .debug_info    0x00001822     0x208f CMakeFiles/distributed_ecu.dir/D_/summer_school/mcuxsdk/mcuxsdk/devices/MCX/MCXA/MCXA153/drivers/fsl_clock.c.obj
 .debug_info    0x000038b1      0xa96 CMakeFiles/distributed_ecu.dir/D_/summer_school/mcuxsdk/mcuxsdk/devices/MCX/MCXA/MCXA153/drivers/fsl_reset.c.obj
 .debug_info    0x00004347     0x1378 CMakeFiles/distributed_ecu.dir/D_/summer_school/mcuxsdk/mcuxsdk/drivers/gpio/fsl_gpio.c.obj
 .debug_info    0x000056bf     0x36f4 CMakeFiles/distributed_ecu.dir/D_/summer_school/mcuxsdk/mcuxsdk/drivers/lpi2c/fsl_lpi2c.c.obj
 .debug_info    0x00008db3     0x3001 CMakeFiles/distributed_ecu.dir/D_/summer_school/mcuxsdk/mcuxsdk/drivers/lpuart/fsl_lpuart.c.obj
 .debug_info    0x0000bdb4     0x102a CMakeFiles/distributed_ecu.dir/D_/summer_school/mcuxsdk/mcuxsdk/drivers/mcx_spc/fsl_spc.c.obj
 .debug_info    0x0000cdde      0x1bf CMakeFiles/distributed_ecu.dir/D_/summer_school/mcuxsdk/mcuxsdk/components/assert/fsl_assert.c.obj
 .debug_info    0x0000cf9d      0xd9a CMakeFiles/distributed_ecu.dir/D_/summer_school/mcuxsdk/mcuxsdk/components/debug_console_lite/fsl_debug_console.c.obj
 .debug_info    0x0000dd37      0x124 CMakeFiles/distributed_ecu.dir/D_/summer_school/mcuxsdk/mcuxsdk/components/misc_utilities/fsl_sbrk.c.obj
 .debug_info    0x0000de5b       0x25 CMakeFiles/distributed_ecu.dir/D_/summer_school/mcuxsdk/mcuxsdk/components/misc_utilities/fsl_memcpy.S.obj
 .debug_info    0x0000de80       0x24 CMakeFiles/distributed_ecu.dir/D_/summer_school/mcuxsdk/mcuxsdk/components/misc_utilities/fsl_memset.S.obj
 .debug_info    0x0000dea4      0xdd0 CMakeFiles/distributed_ecu.dir/D_/summer_school/mcuxsdk/mcuxsdk/components/uart/fsl_adapter_lpuart.c.obj
 .debug_info    0x0000ec74      0x6c7 CMakeFiles/distributed_ecu.dir/frdmmcxa153/frdmmcxa153/board.c.obj
 .debug_info    0x0000f33b      0xa7a CMakeFiles/distributed_ecu.dir/frdmmcxa153/frdmmcxa153/clock_config.c.obj
 .debug_info    0x0000fdb5     0x1180 CMakeFiles/distributed_ecu.dir/frdmmcxa153/led_blinky/pin_mux.c.obj
 .debug_info    0x00010f35      0x6e6 CMakeFiles/distributed_ecu.dir/frdmmcxa153/led_blinky/hardware_init.c.obj
 .debug_info    0x0001161b      0xa7d CMakeFiles/distributed_ecu.dir/led_blinky.c.obj
 .debug_info    0x00012098     0x1d8d CMakeFiles/distributed_ecu.dir/link.c.obj
 .debug_info    0x00013e25      0x112 CMakeFiles/distributed_ecu.dir/led_blinky/peripherals.c.obj

.debug_abbrev   0x00000000     0x2867
 .debug_abbrev  0x00000000      0x1c8 CMakeFiles/distributed_ecu.dir/D_/summer_school/mcuxsdk/mcuxsdk/devices/MCX/MCXA/MCXA153/system_MCXA153.c.obj
 .debug_abbrev  0x000001c8       0x26 CMakeFiles/distributed_ecu.dir/D_/summer_school/mcuxsdk/mcuxsdk/devices/MCX/MCXA/MCXA153/gcc/startup_MCXA153.S.obj
 .debug_abbrev  0x000001ee      0x338 CMakeFiles/distributed_ecu.dir/D_/summer_school/mcuxsdk/mcuxsdk/devices/MCX/MCXA/MCXA153/drivers/fsl_clock.c.obj
 .debug_abbrev  0x00000526      0x132 CMakeFiles/distributed_ecu.dir/D_/summer_school/mcuxsdk/mcuxsdk/devices/MCX/MCXA/MCXA153/drivers/fsl_reset.c.obj
 .debug_abbrev  0x00000658      0x261 CMakeFiles/distributed_ecu.dir/D_/summer_school/mcuxsdk/mcuxsdk/drivers/gpio/fsl_gpio.c.obj
 .debug_abbrev  0x000008b9      0x404 CMakeFiles/distributed_ecu.dir/D_/summer_school/mcuxsdk/mcuxsdk/drivers/lpi2c/fsl_lpi2c.c.obj
 .debug_abbrev  0x00000cbd      0x47f CMakeFiles/distributed_ecu.dir/D_/summer_school/mcuxsdk/mcuxsdk/drivers/lpuart/fsl_lpuart.c.obj
 .debug_abbrev  0x0000113c      0x2f9 CMakeFiles/distributed_ecu.dir/D_/summer_school/mcuxsdk/mcuxsdk/drivers/mcx_spc/fsl_spc.c.obj
 .debug_abbrev  0x00001435      0x101 CMakeFiles/distributed_ecu.dir/D_/summer_school/mcuxsdk/mcuxsdk/components/assert/fsl_assert.c.obj
 .debug_abbrev  0x00001536      0x25c CMakeFiles/distributed_ecu.dir/D_/summer_school/mcuxsdk/mcuxsdk/components/debug_console_lite/fsl_debug_console.c.obj
 .debug_abbrev  0x00001792       0xd8 CMakeFiles/distributed_ecu.dir/D_/summer_school/mcuxsdk/mcuxsdk/components/misc_utilities/fsl_sbrk.c.obj
 .debug_abbrev  0x0000186a       0x14 CMakeFiles/distributed_ecu.dir/D_/summer_school/mcuxsdk/mcuxsdk/components/misc_utilities/fsl_memcpy.S.obj
 .debug_abbrev  0x0000187e       0x14 CMakeFiles/distributed_ecu.dir/D_/summer_school/mcuxsdk/mcuxsdk/components/misc_utilities/fsl_memset.S.obj
 .debug_abbrev  0x00001892      0x1f7 CMakeFiles/distributed_ecu.dir/D_/summer_school/mcuxsdk/mcuxsdk/components/uart/fsl_adapter_lpuart.c.obj
 .debug_abbrev  0x00001a89       0xf7 CMakeFiles/distributed_ecu.dir/frdmmcxa153/frdmmcxa153/board.c.obj
 .debug_abbrev  0x00001b80      0x213 CMakeFiles/distributed_ecu.dir/frdmmcxa153/frdmmcxa153/clock_config.c.obj
 .debug_abbrev  0x00001d93      0x25a CMakeFiles/distributed_ecu.dir/frdmmcxa153/led_blinky/pin_mux.c.obj
 .debug_abbrev  0x00001fed      0x174 CMakeFiles/distributed_ecu.dir/frdmmcxa153/led_blinky/hardware_init.c.obj
 .debug_abbrev  0x00002161      0x272 CMakeFiles/distributed_ecu.dir/led_blinky.c.obj
 .debug_abbrev  0x000023d3      0x3d9 CMakeFiles/distributed_ecu.dir/link.c.obj
 .debug_abbrev  0x000027ac       0xbb CMakeFiles/distributed_ecu.dir/led_blinky/peripherals.c.obj

.debug_aranges  0x00000000      0xa70
 .debug_aranges
                0x00000000       0x30 CMakeFiles/distributed_ecu.dir/D_/summer_school/mcuxsdk/mcuxsdk/devices/MCX/MCXA/MCXA153/system_MCXA153.c.obj
 .debug_aranges
                0x00000030       0x20 CMakeFiles/distributed_ecu.dir/D_/summer_school/mcuxsdk/mcuxsdk/devices/MCX/MCXA/MCXA153/gcc/startup_MCXA153.S.obj
 .debug_aranges
                0x00000050      0x160 CMakeFiles/distributed_ecu.dir/D_/summer_school/mcuxsdk/mcuxsdk/devices/MCX/MCXA/MCXA153/drivers/fsl_clock.c.obj
 .debug_aranges
                0x000001b0       0x30 CMakeFiles/distributed_ecu.dir/D_/summer_school/mcuxsdk/mcuxsdk/devices/MCX/MCXA/MCXA153/drivers/fsl_reset.c.obj
 .debug_aranges
                0x000001e0       0x80 CMakeFiles/distributed_ecu.dir/D_/summer_school/mcuxsdk/mcuxsdk/drivers/gpio/fsl_gpio.c.obj
 .debug_aranges
                0x00000260      0x200 CMakeFiles/distributed_ecu.dir/D_/summer_school/mcuxsdk/mcuxsdk/drivers/lpi2c/fsl_lpi2c.c.obj
 .debug_aranges
                0x00000460      0x1a8 CMakeFiles/distributed_ecu.dir/D_/summer_school/mcuxsdk/mcuxsdk/drivers/lpuart/fsl_lpuart.c.obj
 .debug_aranges
                0x00000608      0x118 CMakeFiles/distributed_ecu.dir/D_/summer_school/mcuxsdk/mcuxsdk/drivers/mcx_spc/fsl_spc.c.obj
 .debug_aranges
                0x00000720       0x28 CMakeFiles/distributed_ecu.dir/D_/summer_school/mcuxsdk/mcuxsdk/components/assert/fsl_assert.c.obj
 .debug_aranges
                0x00000748       0x78 CMakeFiles/distributed_ecu.dir/D_/summer_school/mcuxsdk/mcuxsdk/components/debug_console_lite/fsl_debug_console.c.obj
 .debug_aranges
                0x000007c0       0x20 CMakeFiles/distributed_ecu.dir/D_/summer_school/mcuxsdk/mcuxsdk/components/misc_utilities/fsl_sbrk.c.obj
 .debug_aranges
                0x000007e0       0x20 CMakeFiles/distributed_ecu.dir/D_/summer_school/mcuxsdk/mcuxsdk/components/misc_utilities/fsl_memcpy.S.obj
 .debug_aranges
                0x00000800       0x20 CMakeFiles/distributed_ecu.dir/D_/summer_school/mcuxsdk/mcuxsdk/components/misc_utilities/fsl_memset.S.obj
 .debug_aranges
                0x00000820       0x58 CMakeFiles/distributed_ecu.dir/D_/summer_school/mcuxsdk/mcuxsdk/components/uart/fsl_adapter_lpuart.c.obj
 .debug_aranges
                0x00000878       0x20 CMakeFiles/distributed_ecu.dir/frdmmcxa153/frdmmcxa153/board.c.obj
 .debug_aranges
                0x00000898       0x48 CMakeFiles/distributed_ecu.dir/frdmmcxa153/frdmmcxa153/clock_config.c.obj
 .debug_aranges
                0x000008e0       0x40 CMakeFiles/distributed_ecu.dir/frdmmcxa153/led_blinky/pin_mux.c.obj
 .debug_aranges
                0x00000920       0x28 CMakeFiles/distributed_ecu.dir/frdmmcxa153/led_blinky/hardware_init.c.obj
 .debug_aranges
                0x00000948       0x58 CMakeFiles/distributed_ecu.dir/led_blinky.c.obj
 .debug_aranges
                0x000009a0       0xa0 CMakeFiles/distributed_ecu.dir/link.c.obj
 .debug_aranges
                0x00000a40       0x30 CMakeFiles/distributed_ecu.dir/led_blinky/peripherals.c.obj

.debug_rnglists
                0x00000000      0x7da
 .debug_rnglists
                0x00000000       0x20 CMakeFiles/distributed_ecu.dir/D_/summer_school/mcuxsdk/mcuxsdk/devices/MCX/MCXA/MCXA153/system_MCXA153.c.obj
 .debug_rnglists
                0x00000020      0x117 CMakeFiles/distributed_ecu.dir/D_/summer_school/mcuxsdk/mcuxsdk/devices/MCX/MCXA/MCXA153/drivers/fsl_clock.c.obj
 .debug_rnglists
                0x00000137       0x21 CMakeFiles/distributed_ecu.dir/D_/summer_school/mcuxsdk/mcuxsdk/devices/MCX/MCXA/MCXA153/drivers/fsl_reset.c.obj
 .debug_rnglists
                0x00000158       0x5d CMakeFiles/distributed_ecu.dir/D_/summer_school/mcuxsdk/mcuxsdk/drivers/gpio/fsl_gpio.c.obj
 .debug_rnglists
                0x000001b5      0x1c0 CMakeFiles/distributed_ecu.dir/D_/summer_school/mcuxsdk/mcuxsdk/drivers/lpi2c/fsl_lpi2c.c.obj
 .debug_rnglists
                0x00000375      0x14c CMakeFiles/distributed_ecu.dir/D_/summer_school/mcuxsdk/mcuxsdk/drivers/lpuart/fsl_lpuart.c.obj
 .debug_rnglists
                0x000004c1       0xd2 CMakeFiles/distributed_ecu.dir/D_/summer_school/mcuxsdk/mcuxsdk/drivers/mcx_spc/fsl_spc.c.obj
 .debug_rnglists
                0x00000593       0x19 CMakeFiles/distributed_ecu.dir/D_/summer_school/mcuxsdk/mcuxsdk/components/assert/fsl_assert.c.obj
 .debug_rnglists
                0x000005ac       0x59 CMakeFiles/distributed_ecu.dir/D_/summer_school/mcuxsdk/mcuxsdk/components/debug_console_lite/fsl_debug_console.c.obj
 .debug_rnglists
                0x00000605       0x13 CMakeFiles/distributed_ecu.dir/D_/summer_school/mcuxsdk/mcuxsdk/components/misc_utilities/fsl_sbrk.c.obj
 .debug_rnglists
                0x00000618       0x41 CMakeFiles/distributed_ecu.dir/D_/summer_school/mcuxsdk/mcuxsdk/components/uart/fsl_adapter_lpuart.c.obj
 .debug_rnglists
                0x00000659       0x13 CMakeFiles/distributed_ecu.dir/frdmmcxa153/frdmmcxa153/board.c.obj
 .debug_rnglists
                0x0000066c       0x36 CMakeFiles/distributed_ecu.dir/frdmmcxa153/frdmmcxa153/clock_config.c.obj
 .debug_rnglists
                0x000006a2       0x2d CMakeFiles/distributed_ecu.dir/frdmmcxa153/led_blinky/pin_mux.c.obj
 .debug_rnglists
                0x000006cf       0x19 CMakeFiles/distributed_ecu.dir/frdmmcxa153/led_blinky/hardware_init.c.obj
 .debug_rnglists
                0x000006e8       0x40 CMakeFiles/distributed_ecu.dir/led_blinky.c.obj
 .debug_rnglists
                0x00000728       0x93 CMakeFiles/distributed_ecu.dir/link.c.obj
 .debug_rnglists
                0x000007bb       0x1f CMakeFiles/distributed_ecu.dir/led_blinky/peripherals.c.obj

.debug_line     0x00000000     0x9189
 .debug_line    0x00000000      0x3d1 CMakeFiles/distributed_ecu.dir/D_/summer_school/mcuxsdk/mcuxsdk/devices/MCX/MCXA/MCXA153/system_MCXA153.c.obj
 .debug_line    0x000003d1      0x23d CMakeFiles/distributed_ecu.dir/D_/summer_school/mcuxsdk/mcuxsdk/devices/MCX/MCXA/MCXA153/gcc/startup_MCXA153.S.obj
 .debug_line    0x0000060e     0x11f1 CMakeFiles/distributed_ecu.dir/D_/summer_school/mcuxsdk/mcuxsdk/devices/MCX/MCXA/MCXA153/drivers/fsl_clock.c.obj
 .debug_line    0x000017ff      0x35a CMakeFiles/distributed_ecu.dir/D_/summer_school/mcuxsdk/mcuxsdk/devices/MCX/MCXA/MCXA153/drivers/fsl_reset.c.obj
 .debug_line    0x00001b59      0x54d CMakeFiles/distributed_ecu.dir/D_/summer_school/mcuxsdk/mcuxsdk/drivers/gpio/fsl_gpio.c.obj
 .debug_line    0x000020a6     0x1a09 CMakeFiles/distributed_ecu.dir/D_/summer_school/mcuxsdk/mcuxsdk/drivers/lpi2c/fsl_lpi2c.c.obj
 .debug_line    0x00003aaf     0x179f CMakeFiles/distributed_ecu.dir/D_/summer_school/mcuxsdk/mcuxsdk/drivers/lpuart/fsl_lpuart.c.obj
 .debug_line    0x0000524e      0x9d0 CMakeFiles/distributed_ecu.dir/D_/summer_school/mcuxsdk/mcuxsdk/drivers/mcx_spc/fsl_spc.c.obj
 .debug_line    0x00005c1e      0x2ca CMakeFiles/distributed_ecu.dir/D_/summer_school/mcuxsdk/mcuxsdk/components/assert/fsl_assert.c.obj
 .debug_line    0x00005ee8      0x83a CMakeFiles/distributed_ecu.dir/D_/summer_school/mcuxsdk/mcuxsdk/components/debug_console_lite/fsl_debug_console.c.obj
 .debug_line    0x00006722      0x254 CMakeFiles/distributed_ecu.dir/D_/summer_school/mcuxsdk/mcuxsdk/components/misc_utilities/fsl_sbrk.c.obj
 .debug_line    0x00006976       0x88 CMakeFiles/distributed_ecu.dir/D_/summer_school/mcuxsdk/mcuxsdk/components/misc_utilities/fsl_memcpy.S.obj
 .debug_line    0x000069fe       0x6c CMakeFiles/distributed_ecu.dir/D_/summer_school/mcuxsdk/mcuxsdk/components/misc_utilities/fsl_memset.S.obj
 .debug_line    0x00006a6a      0x589 CMakeFiles/distributed_ecu.dir/D_/summer_school/mcuxsdk/mcuxsdk/components/uart/fsl_adapter_lpuart.c.obj
 .debug_line    0x00006ff3      0x292 CMakeFiles/distributed_ecu.dir/frdmmcxa153/frdmmcxa153/board.c.obj
 .debug_line    0x00007285      0x51f CMakeFiles/distributed_ecu.dir/frdmmcxa153/frdmmcxa153/clock_config.c.obj
 .debug_line    0x000077a4      0x473 CMakeFiles/distributed_ecu.dir/frdmmcxa153/led_blinky/pin_mux.c.obj
 .debug_line    0x00007c17      0x379 CMakeFiles/distributed_ecu.dir/frdmmcxa153/led_blinky/hardware_init.c.obj
 .debug_line    0x00007f90      0x6a5 CMakeFiles/distributed_ecu.dir/led_blinky.c.obj
 .debug_line    0x00008635      0x936 CMakeFiles/distributed_ecu.dir/link.c.obj
 .debug_line    0x00008f6b      0x21e CMakeFiles/distributed_ecu.dir/led_blinky/peripherals.c.obj

.debug_str      0x00000000     0x94c3
 .debug_str     0x00000000     0x94c3 CMakeFiles/distributed_ecu.dir/D_/summer_school/mcuxsdk/mcuxsdk/devices/MCX/MCXA/MCXA153/system_MCXA153.c.obj
                               0x146c (size before relaxing)
 .debug_str     0x000094c3     0x102c CMakeFiles/distributed_ecu.dir/D_/summer_school/mcuxsdk/mcuxsdk/devices/MCX/MCXA/MCXA153/gcc/startup_MCXA153.S.obj
 .debug_str     0x000094c3     0x29f6 CMakeFiles/distributed_ecu.dir/D_/summer_school/mcuxsdk/mcuxsdk/devices/MCX/MCXA/MCXA153/drivers/fsl_clock.c.obj
 .debug_str     0x000094c3      0xc32 CMakeFiles/distributed_ecu.dir/D_/summer_school/mcuxsdk/mcuxsdk/devices/MCX/MCXA/MCXA153/drivers/fsl_reset.c.obj
 .debug_str     0x000094c3     0x1aaf CMakeFiles/distributed_ecu.dir/D_/summer_school/mcuxsdk/mcuxsdk/drivers/gpio/fsl_gpio.c.obj
 .debug_str     0x000094c3     0x3a7c CMakeFiles/distributed_ecu.dir/D_/summer_school/mcuxsdk/mcuxsdk/drivers/lpi2c/fsl_lpi2c.c.obj
 .debug_str     0x000094c3     0x35c5 CMakeFiles/distributed_ecu.dir/D_/summer_school/mcuxsdk/mcuxsdk/drivers/lpuart/fsl_lpuart.c.obj
 .debug_str     0x000094c3     0x122f CMakeFiles/distributed_ecu.dir/D_/summer_school/mcuxsdk/mcuxsdk/drivers/mcx_spc/fsl_spc.c.obj